<html>
<body>
<pre>
<h1>礦ision Build Log</h1>
<h2>Project:</h2>
C:\Users\lxalxy\Desktop\加速度计测量角加速度\程序\AD_MPU\Project\MDK-ARM\Project.uvproj
Project File Date:  03/21/2016

<h2>Output:</h2>
Build target 'Target 1'
compiling main.c...
linking...
Program Size: Code=24028 RO-data=175824 RW-data=152 ZI-data=1220456  
FromELF: creating hex file...
".\SZW_STM32F407\Project.axf" - 0 Error(s), 0 Warning(s).
Load "C:\\Users\\lxalxy\\Desktop\\加速度计测量角加速度\\程序\\AD_MPU\\Project\\MDK-ARM\\SZW_STM32F407\\Project.axf" 
Erase Done.
Programming Done.
Verify OK.
</pre>
</body>
</html>
燃撇饬拷羌铀俣萛\程序\\AD_MPU\\Project\\MDK-ARM\\SZW_STM32F407\\Project.axf" 
Erase Done.
Programming Done.
Verify OK.
