Product: MDK-ARM Standard 5.10
Component: ARM Compiler 5.04 update 1 (build 49)
Tool: armlink [5040049]

==============================================================================

Section Cross References

    stm32f4xx_it.o(i.ADC_IRQHandler) refers to stm32f4xx_adc.o(i.ADC_GetITStatus) for ADC_GetITStatus
    stm32f4xx_it.o(i.ADC_IRQHandler) refers to stm32f4xx_adc.o(i.ADC_ClearITPendingBit) for ADC_ClearITPendingBit
    stm32f4xx_it.o(i.ADC_IRQHandler) refers to stm32f4xx_adc.o(i.ADC_Cmd) for ADC_Cmd
    stm32f4xx_it.o(i.ADC_IRQHandler) refers to printf1.o(i.__0printf$1) for __2printf
    stm32f4xx_it.o(i.BusFault_Handler) refers to printf1.o(i.__0printf$1) for __2printf
    stm32f4xx_it.o(i.DMA2_Stream0_IRQHandler) refers to stm32f4xx_dma.o(i.DMA_GetITStatus) for DMA_GetITStatus
    stm32f4xx_it.o(i.DMA2_Stream0_IRQHandler) refers to stm32f4xx_dma.o(i.DMA_ClearITPendingBit) for DMA_ClearITPendingBit
    stm32f4xx_it.o(i.HardFault_Handler) refers to printf1.o(i.__0printf$1) for __2printf
    stm32f4xx_it.o(i.MemManage_Handler) refers to printf1.o(i.__0printf$1) for __2printf
    stm32f4xx_it.o(i.NMI_Handler) refers to printf1.o(i.__0printf$1) for __2printf
    stm32f4xx_it.o(i.SDIO_IRQHandler) refers to printf1.o(i.__0printf$1) for __2printf
    stm32f4xx_it.o(i.SDIO_IRQHandler) refers to stm324x7i_eval_sdio_sd.o(i.SD_ProcessIRQSrc) for SD_ProcessIRQSrc
    stm32f4xx_it.o(i.SD_SDIO_DMA_IRQHANDLER) refers to printf1.o(i.__0printf$1) for __2printf
    stm32f4xx_it.o(i.SD_SDIO_DMA_IRQHANDLER) refers to stm324x7i_eval_sdio_sd.o(i.SD_ProcessDMAIRQ) for SD_ProcessDMAIRQ
    stm32f4xx_it.o(i.TIM3_IRQHandler) refers to stm32f4xx_tim.o(i.TIM_GetITStatus) for TIM_GetITStatus
    stm32f4xx_it.o(i.TIM3_IRQHandler) refers to stm32f4xx_gpio.o(i.GPIO_ReadInputDataBit) for GPIO_ReadInputDataBit
    stm32f4xx_it.o(i.TIM3_IRQHandler) refers to stm32f4xx_tim.o(i.TIM_ClearITPendingBit) for TIM_ClearITPendingBit
    stm32f4xx_it.o(i.TIM3_IRQHandler) refers to stm32f4xx_it.o(.data) for TimeCounter_1ms
    stm32f4xx_it.o(i.USART1_IRQHandler) refers to stm32f4xx_usart.o(i.USART_GetITStatus) for USART_GetITStatus
    stm32f4xx_it.o(i.USART1_IRQHandler) refers to stm32f4xx_usart.o(i.USART_ReceiveData) for USART_ReceiveData
    stm32f4xx_it.o(i.USART1_IRQHandler) refers to stm32f4xx_usart.o(i.USART_GetFlagStatus) for USART_GetFlagStatus
    stm32f4xx_it.o(i.USART1_IRQHandler) refers to stm32f4xx_it.o(.data) for UsartMessage
    stm32f4xx_it.o(i.UsageFault_Handler) refers to printf1.o(i.__0printf$1) for __2printf
    main.o(i.TIM4_IRQHandler) refers to stm32f4xx_tim.o(i.TIM_GetITStatus) for TIM_GetITStatus
    main.o(i.TIM4_IRQHandler) refers to mpu9250.o(i.READ_MPU9250_3_ACCEL) for READ_MPU9250_3_ACCEL
    main.o(i.TIM4_IRQHandler) refers to mpu9250.o(i.READ_MPU9250_2_ACCEL) for READ_MPU9250_2_ACCEL
    main.o(i.TIM4_IRQHandler) refers to mpu9250.o(i.READ_MPU9250_ACCEL) for READ_MPU9250_ACCEL
    main.o(i.TIM4_IRQHandler) refers to printf1.o(i.__0sprintf$1) for __2sprintf
    main.o(i.TIM4_IRQHandler) refers to queue.o(i.QUEUE_PacketIn) for QUEUE_PacketIn
    main.o(i.TIM4_IRQHandler) refers to stm32f4xx_tim.o(i.TIM_ClearITPendingBit) for TIM_ClearITPendingBit
    main.o(i.TIM4_IRQHandler) refers to main.o(.data) for isReady
    main.o(i.TIM4_IRQHandler) refers to main.o(.bss) for writebuf
    main.o(i.main) refers to delay.o(i.delay_init) for delay_init
    main.o(i.main) refers to peripherals.o(i.Peripherals_Init) for Peripherals_Init
    main.o(i.main) refers to printf.o(i.Printf_Init) for Printf_Init
    main.o(i.main) refers to peripherals.o(i.Timer4_Init) for Timer4_Init
    main.o(i.main) refers to stm324x7i_eval_sdio_sd.o(i.SD_NVIC_Configuration) for SD_NVIC_Configuration
    main.o(i.main) refers to ad7606.o(i.SPIx_Init) for SPIx_Init
    main.o(i.main) refers to ad7606.o(i.AD_GPIO_Init) for AD_GPIO_Init
    main.o(i.main) refers to ad7606.o(i.AD7606_Reset) for AD7606_Reset
    main.o(i.main) refers to ad7606.o(i.AD7606_Init) for AD7606_Init
    main.o(i.main) refers to i2c.o(i.IIC_Init) for IIC_Init
    main.o(i.main) refers to delay.o(i.delay_ms) for delay_ms
    main.o(i.main) refers to mpu9250.o(i.MPU9250_Init) for MPU9250_Init
    main.o(i.main) refers to i2c.o(i.IIC2_Init) for IIC2_Init
    main.o(i.main) refers to mpu9250.o(i.MPU9250_2_Init) for MPU9250_2_Init
    main.o(i.main) refers to i2c.o(i.IIC3_Init) for IIC3_Init
    main.o(i.main) refers to mpu9250.o(i.MPU9250_3_Init) for MPU9250_3_Init
    main.o(i.main) refers to mpu9250.o(i.MPU9250_Check) for MPU9250_Check
    main.o(i.main) refers to mpu9250.o(i.MPU9250_2_Check) for MPU9250_2_Check
    main.o(i.main) refers to mpu9250.o(i.MPU9250_3_Check) for MPU9250_3_Check
    main.o(i.main) refers to queue.o(i.QUEUE_PacketCreate) for QUEUE_PacketCreate
    main.o(i.main) refers to stm32f4xx_gpio.o(i.GPIO_ResetBits) for GPIO_ResetBits
    main.o(i.main) refers to stm32f4xx_gpio.o(i.GPIO_SetBits) for GPIO_SetBits
[...]
    .ARM.Collect$$$$00000000                 0x08000188   Section        0  entry.o(.ARM.Collect$$$$00000000)
    .ARM.Collect$$$$00000001                 0x08000188   Section        4  entry2.o(.ARM.Collect$$$$00000001)
    .ARM.Collect$$$$00000004                 0x0800018c   Section        4  entry5.o(.ARM.Collect$$$$00000004)
    .ARM.Collect$$$$00000008                 0x08000190   Section        0  entry7b.o(.ARM.Collect$$$$00000008)
    .ARM.Collect$$$$0000000A                 0x08000190   Section        0  entry8b.o(.ARM.Collect$$$$0000000A)
    .ARM.Collect$$$$0000000B                 0x08000190   Section        8  entry9a.o(.ARM.Collect$$$$0000000B)
    .ARM.Collect$$$$0000000D                 0x08000198   Section        0  entry10a.o(.ARM.Collect$$$$0000000D)
    .ARM.Collect$$$$0000000F                 0x08000198   Section        0  entry11a.o(.ARM.Collect$$$$0000000F)
    .ARM.Collect$$$$00002712                 0x08000198   Section        4  entry2.o(.ARM.Collect$$$$00002712)
    __lit__00000000                          0x08000198   Data           4  entry2.o(.ARM.Collect$$$$00002712)
    .text                                    0x0800019c   Section       36  startup_stm32f4xx.o(.text)
    $v0                                      0x0800019c   Number         0  startup_stm32f4xx.o(.text)
    .text                                    0x080001c0   Section        0  uldiv.o(.text)
    .text                                    0x08000222   Section        0  uidiv.o(.text)
    .text                                    0x0800024e   Section        0  llshl.o(.text)
    .text                                    0x0800026c   Section        0  llushr.o(.text)
    .text                                    0x0800028c   Section       36  init.o(.text)
    i.AD7606_Init                            0x080002b0   Section        0  ad7606.o(i.AD7606_Init)
    i.AD7606_Reset                           0x080002dc   Section        0  ad7606.o(i.AD7606_Reset)
    i.ADC_ClearITPendingBit                  0x08000318   Section        0  stm32f4xx_adc.o(i.ADC_ClearITPendingBit)
    i.ADC_Cmd                                0x08000322   Section        0  stm32f4xx_adc.o(i.ADC_Cmd)
    i.ADC_GetITStatus                        0x08000338   Section        0  stm32f4xx_adc.o(i.ADC_GetITStatus)
    i.ADC_IRQHandler                         0x08000360   Section        0  stm32f4xx_it.o(i.ADC_IRQHandler)
    i.AD_GPIO_Init                           0x080003ac   Section        0  ad7606.o(i.AD_GPIO_Init)
    i.BusFault_Handler                       0x080003fc   Section        0  stm32f4xx_it.o(i.BusFault_Handler)
    i.CmdError                               0x08000420   Section        0  stm324x7i_eval_sdio_sd.o(i.CmdError)
    CmdError                                 0x08000421   Thumb Code    44  stm324x7i_eval_sdio_sd.o(i.CmdError)
    i.CmdResp1Error                          0x0800044c   Section        0  stm324x7i_eval_sdio_sd.o(i.CmdResp1Error)
    CmdResp1Error                            0x0800044d   Thumb Code   298  stm324x7i_eval_sdio_sd.o(i.CmdResp1Error)
    i.CmdResp2Error                          0x08000580   Section        0  stm324x7i_eval_sdio_sd.o(i.CmdResp2Error)
    CmdResp2Error                            0x08000581   Thumb Code    70  stm324x7i_eval_sdio_sd.o(i.CmdResp2Error)
    i.CmdResp3Error                          0x080005cc   Section        0  stm324x7i_eval_sdio_sd.o(i.CmdResp3Error)
    CmdResp3Error                            0x080005cd   Thumb Code    52  stm324x7i_eval_sdio_sd.o(i.CmdResp3Error)
    i.CmdResp6Error                          0x08000604   Section        0  stm324x7i_eval_sdio_sd.o(i.CmdResp6Error)
    CmdResp6Error                            0x08000605   Thumb Code   152  stm324x7i_eval_sdio_sd.o(i.CmdResp6Error)
    i.CmdResp7Error                          0x080006a0   Section        0  stm324x7i_eval_sdio_sd.o(i.CmdResp7Error)
    CmdResp7Error                            0x080006a1   Thumb Code    72  stm324x7i_eval_sdio_sd.o(i.CmdResp7Error)
    i.DMA2_Stream0_IRQHandler                0x080006ec   Section        0  stm32f4xx_it.o(i.DMA2_Stream0_IRQHandler)
    i.DMA_ClearFlag                          0x0800070c   Section        0  stm32f4xx_dma.o(i.DMA_ClearFlag)
    i.DMA_ClearITPendingBit                  0x08000740   Section        0  stm32f4xx_dma.o(i.DMA_ClearITPendingBit)
    i.DMA_Cmd                                0x08000774   Section        0  stm32f4xx_dma.o(i.DMA_Cmd)
    i.DMA_DeInit                             0x0800078c   Section        0  stm32f4xx_dma.o(i.DMA_DeInit)
    i.DMA_FlowControllerConfig               0x080008e4   Section        0  stm32f4xx_dma.o(i.DMA_FlowControllerConfig)
    i.DMA_GetITStatus                        0x080008fc   Section        0  stm32f4xx_dma.o(i.DMA_GetITStatus)
    i.DMA_ITConfig                           0x08000960   Section        0  stm32f4xx_dma.o(i.DMA_ITConfig)
    i.DMA_Init                               0x0800099c   Section        0  stm32f4xx_dma.o(i.DMA_Init)
    i.DebugMon_Handler                       0x080009f4   Section        0  stm32f4xx_it.o(i.DebugMon_Handler)
    i.FindSCR                                0x080009f8   Section        0  stm324x7i_eval_sdio_sd.o(i.FindSCR)
    FindSCR                                  0x080009f9   Thumb Code   386  stm324x7i_eval_sdio_sd.o(i.FindSCR)
    i.GPIO_Init                              0x08000b8c   Section        0  stm32f4xx_gpio.o(i.GPIO_Init)
    i.GPIO_PinAFConfig                       0x08000c1c   Section        0  stm32f4xx_gpio.o(i.GPIO_PinAFConfig)
    i.GPIO_ReadInputDataBit                  0x08000c62   Section        0  stm32f4xx_gpio.o(i.GPIO_ReadInputDataBit)
    i.GPIO_ResetBits                         0x08000c74   Section        0  stm32f4xx_gpio.o(i.GPIO_ResetBits)
    i.GPIO_SetBits                           0x08000c78   Section        0  stm32f4xx_gpio.o(i.GPIO_SetBits)
    i.GPIO_StructInit                        0x08000c7c   Section        0  stm32f4xx_gpio.o(i.GPIO_StructInit)
    i.HardFault_Handler                      0x08000c90   Section        0  stm32f4xx_it.o(i.HardFault_Handler)
    i.IIC2_Ack                               0x08000cb4   Section        0  i2c.o(i.IIC2_Ack)
    i.IIC2_Init                              0x08000d04   Section        0  i2c.o(i.IIC2_Init)
    i.IIC2_NAck                              0x08000d50   Section        0  i2c.o(i.IIC2_NAck)
    i.IIC2_Read_Byte                         0x08000da0   Section        0  i2c.o(i.IIC2_Read_Byte)
    i.IIC2_Send_Byte                         0x08000e0c   Section        0  i2c.o(i.IIC2_Send_Byte)
    i.IIC2_Start                             0x08000e74   Section        0  i2c.o(i.IIC2_Start)
    i.IIC2_Stop                              0x08000ec0   Section        0  i2c.o(i.IIC2_Stop)
    i.IIC2_Wait_Ack                          0x08000f0c   Section        0  i2c.o(i.IIC2_Wait_Ack)
    i.IIC3_Ack                               0x08000f6c   Section        0  i2c.o(i.IIC3_Ack)
    i.IIC3_Init                              0x08000fbc   Section        0  i2c.o(i.IIC3_Init)
    i.IIC3_NAck                              0x08001004   Section        0  i2c.o(i.IIC3_NAck)
    i.IIC3_Read_Byte                         0x08001054   Section        0  i2c.o(i.IIC3_Read_Byte)
    i.IIC3_Send_Byte                         0x080010c0   Section        0  i2c.o(i.IIC3_Send_Byte)
    i.IIC3_Start                             0x08001128   Section        0  i2c.o(i.IIC3_Start)
    i.IIC3_Stop                              0x08001174   Section        0  i2c.o(i.IIC3_Stop)
    i.IIC3_Wait_Ack                          0x080011c0   Section        0  i2c.o(i.IIC3_Wait_Ack)
    i.IIC_Ack                                0x08001220   Section        0  i2c.o(i.IIC_Ack)
    i.IIC_Init                               0x08001270   Section        0  i2c.o(i.IIC_Init)
    i.IIC_NAck                               0x080012b8   Section        0  i2c.o(i.IIC_NAck)
    i.IIC_Read_Byte                          0x08001308   Section        0  i2c.o(i.IIC_Read_Byte)
    i.IIC_Send_Byte                          0x08001374   Section        0  i2c.o(i.IIC_Send_Byte)
    i.IIC_Start                              0x080013dc   Section        0  i2c.o(i.IIC_Start)
    i.IIC_Stop                               0x08001428   Section        0  i2c.o(i.IIC_Stop)
    i.IIC_Wait_Ack                           0x08001474   Section        0  i2c.o(i.IIC_Wait_Ack)
    i.MPU9250_2_Check                        0x080014d4   Section        0  mpu9250.o(i.MPU9250_2_Check)
    i.MPU9250_2_Init                         0x080014ee   Section        0  mpu9250.o(i.MPU9250_2_Init)
    i.MPU9250_2_ReadOneByte                  0x08001572   Section        0  mpu9250.o(i.MPU9250_2_ReadOneByte)
    i.MPU9250_2_WriteOneByte                 0x080015b2   Section        0  mpu9250.o(i.MPU9250_2_WriteOneByte)
    i.MPU9250_3_Check                        0x080015e2   Section        0  mpu9250.o(i.MPU9250_3_Check)
    i.MPU9250_3_Init                         0x080015fc   Section        0  mpu9250.o(i.MPU9250_3_Init)
    i.MPU9250_3_ReadOneByte                  0x08001680   Section        0  mpu9250.o(i.MPU9250_3_ReadOneByte)
    i.MPU9250_3_WriteOneByte                 0x080016c0   Section        0  mpu9250.o(i.MPU9250_3_WriteOneByte)
    i.MPU9250_Check                          0x080016f0   Section        0  mpu9250.o(i.MPU9250_Check)
    i.MPU9250_Init                           0x0800170a   Section        0  mpu9250.o(i.MPU9250_Init)
    i.MPU9250_ReadOneByte                    0x0800178e   Section        0  mpu9250.o(i.MPU9250_ReadOneByte)
    i.MPU9250_WriteOneByte                   0x080017ce   Section        0  mpu9250.o(i.MPU9250_WriteOneByte)
    i.MemManage_Handler                      0x08001800   Section        0  stm32f4xx_it.o(i.MemManage_Handler)
    i.NMI_Handler                            0x08001824   Section        0  stm32f4xx_it.o(i.NMI_Handler)
    i.NVIC_Init                              0x08001840   Section        0  misc.o(i.NVIC_Init)
    i.NVIC_PriorityGroupConfig               0x080018b8   Section        0  misc.o(i.NVIC_PriorityGroupConfig)
    i.PendSV_Handler                         0x080018cc   Section        0  stm32f4xx_it.o(i.PendSV_Handler)
    i.Peripherals_Init                       0x080018d0   Section        0  peripherals.o(i.Peripherals_Init)
    i.Printf_Init                            0x08001930   Section        0  printf.o(i.Printf_Init)
    i.QUEUE_PacketCreate                     0x08001a94   Section        0  queue.o(i.QUEUE_PacketCreate)
    i.QUEUE_PacketIn                         0x08001ab4   Section        0  queue.o(i.QUEUE_PacketIn)
    i.QUEUE_PacketOut                        0x08001b26   Section        0  queue.o(i.QUEUE_PacketOut)
    i.RCC_AHB1PeriphClockCmd                 0x08001b80   Section        0  stm32f4xx_rcc.o(i.RCC_AHB1PeriphClockCmd)
    i.RCC_APB1PeriphClockCmd                 0x08001ba0   Section        0  stm32f4xx_rcc.o(i.RCC_APB1PeriphClockCmd)
    i.RCC_APB2PeriphClockCmd                 0x08001bc0   Section        0  stm32f4xx_rcc.o(i.RCC_APB2PeriphClockCmd)
    i.RCC_APB2PeriphResetCmd                 0x08001be0   Section        0  stm32f4xx_rcc.o(i.RCC_APB2PeriphResetCmd)
    i.RCC_GetClocksFreq                      0x08001c00   Section        0  stm32f4xx_rcc.o(i.RCC_GetClocksFreq)
    i.READ_MPU9250_2_ACCEL                   0x08001ce8   Section        0  mpu9250.o(i.READ_MPU9250_2_ACCEL)
    i.READ_MPU9250_3_ACCEL                   0x08001d74   Section        0  mpu9250.o(i.READ_MPU9250_3_ACCEL)
    i.READ_MPU9250_ACCEL                     0x08001e00   Section        0  mpu9250.o(i.READ_MPU9250_ACCEL)
    i.SDEnWideBus                            0x08001e8c   Section        0  stm324x7i_eval_sdio_sd.o(i.SDEnWideBus)
    SDEnWideBus                              0x08001e8d   Thumb Code   274  stm324x7i_eval_sdio_sd.o(i.SDEnWideBus)
    i.SDIO_ClearFlag                         0x08001fa8   Section        0  stm32f4xx_sdio.o(i.SDIO_ClearFlag)
    i.SDIO_ClearITPendingBit                 0x08001fb4   Section        0  stm32f4xx_sdio.o(i.SDIO_ClearITPendingBit)
    i.SDIO_ClockCmd                          0x08001fc0   Section        0  stm32f4xx_sdio.o(i.SDIO_ClockCmd)
    i.SDIO_DMACmd                            0x08001fcc   Section        0  stm32f4xx_sdio.o(i.SDIO_DMACmd)
    i.SDIO_DataConfig                        0x08001fd8   Section        0  stm32f4xx_sdio.o(i.SDIO_DataConfig)
    i.SDIO_DeInit                            0x0800200c   Section        0  stm32f4xx_sdio.o(i.SDIO_DeInit)
    i.SDIO_GetCommandResponse                0x08002024   Section        0  stm32f4xx_sdio.o(i.SDIO_GetCommandResponse)
    i.SDIO_GetFlagStatus                     0x08002030   Section        0  stm32f4xx_sdio.o(i.SDIO_GetFlagStatus)
    i.SDIO_GetITStatus                       0x08002048   Section        0  stm32f4xx_sdio.o(i.SDIO_GetITStatus)
    i.SDIO_GetPowerState                     0x08002060   Section        0  stm32f4xx_sdio.o(i.SDIO_GetPowerState)
    i.SDIO_GetResponse                       0x08002070   Section        0  stm32f4xx_sdio.o(i.SDIO_GetResponse)
    i.SDIO_IRQHandler                        0x08002088   Section        0  stm32f4xx_it.o(i.SDIO_IRQHandler)
    i.SDIO_ITConfig                          0x080020ac   Section        0  stm32f4xx_sdio.o(i.SDIO_ITConfig)
    i.SDIO_Init                              0x080020cc   Section        0  stm32f4xx_sdio.o(i.SDIO_Init)
    i.SDIO_ReadData                          0x080020fc   Section        0  stm32f4xx_sdio.o(i.SDIO_ReadData)
    i.SDIO_SendCommand                       0x08002108   Section        0  stm32f4xx_sdio.o(i.SDIO_SendCommand)
    i.SDIO_SetPowerState                     0x08002134   Section        0  stm32f4xx_sdio.o(i.SDIO_SetPowerState)
    i.SD_Detect                              0x08002140   Section        0  stm324x7i_eval_sdio_sd.o(i.SD_Detect)
    i.SD_EnableWideBusOperation              0x08002160   Section        0  stm324x7i_eval_sdio_sd.o(i.SD_EnableWideBusOperation)
    i.SD_GetCardInfo                         0x080021f0   Section        0  stm324x7i_eval_sdio_sd.o(i.SD_GetCardInfo)
    i.SD_GetState                            0x0800250c   Section        0  stm324x7i_eval_sdio_sd.o(i.SD_GetState)
    i.SD_GetStatus                           0x08002532   Section        0  stm324x7i_eval_sdio_sd.o(i.SD_GetStatus)
    i.SD_Init                                0x08002550   Section        0  stm324x7i_eval_sdio_sd.o(i.SD_Init)
    i.SD_InitializeCards                     0x080025d8   Section        0  stm324x7i_eval_sdio_sd.o(i.SD_InitializeCards)
    i.SD_LowLevel_DMA_RxConfig               0x08002714   Section        0  stm324x7i_eval_sdio_sd.o(i.SD_LowLevel_DMA_RxConfig)
    i.SD_LowLevel_DMA_TxConfig               0x080027a0   Section        0  stm324x7i_eval_sdio_sd.o(i.SD_LowLevel_DMA_TxConfig)
    i.SD_LowLevel_Init                       0x08002830   Section        0  stm324x7i_eval_sdio_sd.o(i.SD_LowLevel_Init)
    i.SD_NVIC_Configuration                  0x080028f4   Section        0  stm324x7i_eval_sdio_sd.o(i.SD_NVIC_Configuration)
    i.SD_PowerON                             0x0800291c   Section        0  stm324x7i_eval_sdio_sd.o(i.SD_PowerON)
    i.SD_ProcessIRQSrc                       0x08002abc   Section        0  stm324x7i_eval_sdio_sd.o(i.SD_ProcessIRQSrc)
    i.SD_ReadBlock                           0x08002b68   Section        0  stm324x7i_eval_sdio_sd.o(i.SD_ReadBlock)
    i.SD_ReadMultiBlocksFIXED                0x08002c58   Section        0  stm324x7i_eval_sdio_sd.o(i.SD_ReadMultiBlocksFIXED)
    i.SD_SelectDeselect                      0x08002d44   Section        0  stm324x7i_eval_sdio_sd.o(i.SD_SelectDeselect)
    i.SD_SendStatus                          0x08002d7c   Section        0  stm324x7i_eval_sdio_sd.o(i.SD_SendStatus)
    i.SD_StopTransfer                        0x08002dd0   Section        0  stm324x7i_eval_sdio_sd.o(i.SD_StopTransfer)
    i.SD_WaitReadOperation                   0x08002e04   Section        0  stm324x7i_eval_sdio_sd.o(i.SD_WaitReadOperation)
    i.SD_WaitWriteOperation                  0x08002e84   Section        0  stm324x7i_eval_sdio_sd.o(i.SD_WaitWriteOperation)
    i.SD_WriteBlock                          0x08002f04   Section        0  stm324x7i_eval_sdio_sd.o(i.SD_WriteBlock)
    i.SD_WriteMultiBlocksFIXED               0x08002ff0   Section        0  stm324x7i_eval_sdio_sd.o(i.SD_WriteMultiBlocksFIXED)
    i.SPI_Cmd                                0x08003138   Section        0  stm32f4xx_spi.o(i.SPI_Cmd)
    i.SPI_Init                               0x08003150   Section        0  stm32f4xx_spi.o(i.SPI_Init)
    i.SPIx_Init                              0x0800318c   Section        0  ad7606.o(i.SPIx_Init)
    i.SVC_Handler                            0x0800323c   Section        0  stm32f4xx_it.o(i.SVC_Handler)
    i.SetSysClock                            0x08003240   Section        0  system_stm32f4xx.o(i.SetSysClock)
    SetSysClock                              0x08003241   Thumb Code   220  system_stm32f4xx.o(i.SetSysClock)
    i.SysTick_CLKSourceConfig                0x0800332c   Section        0  misc.o(i.SysTick_CLKSourceConfig)
    i.SysTick_Handler                        0x08003354   Section        0  stm32f4xx_it.o(i.SysTick_Handler)
    i.SystemInit                             0x08003358   Section        0  system_stm32f4xx.o(i.SystemInit)
    i.TIM3_IRQHandler                        0x080033c0   Section        0  stm32f4xx_it.o(i.TIM3_IRQHandler)
    i.TIM4_IRQHandler                        0x0800343c   Section        0  main.o(i.TIM4_IRQHandler)
    i.TIM_ClearITPendingBit                  0x080034f0   Section        0  stm32f4xx_tim.o(i.TIM_ClearITPendingBit)
    i.TIM_Cmd                                0x080034f6   Section        0  stm32f4xx_tim.o(i.TIM_Cmd)
    i.TIM_GetITStatus                        0x0800350e   Section        0  stm32f4xx_tim.o(i.TIM_GetITStatus)
    i.TIM_ITConfig                           0x08003530   Section        0  stm32f4xx_tim.o(i.TIM_ITConfig)
    i.TIM_TimeBaseInit                       0x08003544   Section        0  stm32f4xx_tim.o(i.TIM_TimeBaseInit)
    i.Timer4_Init                            0x080035c8   Section        0  peripherals.o(i.Timer4_Init)
    i.USART1_IRQHandler                      0x08003620   Section        0  stm32f4xx_it.o(i.USART1_IRQHandler)
    i.USART_ClockInit                        0x08003654   Section        0  stm32f4xx_usart.o(i.USART_ClockInit)
    i.USART_ClockStructInit                  0x08003674   Section        0  stm32f4xx_usart.o(i.USART_ClockStructInit)
    i.USART_Cmd                              0x08003680   Section        0  stm32f4xx_usart.o(i.USART_Cmd)
    i.USART_GetFlagStatus                    0x08003698   Section        0  stm32f4xx_usart.o(i.USART_GetFlagStatus)
    i.USART_GetITStatus                      0x080036b2   Section        0  stm32f4xx_usart.o(i.USART_GetITStatus)
    i.USART_ITConfig                         0x08003706   Section        0  stm32f4xx_usart.o(i.USART_ITConfig)
    i.USART_Init                             0x08003750   Section        0  stm32f4xx_usart.o(i.USART_Init)
    i.USART_ReceiveData                      0x08003824   Section        0  stm32f4xx_usart.o(i.USART_ReceiveData)
    i.USART_SendData                         0x0800382e   Section        0  stm32f4xx_usart.o(i.USART_SendData)
    i.USART_StructInit                       0x08003836   Section        0  stm32f4xx_usart.o(i.USART_StructInit)
    i.UsageFault_Handler                     0x08003850   Section        0  stm32f4xx_it.o(i.UsageFault_Handler)
    i.__0printf$1                            0x08003874   Section        0  printf1.o(i.__0printf$1)
    i.__0sprintf$1                           0x08003894   Section        0  printf1.o(i.__0sprintf$1)
    i.__scatterload_copy                     0x080038bc   Section       14  handlers.o(i.__scatterload_copy)
    i.__scatterload_null                     0x080038ca   Section        2  handlers.o(i.__scatterload_null)
    i.__scatterload_zeroinit                 0x080038cc   Section       14  handlers.o(i.__scatterload_zeroinit)
    i._printf_core                           0x080038dc   Section        0  printf1.o(i._printf_core)
    _printf_core                             0x080038dd   Thumb Code   336  printf1.o(i._printf_core)
    i._sputc                                 0x08003a30   Section        0  printf1.o(i._sputc)
    _sputc                                   0x08003a31   Thumb Code    10  printf1.o(i._sputc)
    i.check_fs                               0x08003a3c   Section        0  ff.o(i.check_fs)
    check_fs                                 0x08003a3d   Thumb Code   138  ff.o(i.check_fs)
    i.chk_chr                                0x08003acc   Section        0  ff.o(i.chk_chr)
    chk_chr                                  0x08003acd   Thumb Code    20  ff.o(i.chk_chr)
    i.chk_mounted                            0x08003ae0   Section        0  ff.o(i.chk_mounted)
    chk_mounted                              0x08003ae1   Thumb Code   912  ff.o(i.chk_mounted)
    i.clust2sect                             0x08003e84   Section        0  ff.o(i.clust2sect)
    i.create_chain                           0x08003e9e   Section        0  ff.o(i.create_chain)
    create_chain                             0x08003e9f   Thumb Code   202  ff.o(i.create_chain)
    i.create_name                            0x08003f68   Section        0  ff.o(i.create_name)
    create_name                              0x08003f69   Thumb Code   348  ff.o(i.create_name)
    i.delay_init                             0x080040d8   Section        0  delay.o(i.delay_init)
    i.delay_ms                               0x08004114   Section        0  delay.o(i.delay_ms)
    i.delay_us                               0x0800414c   Section        0  delay.o(i.delay_us)
    i.delay_xms                              0x08004198   Section        0  delay.o(i.delay_xms)
    i.dir_alloc                              0x080041e4   Section        0  ff.o(i.dir_alloc)
    dir_alloc                                0x080041e5   Thumb Code    86  ff.o(i.dir_alloc)
    i.dir_find                               0x0800423a   Section        0  ff.o(i.dir_find)
    dir_find                                 0x0800423b   Thumb Code    92  ff.o(i.dir_find)
    i.dir_next                               0x08004296   Section        0  ff.o(i.dir_next)
    dir_next                                 0x08004297   Thumb Code   276  ff.o(i.dir_next)
    i.dir_register                           0x080043aa   Section        0  ff.o(i.dir_register)
    dir_register                             0x080043ab   Thumb Code    58  ff.o(i.dir_register)
    i.dir_sdi                                0x080043e4   Section        0  ff.o(i.dir_sdi)
    dir_sdi                                  0x080043e5   Thumb Code   156  ff.o(i.dir_sdi)
    i.disk_initialize                        0x08004480   Section        0  diskio.o(i.disk_initialize)
    i.disk_ioctl                             0x080044c0   Section        0  diskio.o(i.disk_ioctl)
    i.disk_read                              0x080044c6   Section        0  diskio.o(i.disk_read)
    i.disk_status                            0x08004550   Section        0  diskio.o(i.disk_status)
    i.disk_write                             0x0800456c   Section        0  diskio.o(i.disk_write)
    i.f_close                                0x080045f6   Section        0  ff.o(i.f_close)
    i.f_mount                                0x0800460c   Section        0  ff.o(i.f_mount)
    i.f_open                                 0x08004638   Section        0  ff.o(i.f_open)
    i.f_printf                               0x08004796   Section        0  ff.o(i.f_printf)
    i.f_putc                                 0x08004a48   Section        0  ff.o(i.f_putc)
    i.f_puts                                 0x08004a7a   Section        0  ff.o(i.f_puts)
    i.f_sync                                 0x08004aa4   Section        0  ff.o(i.f_sync)
    i.f_write                                0x08004b54   Section        0  ff.o(i.f_write)
    i.follow_path                            0x08004d60   Section        0  ff.o(i.follow_path)
    follow_path                              0x08004d61   Thumb Code   174  ff.o(i.follow_path)
    i.fputc                                  0x08004e10   Section        0  printf.o(i.fputc)
    i.get_fat                                0x08004e34   Section        0  ff.o(i.get_fat)
    i.get_fattime                            0x08004f18   Section        0  diskio.o(i.get_fattime)
    i.ld_clust                               0x08004f20   Section        0  ff.o(i.ld_clust)
    ld_clust                                 0x08004f21   Thumb Code    32  ff.o(i.ld_clust)
    i.main                                   0x08004f40   Section        0  main.o(i.main)
    i.mem_cmp                                0x0800513c   Section        0  ff.o(i.mem_cmp)
    mem_cmp                                  0x0800513d   Thumb Code    38  ff.o(i.mem_cmp)
    i.mem_cpy                                0x08005162   Section        0  ff.o(i.mem_cpy)
    mem_cpy                                  0x08005163   Thumb Code    26  ff.o(i.mem_cpy)
    i.mem_set                                0x0800517c   Section        0  ff.o(i.mem_set)
    mem_set                                  0x0800517d   Thumb Code    20  ff.o(i.mem_set)
    i.move_window                            0x08005190   Section        0  ff.o(i.move_window)
    move_window                              0x08005191   Thumb Code    50  ff.o(i.move_window)
    i.put_fat                                0x080051c2   Section        0  ff.o(i.put_fat)
    i.remove_chain                           0x080052f8   Section        0  ff.o(i.remove_chain)
    remove_chain                             0x080052f9   Thumb Code   104  ff.o(i.remove_chain)
    i.st_clust                               0x08005360   Section        0  ff.o(i.st_clust)
    st_clust                                 0x08005361   Thumb Code    16  ff.o(i.st_clust)
    i.sync_fs                                0x08005370   Section        0  ff.o(i.sync_fs)
    sync_fs                                  0x08005371   Thumb Code   200  ff.o(i.sync_fs)
    i.sync_window                            0x08005438   Section        0  ff.o(i.sync_window)
    sync_window                              0x08005439   Thumb Code    82  ff.o(i.sync_window)
    i.validate                               0x0800548a   Section        0  ff.o(i.validate)
    validate                                 0x0800548b   Thumb Code    54  ff.o(i.validate)
    .constdata                               0x080054c0   Section      128  ff.o(.constdata)
    ExCvt                                    0x080054c0   Data         128  ff.o(.constdata)
    .data                                    0x20000000   Section        8  stm32f4xx_it.o(.data)
    .data                                    0x20000008   Section       54  main.o(.data)
    .data                                    0x2000003e   Section       16  stm32f4xx_rcc.o(.data)
    APBAHBPrescTable                         0x2000003e   Data          16  stm32f4xx_rcc.o(.data)
    .data                                    0x2000004e   Section        1  diskio.o(.data)
    .data                                    0x20000050   Section        7  ff.o(.data)
    FatFs                                    0x20000050   Data           4  ff.o(.data)
    Fsid                                     0x20000054   Data           2  ff.o(.data)
    CurrVol                                  0x20000056   Data           1  ff.o(.data)
    .data                                    0x20000058   Section        4  delay.o(.data)
    fac_us                                   0x20000058   Data           1  delay.o(.data)
    fac_ms                                   0x2000005a   Data           2  delay.o(.data)
    .data                                    0x2000005c   Section       24  stm324x7i_eval_sdio_sd.o(.data)
    CardType                                 0x2000005c   Data           4  stm324x7i_eval_sdio_sd.o(.data)
    RCA                                      0x20000060   Data           4  stm324x7i_eval_sdio_sd.o(.data)
    .data                                    0x20000074   Section        4  stdout.o(.data)
    .bss                                     0x20000078   Section     2340  main.o(.bss)
    SD_WRITE_BUFF                            0x2000058a   Data        1024  main.o(.bss)
    SD_WRITE_QUEUE                           0x2000098c   Data          16  main.o(.bss)
    .bss                                     0x200009a0   Section      204  stm324x7i_eval_sdio_sd.o(.bss)
    CSD_Tab                                  0x200009a0   Data          16  stm324x7i_eval_sdio_sd.o(.bss)
    CID_Tab                                  0x200009b0   Data          16  stm324x7i_eval_sdio_sd.o(.bss)
    SDSTATUS_Tab                             0x200009c0   Data          16  stm324x7i_eval_sdio_sd.o(.bss)
    STACK                                    0x20000a70   Section     1024  startup_stm32f4xx.o(STACK)

    Global Symbols

    Symbol Name                              Value     Ov Type        Size  Object(Section)

    BuildAttributes$$THM_ISAv4$E$P$D$K$B$S$7EM$VFPi3$EXTD16$VFPS$VFMA$PE$A:L22UL41UL21$X:L11$S22US41US21$IEEE1$IW$USESV6$~STKCKD$USESV7$~SHL$OSPACE$ROPI$EBA8$MICROLIB$REQ8$PRES8$EABIv2 0x00000000   Number         0  anon$$obj.o ABSOLUTE
    __ARM_use_no_argv                        0x00000000   Number         0  main.o ABSOLUTE
    _printf_a                                0x00000000   Number         0  stubs.o ABSOLUTE
    _printf_c                                0x00000000   Number         0  stubs.o ABSOLUTE
    _printf_charcount                        0x00000000   Number         0  stubs.o ABSOLUTE
    _printf_d                                0x00000000   Number         0  stubs.o ABSOLUTE
    _printf_e                                0x00000000   Number         0  stubs.o ABSOLUTE
    _printf_f                                0x00000000   Number         0  stubs.o ABSOLUTE
    _printf_flags                            0x00000000   Number         0  stubs.o ABSOLUTE
    _printf_fp_dec                           0x00000000   Number         0  stubs.o ABSOLUTE
    _printf_fp_hex                           0x00000000   Number         0  stubs.o ABSOLUTE
    _printf_g                                0x00000000   Number         0  stubs.o ABSOLUTE
    _printf_i                                0x00000000   Number         0  stubs.o ABSOLUTE
    _printf_int_dec                          0x00000000   Number         0  stubs.o ABSOLUTE
    _printf_l                                0x00000000   Number         0  stubs.o ABSOLUTE
    _printf_lc                               0x00000000   Number         0  stubs.o ABSOLUTE
    _printf_ll                               0x00000000   Number         0  stubs.o ABSOLUTE
    _printf_lld                              0x00000000   Number         0  stubs.o ABSOLUTE
    _printf_lli                              0x00000000   Number         0  stubs.o ABSOLUTE
    _printf_llo                              0x00000000   Number         0  stubs.o ABSOLUTE
    _printf_llu                              0x00000000   Number         0  stubs.o ABSOLUTE
    _printf_llx                              0x00000000   Number         0  stubs.o ABSOLUTE
    _printf_longlong_dec                     0x00000000   Number         0  stubs.o ABSOLUTE
    _printf_longlong_hex                     0x00000000   Number         0  stubs.o ABSOLUTE
    _printf_longlong_oct                     0x00000000   Number         0  stubs.o ABSOLUTE
    _printf_ls                               0x00000000   Number         0  stubs.o ABSOLUTE
    _printf_mbtowc                           0x00000000   Number         0  stubs.o ABSOLUTE
    _printf_n                                0x00000000   Number         0  stubs.o ABSOLUTE
    _printf_o                                0x00000000   Number         0  stubs.o ABSOLUTE
    _printf_p                                0x00000000   Number         0  stubs.o ABSOLUTE
    _printf_percent                          0x00000000   Number         0  stubs.o ABSOLUTE
    _printf_pre_padding                      0x00000000   Number         0  stubs.o ABSOLUTE
    _printf_return_value                     0x00000000   Number         0  stubs.o ABSOLUTE
    _printf_s                                0x00000000   Number         0  stubs.o ABSOLUTE
    _printf_sizespec                         0x00000000   Number         0  stubs.o ABSOLUTE
    _printf_str                              0x00000000   Number         0  stubs.o ABSOLUTE
    _printf_truncate_signed                  0x00000000   Number         0  stubs.o ABSOLUTE
    _printf_truncate_unsigned                0x00000000   Number         0  stubs.o ABSOLUTE
    _printf_u                                0x00000000   Number         0  stubs.o ABSOLUTE
    _printf_wc                               0x00000000   Number         0  stubs.o ABSOLUTE
    _printf_wctomb                           0x00000000   Number         0  stubs.o ABSOLUTE
    _printf_widthprec                        0x00000000   Number         0  stubs.o ABSOLUTE
    _printf_x                                0x00000000   Number         0  stubs.o ABSOLUTE
    __cpp_initialize__aeabi_                  - Undefined Weak Reference
    __cxa_finalize                            - Undefined Weak Reference
    __decompress                              - Undefined Weak Reference
    _clock_init                               - Undefined Weak Reference
    _microlib_exit                            - Undefined Weak Reference
    __Vectors_Size                           0x00000188   Number         0  startup_stm32f4xx.o ABSOLUTE
    __Vectors                                0x08000000   Data           4  startup_stm32f4xx.o(RESET)
    __Vectors_End                            0x08000188   Data           0  startup_stm32f4xx.o(RESET)
    __main                                   0x08000189   Thumb Code     0  entry.o(.ARM.Collect$$$$00000000)
    _main_stk                                0x08000189   Thumb Code     0  entry2.o(.ARM.Collect$$$$00000001)
    _main_scatterload                        0x0800018d   Thumb Code     0  entry5.o(.ARM.Collect$$$$00000004)
    __main_after_scatterload                 0x08000191   Thumb Code     0  entry5.o(.ARM.Collect$$$$00000004)
    _main_clock                              0x08000191   Thumb Code     0  entry7b.o(.ARM.Collect$$$$00000008)
    _main_cpp_init                           0x08000191   Thumb Code     0  entry8b.o(.ARM.Collect$$$$0000000A)
    _main_init                               0x08000191   Thumb Code     0  entry9a.o(.ARM.Collect$$$$0000000B)
    __rt_final_cpp                           0x08000199   Thumb Code     0  entry10a.o(.ARM.Collect$$$$0000000D)
    __rt_final_exit                          0x08000199   Thumb Code     0  entry11a.o(.ARM.Collect$$$$0000000F)
    Reset_Handler                            0x0800019d   Thumb Code     8  startup_stm32f4xx.o(.text)
    CAN1_RX0_IRQHandler                      0x080001b7   Thumb Code     0  startup_stm32f4xx.o(.text)
    CAN1_RX1_IRQHandler                      0x080001b7   Thumb Code     0  startup_stm32f4xx.o(.text)
    CAN1_SCE_IRQHandler                      0x080001b7   Thumb Code     0  startup_stm32f4xx.o(.text)
    CAN1_TX_IRQHandler                       0x080001b7   Thumb Code     0  startup_stm32f4xx.o(.text)
    CAN2_RX0_IRQHandler                      0x080001b7   Thumb Code     0  startup_stm32f4xx.o(.text)
    CAN2_RX1_IRQHandler                      0x080001b7   Thumb Code     0  startup_stm32f4xx.o(.text)
    CAN2_SCE_IRQHandler                      0x080001b7   Thumb Code     0  startup_stm32f4xx.o(.text)
    CAN2_TX_IRQHandler                       0x080001b7   Thumb Code     0  startup_stm32f4xx.o(.text)
    CRYP_IRQHandler                          0x080001b7   Thumb Code     0  startup_stm32f4xx.o(.text)
    DCMI_IRQHandler                          0x080001b7   Thumb Code     0  startup_stm32f4xx.o(.text)
    DMA1_Stream0_IRQHandler                  0x080001b7   Thumb Code     0  startup_stm32f4xx.o(.text)
    DMA1_Stream1_IRQHandler                  0x080001b7   Thumb Code     0  startup_stm32f4xx.o(.text)
    DMA1_Stream2_IRQHandler                  0x080001b7   Thumb Code     0  startup_stm32f4xx.o(.text)
    DMA1_Stream3_IRQHandler                  0x080001b7   Thumb Code     0  startup_stm32f4xx.o(.text)
    DMA1_Stream4_IRQHandler                  0x080001b7   Thumb Code     0  startup_stm32f4xx.o(.text)
    DMA1_Stream5_IRQHandler                  0x080001b7   Thumb Code     0  startup_stm32f4xx.o(.text)
    DMA1_Stream6_IRQHandler                  0x080001b7   Thumb Code     0  startup_stm32f4xx.o(.text)
    DMA1_Stream7_IRQHandler                  0x080001b7   Thumb Code     0  startup_stm32f4xx.o(.text)
    DMA2_Stream1_IRQHandler                  0x080001b7   Thumb Code     0  startup_stm32f4xx.o(.text)
    DMA2_Stream2_IRQHandler                  0x080001b7   Thumb Code     0  startup_stm32f4xx.o(.text)
    DMA2_Stream3_IRQHandler                  0x080001b7   Thumb Code     0  startup_stm32f4xx.o(.text)
    DMA2_Stream4_IRQHandler                  0x080001b7   Thumb Code     0  startup_stm32f4xx.o(.text)
    DMA2_Stream5_IRQHandler                  0x080001b7   Thumb Code     0  startup_stm32f4xx.o(.text)
    DMA2_Stream6_IRQHandler                  0x080001b7   Thumb Code     0  startup_stm32f4xx.o(.text)
    DMA2_Stream7_IRQHandler                  0x080001b7   Thumb Code     0  startup_stm32f4xx.o(.text)
    ETH_IRQHandler                           0x080001b7   Thumb Code     0  startup_stm32f4xx.o(.text)
    ETH_WKUP_IRQHandler                      0x080001b7   Thumb Code     0  startup_stm32f4xx.o(.text)
    EXTI0_IRQHandler                         0x080001b7   Thumb Code     0  startup_stm32f4xx.o(.text)
    EXTI15_10_IRQHandler                     0x080001b7   Thumb Code     0  startup_stm32f4xx.o(.text)
    EXTI1_IRQHandler                         0x080001b7   Thumb Code     0  startup_stm32f4xx.o(.text)
    EXTI2_IRQHandler                         0x080001b7   Thumb Code     0  startup_stm32f4xx.o(.text)
    EXTI3_IRQHandler                         0x080001b7   Thumb Code     0  startup_stm32f4xx.o(.text)
    EXTI4_IRQHandler                         0x080001b7   Thumb Code     0  startup_stm32f4xx.o(.text)
    EXTI9_5_IRQHandler                       0x080001b7   Thumb Code     0  startup_stm32f4xx.o(.text)
    FLASH_IRQHandler                         0x080001b7   Thumb Code     0  startup_stm32f4xx.o(.text)
    FPU_IRQHandler                           0x080001b7   Thumb Code     0  startup_stm32f4xx.o(.text)
    FSMC_IRQHandler                          0x080001b7   Thumb Code     0  startup_stm32f4xx.o(.text)
    HASH_RNG_IRQHandler                      0x080001b7   Thumb Code     0  startup_stm32f4xx.o(.text)
    I2C1_ER_IRQHandler                       0x080001b7   Thumb Code     0  startup_stm32f4xx.o(.text)
    I2C1_EV_IRQHandler                       0x080001b7   Thumb Code     0  startup_stm32f4xx.o(.text)
    I2C2_ER_IRQHandler                       0x080001b7   Thumb Code     0  startup_stm32f4xx.o(.text)
    I2C2_EV_IRQHandler                       0x080001b7   Thumb Code     0  startup_stm32f4xx.o(.text)
    I2C3_ER_IRQHandler                       0x080001b7   Thumb Code     0  startup_stm32f4xx.o(.text)
    I2C3_EV_IRQHandler                       0x080001b7   Thumb Code     0  startup_stm32f4xx.o(.text)
    OTG_FS_IRQHandler                        0x080001b7   Thumb Code     0  startup_stm32f4xx.o(.text)
    OTG_FS_WKUP_IRQHandler                   0x080001b7   Thumb Code     0  startup_stm32f4xx.o(.text)
    OTG_HS_EP1_IN_IRQHandler                 0x080001b7   Thumb Code     0  startup_stm32f4xx.o(.text)
    OTG_HS_EP1_OUT_IRQHandler                0x080001b7   Thumb Code     0  startup_stm32f4xx.o(.text)
    OTG_HS_IRQHandler                        0x080001b7   Thumb Code     0  startup_stm32f4xx.o(.text)
    OTG_HS_WKUP_IRQHandler                   0x080001b7   Thumb Code     0  startup_stm32f4xx.o(.text)
    PVD_IRQHandler                           0x080001b7   Thumb Code     0  startup_stm32f4xx.o(.text)
    RCC_IRQHandler                           0x080001b7   Thumb Code     0  startup_stm32f4xx.o(.text)
    RTC_Alarm_IRQHandler                     0x080001b7   Thumb Code     0  startup_stm32f4xx.o(.text)
    RTC_WKUP_IRQHandler                      0x080001b7   Thumb Code     0  startup_stm32f4xx.o(.text)
    SPI1_IRQHandler                          0x080001b7   Thumb Code     0  startup_stm32f4xx.o(.text)
    SPI2_IRQHandler                          0x080001b7   Thumb Code     0  startup_stm32f4xx.o(.text)
    SPI3_IRQHandler                          0x080001b7   Thumb Code     0  startup_stm32f4xx.o(.text)
    TAMP_STAMP_IRQHandler                    0x080001b7   Thumb Code     0  startup_stm32f4xx.o(.text)
    TIM1_BRK_TIM9_IRQHandler                 0x080001b7   Thumb Code     0  startup_stm32f4xx.o(.text)
    TIM1_CC_IRQHandler                       0x080001b7   Thumb Code     0  startup_stm32f4xx.o(.text)
    TIM1_TRG_COM_TIM11_IRQHandler            0x080001b7   Thumb Code     0  startup_stm32f4xx.o(.text)
    TIM1_UP_TIM10_IRQHandler                 0x080001b7   Thumb Code     0  startup_stm32f4xx.o(.text)
    TIM2_IRQHandler                          0x080001b7   Thumb Code     0  startup_stm32f4xx.o(.text)
    TIM5_IRQHandler                          0x080001b7   Thumb Code     0  startup_stm32f4xx.o(.text)
    TIM6_DAC_IRQHandler                      0x080001b7   Thumb Code     0  startup_stm32f4xx.o(.text)
    TIM7_IRQHandler                          0x080001b7   Thumb Code     0  startup_stm32f4xx.o(.text)
    TIM8_BRK_TIM12_IRQHandler                0x080001b7   Thumb Code     0  startup_stm32f4xx.o(.text)
    TIM8_CC_IRQHandler                       0x080001b7   Thumb Code     0  startup_stm32f4xx.o(.text)
    TIM8_TRG_COM_TIM14_IRQHandler            0x080001b7   Thumb Code     0  startup_stm32f4xx.o(.text)
    TIM8_UP_TIM13_IRQHandler                 0x080001b7   Thumb Code     0  startup_stm32f4xx.o(.text)
    UART4_IRQHandler                         0x080001b7   Thumb Code     0  startup_stm32f4xx.o(.text)
    UART5_IRQHandler                         0x080001b7   Thumb Code     0  startup_stm32f4xx.o(.text)
    USART2_IRQHandler                        0x080001b7   Thumb Code     0  startup_stm32f4xx.o(.text)
    USART3_IRQHandler                        0x080001b7   Thumb Code     0  startup_stm32f4xx.o(.text)
    USART6_IRQHandler                        0x080001b7   Thumb Code     0  startup_stm32f4xx.o(.text)
    WWDG_IRQHandler                          0x080001b7   Thumb Code     0  startup_stm32f4xx.o(.text)
    __aeabi_uldivmod                         0x080001c1   Thumb Code    98  uldiv.o(.text)
    __aeabi_uidiv                            0x08000223   Thumb Code     0  uidiv.o(.text)
    __aeabi_uidivmod                         0x08000223   Thumb Code    44  uidiv.o(.text)
    __aeabi_llsl                             0x0800024f   Thumb Code    30  llshl.o(.text)
    _ll_shift_l                              0x0800024f   Thumb Code     0  llshl.o(.text)
    __aeabi_llsr                             0x0800026d   Thumb Code    32  llushr.o(.text)
    _ll_ushift_r                             0x0800026d   Thumb Code     0  llushr.o(.text)
    __scatterload                            0x0800028d   Thumb Code    28  init.o(.text)
    __scatterload_rt2                        0x0800028d   Thumb Code     0  init.o(.text)
    AD7606_Init                              0x080002b1   Thumb Code    40  ad7606.o(i.AD7606_Init)
    AD7606_Reset                             0x080002dd   Thumb Code    56  ad7606.o(i.AD7606_Reset)
    ADC_ClearITPendingBit                    0x08000319   Thumb Code    10  stm32f4xx_adc.o(i.ADC_ClearITPendingBit)
    ADC_Cmd                                  0x08000323   Thumb Code    22  stm32f4xx_adc.o(i.ADC_Cmd)
    ADC_GetITStatus                          0x08000339   Thumb Code    38  stm32f4xx_adc.o(i.ADC_GetITStatus)
    ADC_IRQHandler                           0x08000361   Thumb Code    42  stm32f4xx_it.o(i.ADC_IRQHandler)
    AD_GPIO_Init                             0x080003ad   Thumb Code    76  ad7606.o(i.AD_GPIO_Init)
    BusFault_Handler                         0x080003fd   Thumb Code    10  stm32f4xx_it.o(i.BusFault_Handler)
    DMA2_Stream0_IRQHandler                  0x080006ed   Thumb Code    22  stm32f4xx_it.o(i.DMA2_Stream0_IRQHandler)
    DMA_ClearFlag                            0x0800070d   Thumb Code    38  stm32f4xx_dma.o(i.DMA_ClearFlag)
    DMA_ClearITPendingBit                    0x08000741   Thumb Code    38  stm32f4xx_dma.o(i.DMA_ClearITPendingBit)
    DMA_Cmd                                  0x08000775   Thumb Code    22  stm32f4xx_dma.o(i.DMA_Cmd)
    DMA_DeInit                               0x0800078d   Thumb Code   324  stm32f4xx_dma.o(i.DMA_DeInit)
    DMA_FlowControllerConfig                 0x080008e5   Thumb Code    22  stm32f4xx_dma.o(i.DMA_FlowControllerConfig)
    DMA_GetITStatus                          0x080008fd   Thumb Code    82  stm32f4xx_dma.o(i.DMA_GetITStatus)
    DMA_ITConfig                             0x08000961   Thumb Code    58  stm32f4xx_dma.o(i.DMA_ITConfig)
    DMA_Init                                 0x0800099d   Thumb Code    82  stm32f4xx_dma.o(i.DMA_Init)
    DebugMon_Handler                         0x080009f5   Thumb Code     2  stm32f4xx_it.o(i.DebugMon_Handler)
    GPIO_Init                                0x08000b8d   Thumb Code   144  stm32f4xx_gpio.o(i.GPIO_Init)
    GPIO_PinAFConfig                         0x08000c1d   Thumb Code    70  stm32f4xx_gpio.o(i.GPIO_PinAFConfig)
    GPIO_ReadInputDataBit                    0x08000c63   Thumb Code    18  stm32f4xx_gpio.o(i.GPIO_ReadInputDataBit)
    GPIO_ResetBits                           0x08000c75   Thumb Code     4  stm32f4xx_gpio.o(i.GPIO_ResetBits)
    GPIO_SetBits                             0x08000c79   Thumb Code     4  stm32f4xx_gpio.o(i.GPIO_SetBits)
    GPIO_StructInit                          0x08000c7d   Thumb Code    18  stm32f4xx_gpio.o(i.GPIO_StructInit)
    HardFault_Handler                        0x08000c91   Thumb Code    10  stm32f4xx_it.o(i.HardFault_Handler)
    IIC2_Ack                                 0x08000cb5   Thumb Code    66  i2c.o(i.IIC2_Ack)
    IIC2_Init                                0x08000d05   Thumb Code    62  i2c.o(i.IIC2_Init)
    IIC2_NAck                                0x08000d51   Thumb Code    66  i2c.o(i.IIC2_NAck)
    IIC2_Read_Byte                           0x08000da1   Thumb Code    94  i2c.o(i.IIC2_Read_Byte)
    IIC2_Send_Byte                           0x08000e0d   Thumb Code    90  i2c.o(i.IIC2_Send_Byte)
    IIC2_Start                               0x08000e75   Thumb Code    64  i2c.o(i.IIC2_Start)
    IIC2_Stop                                0x08000ec1   Thumb Code    62  i2c.o(i.IIC2_Stop)
    IIC2_Wait_Ack                            0x08000f0d   Thumb Code    82  i2c.o(i.IIC2_Wait_Ack)
    IIC3_Ack                                 0x08000f6d   Thumb Code    66  i2c.o(i.IIC3_Ack)
    IIC3_Init                                0x08000fbd   Thumb Code    60  i2c.o(i.IIC3_Init)
    IIC3_NAck                                0x08001005   Thumb Code    66  i2c.o(i.IIC3_NAck)
    IIC3_Read_Byte                           0x08001055   Thumb Code    94  i2c.o(i.IIC3_Read_Byte)
    IIC3_Send_Byte                           0x080010c1   Thumb Code    90  i2c.o(i.IIC3_Send_Byte)
    IIC3_Start                               0x08001129   Thumb Code    64  i2c.o(i.IIC3_Start)
    IIC3_Stop                                0x08001175   Thumb Code    62  i2c.o(i.IIC3_Stop)
    IIC3_Wait_Ack                            0x080011c1   Thumb Code    82  i2c.o(i.IIC3_Wait_Ack)
    IIC_Ack                                  0x08001221   Thumb Code    66  i2c.o(i.IIC_Ack)
    IIC_Init                                 0x08001271   Thumb Code    60  i2c.o(i.IIC_Init)
    IIC_NAck                                 0x080012b9   Thumb Code    66  i2c.o(i.IIC_NAck)
    IIC_Read_Byte                            0x08001309   Thumb Code    94  i2c.o(i.IIC_Read_Byte)
    IIC_Send_Byte                            0x08001375   Thumb Code    90  i2c.o(i.IIC_Send_Byte)
    IIC_Start                                0x080013dd   Thumb Code    64  i2c.o(i.IIC_Start)
    IIC_Stop                                 0x08001429   Thumb Code    62  i2c.o(i.IIC_Stop)
    IIC_Wait_Ack                             0x08001475   Thumb Code    82  i2c.o(i.IIC_Wait_Ack)
    MPU9250_2_Check                          0x080014d5   Thumb Code    26  mpu9250.o(i.MPU9250_2_Check)
    MPU9250_2_Init                           0x080014ef   Thumb Code   132  mpu9250.o(i.MPU9250_2_Init)
    MPU9250_2_ReadOneByte                    0x08001573   Thumb Code    64  mpu9250.o(i.MPU9250_2_ReadOneByte)
    MPU9250_2_WriteOneByte                   0x080015b3   Thumb Code    48  mpu9250.o(i.MPU9250_2_WriteOneByte)
    MPU9250_3_Check                          0x080015e3   Thumb Code    26  mpu9250.o(i.MPU9250_3_Check)
    MPU9250_3_Init                           0x080015fd   Thumb Code   132  mpu9250.o(i.MPU9250_3_Init)
    MPU9250_3_ReadOneByte                    0x08001681   Thumb Code    64  mpu9250.o(i.MPU9250_3_ReadOneByte)
    MPU9250_3_WriteOneByte                   0x080016c1   Thumb Code    48  mpu9250.o(i.MPU9250_3_WriteOneByte)
    MPU9250_Check                            0x080016f1   Thumb Code    26  mpu9250.o(i.MPU9250_Check)
    MPU9250_Init                             0x0800170b   Thumb Code   132  mpu9250.o(i.MPU9250_Init)
    MPU9250_ReadOneByte                      0x0800178f   Thumb Code    64  mpu9250.o(i.MPU9250_ReadOneByte)
    MPU9250_WriteOneByte                     0x080017cf   Thumb Code    48  mpu9250.o(i.MPU9250_WriteOneByte)
    MemManage_Handler                        0x08001801   Thumb Code    10  stm32f4xx_it.o(i.MemManage_Handler)
    NMI_Handler                              0x08001825   Thumb Code    10  stm32f4xx_it.o(i.NMI_Handler)
    NVIC_Init                                0x08001841   Thumb Code   106  misc.o(i.NVIC_Init)
    NVIC_PriorityGroupConfig                 0x080018b9   Thumb Code    10  misc.o(i.NVIC_PriorityGroupConfig)
    PendSV_Handler                           0x080018cd   Thumb Code     2  stm32f4xx_it.o(i.PendSV_Handler)
    Peripherals_Init                         0x080018d1   Thumb Code    88  peripherals.o(i.Peripherals_Init)
    Printf_Init                              0x08001931   Thumb Code   340  printf.o(i.Printf_Init)
    QUEUE_PacketCreate                       0x08001a95   Thumb Code    32  queue.o(i.QUEUE_PacketCreate)
    QUEUE_PacketIn                           0x08001ab5   Thumb Code   114  queue.o(i.QUEUE_PacketIn)
    QUEUE_PacketOut                          0x08001b27   Thumb Code    90  queue.o(i.QUEUE_PacketOut)
    RCC_AHB1PeriphClockCmd                   0x08001b81   Thumb Code    26  stm32f4xx_rcc.o(i.RCC_AHB1PeriphClockCmd)
    RCC_APB1PeriphClockCmd                   0x08001ba1   Thumb Code    26  stm32f4xx_rcc.o(i.RCC_APB1PeriphClockCmd)
    RCC_APB2PeriphClockCmd                   0x08001bc1   Thumb Code    26  stm32f4xx_rcc.o(i.RCC_APB2PeriphClockCmd)
    RCC_APB2PeriphResetCmd                   0x08001be1   Thumb Code    26  stm32f4xx_rcc.o(i.RCC_APB2PeriphResetCmd)
    RCC_GetClocksFreq                        0x08001c01   Thumb Code   214  stm32f4xx_rcc.o(i.RCC_GetClocksFreq)
    READ_MPU9250_2_ACCEL                     0x08001ce9   Thumb Code   140  mpu9250.o(i.READ_MPU9250_2_ACCEL)
    READ_MPU9250_3_ACCEL                     0x08001d75   Thumb Code   140  mpu9250.o(i.READ_MPU9250_3_ACCEL)
    READ_MPU9250_ACCEL                       0x08001e01   Thumb Code   140  mpu9250.o(i.READ_MPU9250_ACCEL)
    SDIO_ClearFlag                           0x08001fa9   Thumb Code     6  stm32f4xx_sdio.o(i.SDIO_ClearFlag)
    SDIO_ClearITPendingBit                   0x08001fb5   Thumb Code     6  stm32f4xx_sdio.o(i.SDIO_ClearITPendingBit)
    SDIO_ClockCmd                            0x08001fc1   Thumb Code     6  stm32f4xx_sdio.o(i.SDIO_ClockCmd)
    SDIO_DMACmd                              0x08001fcd   Thumb Code     6  stm32f4xx_sdio.o(i.SDIO_DMACmd)
    SDIO_DataConfig                          0x08001fd9   Thumb Code    46  stm32f4xx_sdio.o(i.SDIO_DataConfig)
    SDIO_DeInit                              0x0800200d   Thumb Code    22  stm32f4xx_sdio.o(i.SDIO_DeInit)
    SDIO_GetCommandResponse                  0x08002025   Thumb Code     8  stm32f4xx_sdio.o(i.SDIO_GetCommandResponse)
    SDIO_GetFlagStatus                       0x08002031   Thumb Code    20  stm32f4xx_sdio.o(i.SDIO_GetFlagStatus)
    SDIO_GetITStatus                         0x08002049   Thumb Code    20  stm32f4xx_sdio.o(i.SDIO_GetITStatus)
    SDIO_GetPowerState                       0x08002061   Thumb Code    10  stm32f4xx_sdio.o(i.SDIO_GetPowerState)
    SDIO_GetResponse                         0x08002071   Thumb Code    20  stm32f4xx_sdio.o(i.SDIO_GetResponse)
    SDIO_IRQHandler                          0x08002089   Thumb Code    14  stm32f4xx_it.o(i.SDIO_IRQHandler)
    SDIO_ITConfig                            0x080020ad   Thumb Code    26  stm32f4xx_sdio.o(i.SDIO_ITConfig)
    SDIO_Init                                0x080020cd   Thumb Code    42  stm32f4xx_sdio.o(i.SDIO_Init)
    SDIO_ReadData                            0x080020fd   Thumb Code     6  stm32f4xx_sdio.o(i.SDIO_ReadData)
    SDIO_SendCommand                         0x08002109   Thumb Code    40  stm32f4xx_sdio.o(i.SDIO_SendCommand)
    SDIO_SetPowerState                       0x08002135   Thumb Code     6  stm32f4xx_sdio.o(i.SDIO_SetPowerState)
    SD_Detect                                0x08002141   Thumb Code    26  stm324x7i_eval_sdio_sd.o(i.SD_Detect)
    SD_EnableWideBusOperation                0x08002161   Thumb Code   136  stm324x7i_eval_sdio_sd.o(i.SD_EnableWideBusOperation)
    SD_GetCardInfo                           0x080021f1   Thumb Code   780  stm324x7i_eval_sdio_sd.o(i.SD_GetCardInfo)
    SD_GetState                              0x0800250d   Thumb Code    38  stm324x7i_eval_sdio_sd.o(i.SD_GetState)
    SD_GetStatus                             0x08002533   Thumb Code    30  stm324x7i_eval_sdio_sd.o(i.SD_GetStatus)
    SD_Init                                  0x08002551   Thumb Code   126  stm324x7i_eval_sdio_sd.o(i.SD_Init)
    SD_InitializeCards                       0x080025d9   Thumb Code   294  stm324x7i_eval_sdio_sd.o(i.SD_InitializeCards)
    SD_LowLevel_DMA_RxConfig                 0x08002715   Thumb Code   132  stm324x7i_eval_sdio_sd.o(i.SD_LowLevel_DMA_RxConfig)
    SD_LowLevel_DMA_TxConfig                 0x080027a1   Thumb Code   134  stm324x7i_eval_sdio_sd.o(i.SD_LowLevel_DMA_TxConfig)
    SD_LowLevel_Init                         0x08002831   Thumb Code   182  stm324x7i_eval_sdio_sd.o(i.SD_LowLevel_Init)
    SD_NVIC_Configuration                    0x080028f5   Thumb Code    40  stm324x7i_eval_sdio_sd.o(i.SD_NVIC_Configuration)
    SD_PowerON                               0x0800291d   Thumb Code   400  stm324x7i_eval_sdio_sd.o(i.SD_PowerON)
    SD_ProcessIRQSrc                         0x08002abd   Thumb Code   162  stm324x7i_eval_sdio_sd.o(i.SD_ProcessIRQSrc)
    SD_ReadBlock                             0x08002b69   Thumb Code   210  stm324x7i_eval_sdio_sd.o(i.SD_ReadBlock)
    SD_ReadMultiBlocksFIXED                  0x08002c59   Thumb Code   206  stm324x7i_eval_sdio_sd.o(i.SD_ReadMultiBlocksFIXED)
    SD_SelectDeselect                        0x08002d45   Thumb Code    50  stm324x7i_eval_sdio_sd.o(i.SD_SelectDeselect)
    SD_SendStatus                            0x08002d7d   Thumb Code    74  stm324x7i_eval_sdio_sd.o(i.SD_SendStatus)
    SD_StopTransfer                          0x08002dd1   Thumb Code    46  stm324x7i_eval_sdio_sd.o(i.SD_StopTransfer)
    SD_WaitReadOperation                     0x08002e05   Thumb Code   108  stm324x7i_eval_sdio_sd.o(i.SD_WaitReadOperation)
    SD_WaitWriteOperation                    0x08002e85   Thumb Code   108  stm324x7i_eval_sdio_sd.o(i.SD_WaitWriteOperation)
    SD_WriteBlock                            0x08002f05   Thumb Code   208  stm324x7i_eval_sdio_sd.o(i.SD_WriteBlock)
    SD_WriteMultiBlocksFIXED                 0x08002ff1   Thumb Code   296  stm324x7i_eval_sdio_sd.o(i.SD_WriteMultiBlocksFIXED)
    SPI_Cmd                                  0x08003139   Thumb Code    24  stm32f4xx_spi.o(i.SPI_Cmd)
    SPI_Init                                 0x08003151   Thumb Code    60  stm32f4xx_spi.o(i.SPI_Init)
    SPIx_Init                                0x0800318d   Thumb Code   166  ad7606.o(i.SPIx_Init)
    SVC_Handler                              0x0800323d   Thumb Code     2  stm32f4xx_it.o(i.SVC_Handler)
    SysTick_CLKSourceConfig                  0x0800332d   Thumb Code    40  misc.o(i.SysTick_CLKSourceConfig)
    SysTick_Handler                          0x08003355   Thumb Code     2  stm32f4xx_it.o(i.SysTick_Handler)
    SystemInit                               0x08003359   Thumb Code    88  system_stm32f4xx.o(i.SystemInit)
    TIM3_IRQHandler                          0x080033c1   Thumb Code   102  stm32f4xx_it.o(i.TIM3_IRQHandler)
    TIM4_IRQHandler                          0x0800343d   Thumb Code   140  main.o(i.TIM4_IRQHandler)
    TIM_ClearITPendingBit                    0x080034f1   Thumb Code     6  stm32f4xx_tim.o(i.TIM_ClearITPendingBit)
    TIM_Cmd                                  0x080034f7   Thumb Code    24  stm32f4xx_tim.o(i.TIM_Cmd)
    TIM_GetITStatus                          0x0800350f   Thumb Code    34  stm32f4xx_tim.o(i.TIM_GetITStatus)
    TIM_ITConfig                             0x08003531   Thumb Code    18  stm32f4xx_tim.o(i.TIM_ITConfig)
    TIM_TimeBaseInit                         0x08003545   Thumb Code   104  stm32f4xx_tim.o(i.TIM_TimeBaseInit)
    Timer4_Init                              0x080035c9   Thumb Code    84  peripherals.o(i.Timer4_Init)
    USART1_IRQHandler                        0x08003621   Thumb Code    42  stm32f4xx_it.o(i.USART1_IRQHandler)
    USART_ClockInit                          0x08003655   Thumb Code    32  stm32f4xx_usart.o(i.USART_ClockInit)
    USART_ClockStructInit                    0x08003675   Thumb Code    12  stm32f4xx_usart.o(i.USART_ClockStructInit)
    USART_Cmd                                0x08003681   Thumb Code    24  stm32f4xx_usart.o(i.USART_Cmd)
    USART_GetFlagStatus                      0x08003699   Thumb Code    26  stm32f4xx_usart.o(i.USART_GetFlagStatus)
    USART_GetITStatus                        0x080036b3   Thumb Code    84  stm32f4xx_usart.o(i.USART_GetITStatus)
    USART_ITConfig                           0x08003707   Thumb Code    74  stm32f4xx_usart.o(i.USART_ITConfig)
    USART_Init                               0x08003751   Thumb Code   204  stm32f4xx_usart.o(i.USART_Init)
    USART_ReceiveData                        0x08003825   Thumb Code    10  stm32f4xx_usart.o(i.USART_ReceiveData)
    USART_SendData                           0x0800382f   Thumb Code     8  stm32f4xx_usart.o(i.USART_SendData)
    USART_StructInit                         0x08003837   Thumb Code    24  stm32f4xx_usart.o(i.USART_StructInit)
    UsageFault_Handler                       0x08003851   Thumb Code    10  stm32f4xx_it.o(i.UsageFault_Handler)
    __0printf$1                              0x08003875   Thumb Code    22  printf1.o(i.__0printf$1)
    __1printf$1                              0x08003875   Thumb Code     0  printf1.o(i.__0printf$1)
    __2printf                                0x08003875   Thumb Code     0  printf1.o(i.__0printf$1)
    __0sprintf$1                             0x08003895   Thumb Code    34  printf1.o(i.__0sprintf$1)
    __1sprintf$1                             0x08003895   Thumb Code     0  printf1.o(i.__0sprintf$1)
    __2sprintf                               0x08003895   Thumb Code     0  printf1.o(i.__0sprintf$1)
    __scatterload_copy                       0x080038bd   Thumb Code    14  handlers.o(i.__scatterload_copy)
    __scatterload_null                       0x080038cb   Thumb Code     2  handlers.o(i.__scatterload_null)
    __scatterload_zeroinit                   0x080038cd   Thumb Code    14  handlers.o(i.__scatterload_zeroinit)
    clust2sect                               0x08003e85   Thumb Code    26  ff.o(i.clust2sect)
    delay_init                               0x080040d9   Thumb Code    52  delay.o(i.delay_init)
    delay_ms                                 0x08004115   Thumb Code    56  delay.o(i.delay_ms)
    delay_us                                 0x0800414d   Thumb Code    72  delay.o(i.delay_us)
    delay_xms                                0x08004199   Thumb Code    72  delay.o(i.delay_xms)
    disk_initialize                          0x08004481   Thumb Code    60  diskio.o(i.disk_initialize)
    disk_ioctl                               0x080044c1   Thumb Code     6  diskio.o(i.disk_ioctl)
    disk_read                                0x080044c7   Thumb Code   138  diskio.o(i.disk_read)
    disk_status                              0x08004551   Thumb Code    22  diskio.o(i.disk_status)
    disk_write                               0x0800456d   Thumb Code   138  diskio.o(i.disk_write)
    f_close                                  0x080045f7   Thumb Code    22  ff.o(i.f_close)
    f_mount                                  0x0800460d   Thumb Code    38  ff.o(i.f_mount)
    f_open                                   0x08004639   Thumb Code   350  ff.o(i.f_open)
    f_printf                                 0x08004797   Thumb Code   690  ff.o(i.f_printf)
    f_putc                                   0x08004a49   Thumb Code    50  ff.o(i.f_putc)
    f_puts                                   0x08004a7b   Thumb Code    42  ff.o(i.f_puts)
    f_sync                                   0x08004aa5   Thumb Code   176  ff.o(i.f_sync)
    f_write                                  0x08004b55   Thumb Code   524  ff.o(i.f_write)
    fputc                                    0x08004e11   Thumb Code    32  printf.o(i.fputc)
    get_fat                                  0x08004e35   Thumb Code   228  ff.o(i.get_fat)
    get_fattime                              0x08004f19   Thumb Code     4  diskio.o(i.get_fattime)
    main                                     0x08004f41   Thumb Code   376  main.o(i.main)
    put_fat                                  0x080051c3   Thumb Code   310  ff.o(i.put_fat)
    Region$$Table$$Base                      0x08005540   Number         0  anon$$obj.o(Region$$Table)
    Region$$Table$$Limit                     0x08005560   Number         0  anon$$obj.o(Region$$Table)
    TimeCounter_1ms                          0x20000000   Data           2  stm32f4xx_it.o(.data)
    ReKeyFlag                                0x20000002   Data           1  stm32f4xx_it.o(.data)
    KeyFlag                                  0x20000003   Data           1  stm32f4xx_it.o(.data)
    UsartMessage                             0x20000004   Data           1  stm32f4xx_it.o(.data)
    status                                   0x20000005   Data           1  stm32f4xx_it.o(.data)
    ccnt                                     0x20000006   Data           1  stm32f4xx_it.o(.data)
    packageflag                              0x20000007   Data           1  stm32f4xx_it.o(.data)
    res                                      0x20000008   Data           4  main.o(.data)
    i                                        0x2000000c   Data           4  main.o(.data)
    bw                                       0x20000010   Data           4  main.o(.data)
    br                                       0x20000014   Data           4  main.o(.data)
    current_state                            0x20000018   Data           1  main.o(.data)
    Adc                                      0x2000001c   Data           4  main.o(.data)
    TimerCounter                             0x20000020   Data           2  main.o(.data)
    IMU_omega                                0x20000024   Data           4  main.o(.data)
    NewFileFlag                              0x20000028   Data           1  main.o(.data)
    FirstFileFlag                            0x20000029   Data           1  main.o(.data)
    ADValue                                  0x2000002a   Data           2  main.o(.data)
    Vout                                     0x2000002c   Data           4  main.o(.data)
    temp_f_sync                              0x20000030   Data           2  main.o(.data)
    isReady                                  0x20000032   Data           1  main.o(.data)
    check1                                   0x20000033   Data           1  main.o(.data)
    check2                                   0x20000034   Data           1  main.o(.data)
    check3                                   0x20000035   Data           1  main.o(.data)
    num                                      0x20000038   Data           4  main.o(.data)
    TimerPeriod                              0x2000003c   Data           2  main.o(.data)
    SDInitialized                            0x2000004e   Data           1  diskio.o(.data)
    StopCondition                            0x20000064   Data           4  stm324x7i_eval_sdio_sd.o(.data)
    TransferError                            0x20000068   Data           1  stm324x7i_eval_sdio_sd.o(.data)
    TransferEnd                              0x2000006c   Data           4  stm324x7i_eval_sdio_sd.o(.data)
    DMAEndOfTransfer                         0x20000070   Data           4  stm324x7i_eval_sdio_sd.o(.data)
    __stdout                                 0x20000074   Data           4  stdout.o(.data)
    fs                                       0x20000078   Data         568  main.o(.bss)
    file                                     0x200002b0   Data         548  main.o(.bss)
    writebuf                                 0x200004d4   Data          50  main.o(.bss)
    readbuf                                  0x20000506   Data         120  main.o(.bss)
    filename                                 0x2000057e   Data          12  main.o(.bss)
    SDCardInfo                               0x200009d0   Data          88  stm324x7i_eval_sdio_sd.o(.bss)
    SDIO_InitStructure                       0x20000a28   Data          24  stm324x7i_eval_sdio_sd.o(.bss)
    SDIO_CmdInitStructure                    0x20000a40   Data          20  stm324x7i_eval_sdio_sd.o(.bss)
    SDIO_DataInitStructure                   0x20000a54   Data          24  stm324x7i_eval_sdio_sd.o(.bss)
    __initial_sp                             0x20000e70   Data           0  startup_stm32f4xx.o(STACK)



==============================================================================

Memory Map of the image

  Image Entry point : 0x08000189

  Load Region LR_IROM1 (Base: 0x08000000, Size: 0x000055d8, Max: 0x00080000, ABSOLUTE)

    Execution Region ER_IROM1 (Base: 0x08000000, Size: 0x00005560, Max: 0x00080000, ABSOLUTE)

    Base Addr    Size         Type   Attr      Idx    E Section Name        Object

    0x08000000   0x00000188   Data   RO         4654    RESET               startup_stm32f4xx.o
    0x08000188   0x00000000   Code   RO         5694  * .ARM.Collect$$$$00000000  mc_w.l(entry.o)
    0x08000188   0x00000004   Code   RO         5968    .ARM.Collect$$$$00000001  mc_w.l(entry2.o)
    0x0800018c   0x00000004   Code   RO         5971    .ARM.Collect$$$$00000004  mc_w.l(entry5.o)
    0x08000190   0x00000000   Code   RO         5973    .ARM.Collect$$$$00000008  mc_w.l(entry7b.o)
    0x08000190   0x00000000   Code   RO         5975    .ARM.Collect$$$$0000000A  mc_w.l(entry8b.o)
    0x08000190   0x00000008   Code   RO         5976    .ARM.Collect$$$$0000000B  mc_w.l(entry9a.o)
    0x08000198   0x00000000   Code   RO         5978    .ARM.Collect$$$$0000000D  mc_w.l(entry10a.o)
    0x08000198   0x00000000   Code   RO         5980    .ARM.Collect$$$$0000000F  mc_w.l(entry11a.o)
    0x08000198   0x00000004   Code   RO         5969    .ARM.Collect$$$$00002712  mc_w.l(entry2.o)
    0x0800019c   0x00000024   Code   RO         4655    .text               startup_stm32f4xx.o
    0x080001c0   0x00000062   Code   RO         5697    .text               mc_w.l(uldiv.o)
    0x08000222   0x0000002c   Code   RO         5983    .text               mc_w.l(uidiv.o)
    0x0800024e   0x0000001e   Code   RO         5985    .text               mc_w.l(llshl.o)
    0x0800026c   0x00000020   Code   RO         5987    .text               mc_w.l(llushr.o)
    0x0800028c   0x00000024   Code   RO         6000    .text               mc_w.l(init.o)
    0x080002b0   0x0000002c   Code   RO         5096    i.AD7606_Init       ad7606.o
    0x080002dc   0x0000003c   Code   RO         5097    i.AD7606_Reset      ad7606.o
    0x08000318   0x0000000a   Code   RO          604    i.ADC_ClearITPendingBit  stm32f4xx_adc.o
    0x08000322   0x00000016   Code   RO          605    i.ADC_Cmd           stm32f4xx_adc.o
    0x08000338   0x00000026   Code   RO          619    i.ADC_GetITStatus   stm32f4xx_adc.o
    0x0800035e   0x00000002   PAD
    0x08000360   0x0000004c   Code   RO            3    i.ADC_IRQHandler    stm32f4xx_it.o
    0x080003ac   0x00000050   Code   RO         5098    i.AD_GPIO_Init      ad7606.o
    0x080003fc   0x00000024   Code   RO            4    i.BusFault_Handler  stm32f4xx_it.o
    0x08000420   0x0000002c   Code   RO         5429    i.CmdError          stm324x7i_eval_sdio_sd.o
    0x0800044c   0x00000134   Code   RO         5430    i.CmdResp1Error     stm324x7i_eval_sdio_sd.o
    0x08000580   0x0000004c   Code   RO         5431    i.CmdResp2Error     stm324x7i_eval_sdio_sd.o
    0x080005cc   0x00000038   Code   RO         5432    i.CmdResp3Error     stm324x7i_eval_sdio_sd.o
    0x08000604   0x0000009c   Code   RO         5433    i.CmdResp6Error     stm324x7i_eval_sdio_sd.o
    0x080006a0   0x0000004c   Code   RO         5434    i.CmdResp7Error     stm324x7i_eval_sdio_sd.o
    0x080006ec   0x00000020   Code   RO            5    i.DMA2_Stream0_IRQHandler  stm32f4xx_it.o
    0x0800070c   0x00000034   Code   RO         1536    i.DMA_ClearFlag     stm32f4xx_dma.o
    0x08000740   0x00000034   Code   RO         1537    i.DMA_ClearITPendingBit  stm32f4xx_dma.o
    0x08000774   0x00000016   Code   RO         1538    i.DMA_Cmd           stm32f4xx_dma.o
    0x0800078a   0x00000002   PAD
    0x0800078c   0x00000158   Code   RO         1539    i.DMA_DeInit        stm32f4xx_dma.o
    0x080008e4   0x00000016   Code   RO         1542    i.DMA_FlowControllerConfig  stm32f4xx_dma.o
    0x080008fa   0x00000002   PAD
    0x080008fc   0x00000064   Code   RO         1548    i.DMA_GetITStatus   stm32f4xx_dma.o
    0x08000960   0x0000003a   Code   RO         1549    i.DMA_ITConfig      stm32f4xx_dma.o
    0x0800099a   0x00000002   PAD
    0x0800099c   0x00000058   Code   RO         1550    i.DMA_Init          stm32f4xx_dma.o
    0x080009f4   0x00000002   Code   RO            6    i.DebugMon_Handler  stm32f4xx_it.o
    0x080009f6   0x00000002   PAD
    0x080009f8   0x00000194   Code   RO         5435    i.FindSCR           stm324x7i_eval_sdio_sd.o
    0x08000b8c   0x00000090   Code   RO         2061    i.GPIO_Init         stm32f4xx_gpio.o
    0x08000c1c   0x00000046   Code   RO         2062    i.GPIO_PinAFConfig  stm32f4xx_gpio.o
    0x08000c62   0x00000012   Code   RO         2065    i.GPIO_ReadInputDataBit  stm32f4xx_gpio.o
    0x08000c74   0x00000004   Code   RO         2068    i.GPIO_ResetBits    stm32f4xx_gpio.o
    0x08000c78   0x00000004   Code   RO         2069    i.GPIO_SetBits      stm32f4xx_gpio.o
    0x08000c7c   0x00000012   Code   RO         2070    i.GPIO_StructInit   stm32f4xx_gpio.o
    0x08000c8e   0x00000002   PAD
    0x08000c90   0x00000024   Code   RO            7    i.HardFault_Handler  stm32f4xx_it.o
    0x08000cb4   0x00000050   Code   RO         5149    i.IIC2_Ack          i2c.o
    0x08000d04   0x0000004c   Code   RO         5150    i.IIC2_Init         i2c.o
    0x08000d50   0x00000050   Code   RO         5151    i.IIC2_NAck         i2c.o
    0x08000da0   0x0000006c   Code   RO         5152    i.IIC2_Read_Byte    i2c.o
    0x08000e0c   0x00000068   Code   RO         5153    i.IIC2_Send_Byte    i2c.o
    0x08000e74   0x0000004c   Code   RO         5154    i.IIC2_Start        i2c.o
    0x08000ec0   0x0000004c   Code   RO         5155    i.IIC2_Stop         i2c.o
    0x08000f0c   0x00000060   Code   RO         5156    i.IIC2_Wait_Ack     i2c.o
    0x08000f6c   0x00000050   Code   RO         5157    i.IIC3_Ack          i2c.o
    0x08000fbc   0x00000048   Code   RO         5158    i.IIC3_Init         i2c.o
    0x08001004   0x00000050   Code   RO         5159    i.IIC3_NAck         i2c.o
    0x08001054   0x0000006c   Code   RO         5160    i.IIC3_Read_Byte    i2c.o
    0x080010c0   0x00000068   Code   RO         5161    i.IIC3_Send_Byte    i2c.o
    0x08001128   0x0000004c   Code   RO         5162    i.IIC3_Start        i2c.o
    0x08001174   0x0000004c   Code   RO         5163    i.IIC3_Stop         i2c.o
    0x080011c0   0x00000060   Code   RO         5164    i.IIC3_Wait_Ack     i2c.o
    0x08001220   0x00000050   Code   RO         5165    i.IIC_Ack           i2c.o
    0x08001270   0x00000048   Code   RO         5166    i.IIC_Init          i2c.o
    0x080012b8   0x00000050   Code   RO         5167    i.IIC_NAck          i2c.o
    0x08001308   0x0000006c   Code   RO         5168    i.IIC_Read_Byte     i2c.o
    0x08001374   0x00000068   Code   RO         5169    i.IIC_Send_Byte     i2c.o
    0x080013dc   0x0000004c   Code   RO         5170    i.IIC_Start         i2c.o
    0x08001428   0x0000004c   Code   RO         5171    i.IIC_Stop          i2c.o
    0x08001474   0x00000060   Code   RO         5172    i.IIC_Wait_Ack      i2c.o
    0x080014d4   0x0000001a   Code   RO         5307    i.MPU9250_2_Check   mpu9250.o
    0x080014ee   0x00000084   Code   RO         5308    i.MPU9250_2_Init    mpu9250.o
    0x08001572   0x00000040   Code   RO         5309    i.MPU9250_2_ReadOneByte  mpu9250.o
    0x080015b2   0x00000030   Code   RO         5310    i.MPU9250_2_WriteOneByte  mpu9250.o
    0x080015e2   0x0000001a   Code   RO         5311    i.MPU9250_3_Check   mpu9250.o
    0x080015fc   0x00000084   Code   RO         5312    i.MPU9250_3_Init    mpu9250.o
    0x08001680   0x00000040   Code   RO         5313    i.MPU9250_3_ReadOneByte  mpu9250.o
    0x080016c0   0x00000030   Code   RO         5314    i.MPU9250_3_WriteOneByte  mpu9250.o
    0x080016f0   0x0000001a   Code   RO         5315    i.MPU9250_Check     mpu9250.o
    0x0800170a   0x00000084   Code   RO         5316    i.MPU9250_Init      mpu9250.o
    0x0800178e   0x00000040   Code   RO         5317    i.MPU9250_ReadOneByte  mpu9250.o
    0x080017ce   0x00000030   Code   RO         5318    i.MPU9250_WriteOneByte  mpu9250.o
    0x080017fe   0x00000002   PAD
    0x08001800   0x00000024   Code   RO            8    i.MemManage_Handler  stm32f4xx_it.o
    0x08001824   0x0000001c   Code   RO            9    i.NMI_Handler       stm32f4xx_it.o
    0x08001840   0x00000078   Code   RO          477    i.NVIC_Init         misc.o
    0x080018b8   0x00000014   Code   RO          478    i.NVIC_PriorityGroupConfig  misc.o
    0x080018cc   0x00000002   Code   RO           10    i.PendSV_Handler    stm32f4xx_it.o
    0x080018ce   0x00000002   PAD
    0x080018d0   0x00000060   Code   RO         5024    i.Peripherals_Init  peripherals.o
    0x08001930   0x00000164   Code   RO          368    i.Printf_Init       printf.o
    0x08001a94   0x00000020   Code   RO          311    i.QUEUE_PacketCreate  queue.o
    0x08001ab4   0x00000072   Code   RO          314    i.QUEUE_PacketIn    queue.o
    0x08001b26   0x0000005a   Code   RO          315    i.QUEUE_PacketOut   queue.o
    0x08001b80   0x00000020   Code   RO         2683    i.RCC_AHB1PeriphClockCmd  stm32f4xx_rcc.o
    0x08001ba0   0x00000020   Code   RO         2692    i.RCC_APB1PeriphClockCmd  stm32f4xx_rcc.o
    0x08001bc0   0x00000020   Code   RO         2695    i.RCC_APB2PeriphClockCmd  stm32f4xx_rcc.o
    0x08001be0   0x00000020   Code   RO         2697    i.RCC_APB2PeriphResetCmd  stm32f4xx_rcc.o
    0x08001c00   0x000000e8   Code   RO         2704    i.RCC_GetClocksFreq  stm32f4xx_rcc.o
    0x08001ce8   0x0000008c   Code   RO         5319    i.READ_MPU9250_2_ACCEL  mpu9250.o
    0x08001d74   0x0000008c   Code   RO         5321    i.READ_MPU9250_3_ACCEL  mpu9250.o
    0x08001e00   0x0000008c   Code   RO         5323    i.READ_MPU9250_ACCEL  mpu9250.o
    0x08001e8c   0x0000011c   Code   RO         5437    i.SDEnWideBus       stm324x7i_eval_sdio_sd.o
    0x08001fa8   0x0000000c   Code   RO         3386    i.SDIO_ClearFlag    stm32f4xx_sdio.o
    0x08001fb4   0x0000000c   Code   RO         3387    i.SDIO_ClearITPendingBit  stm32f4xx_sdio.o
    0x08001fc0   0x0000000c   Code   RO         3388    i.SDIO_ClockCmd     stm32f4xx_sdio.o
    0x08001fcc   0x0000000c   Code   RO         3391    i.SDIO_DMACmd       stm32f4xx_sdio.o
    0x08001fd8   0x00000034   Code   RO         3392    i.SDIO_DataConfig   stm32f4xx_sdio.o
    0x0800200c   0x00000016   Code   RO         3394    i.SDIO_DeInit       stm32f4xx_sdio.o
    0x08002022   0x00000002   PAD
    0x08002024   0x0000000c   Code   RO         3395    i.SDIO_GetCommandResponse  stm32f4xx_sdio.o
    0x08002030   0x00000018   Code   RO         3398    i.SDIO_GetFlagStatus  stm32f4xx_sdio.o
    0x08002048   0x00000018   Code   RO         3399    i.SDIO_GetITStatus  stm32f4xx_sdio.o
    0x08002060   0x00000010   Code   RO         3400    i.SDIO_GetPowerState  stm32f4xx_sdio.o
    0x08002070   0x00000018   Code   RO         3401    i.SDIO_GetResponse  stm32f4xx_sdio.o
    0x08002088   0x00000024   Code   RO           11    i.SDIO_IRQHandler   stm32f4xx_it.o
    0x080020ac   0x00000020   Code   RO         3402    i.SDIO_ITConfig     stm32f4xx_sdio.o
    0x080020cc   0x00000030   Code   RO         3403    i.SDIO_Init         stm32f4xx_sdio.o
    0x080020fc   0x0000000c   Code   RO         3404    i.SDIO_ReadData     stm32f4xx_sdio.o
    0x08002108   0x0000002c   Code   RO         3406    i.SDIO_SendCommand  stm32f4xx_sdio.o
    0x08002134   0x0000000c   Code   RO         3408    i.SDIO_SetPowerState  stm32f4xx_sdio.o
    0x08002140   0x00000020   Code   RO         5439    i.SD_Detect         stm324x7i_eval_sdio_sd.o
    0x08002160   0x00000090   Code   RO         5440    i.SD_EnableWideBusOperation  stm324x7i_eval_sdio_sd.o
    0x080021f0   0x0000031c   Code   RO         5442    i.SD_GetCardInfo    stm324x7i_eval_sdio_sd.o
    0x0800250c   0x00000026   Code   RO         5444    i.SD_GetState       stm324x7i_eval_sdio_sd.o
    0x08002532   0x0000001e   Code   RO         5445    i.SD_GetStatus      stm324x7i_eval_sdio_sd.o
    0x08002550   0x00000088   Code   RO         5448    i.SD_Init           stm324x7i_eval_sdio_sd.o
    0x080025d8   0x0000013c   Code   RO         5449    i.SD_InitializeCards  stm324x7i_eval_sdio_sd.o
    0x08002714   0x0000008c   Code   RO         5450    i.SD_LowLevel_DMA_RxConfig  stm324x7i_eval_sdio_sd.o
    0x080027a0   0x00000090   Code   RO         5451    i.SD_LowLevel_DMA_TxConfig  stm324x7i_eval_sdio_sd.o
    0x08002830   0x000000c4   Code   RO         5453    i.SD_LowLevel_Init  stm324x7i_eval_sdio_sd.o
    0x080028f4   0x00000028   Code   RO         5454    i.SD_NVIC_Configuration  stm324x7i_eval_sdio_sd.o
    0x0800291c   0x000001a0   Code   RO         5456    i.SD_PowerON        stm324x7i_eval_sdio_sd.o
    0x08002abc   0x000000ac   Code   RO         5458    i.SD_ProcessIRQSrc  stm324x7i_eval_sdio_sd.o
    0x08002b68   0x000000f0   Code   RO         5459    i.SD_ReadBlock      stm324x7i_eval_sdio_sd.o
    0x08002c58   0x000000ec   Code   RO         5461    i.SD_ReadMultiBlocksFIXED  stm324x7i_eval_sdio_sd.o
    0x08002d44   0x00000038   Code   RO         5462    i.SD_SelectDeselect  stm324x7i_eval_sdio_sd.o
    0x08002d7c   0x00000054   Code   RO         5464    i.SD_SendStatus     stm324x7i_eval_sdio_sd.o
    0x08002dd0   0x00000034   Code   RO         5465    i.SD_StopTransfer   stm324x7i_eval_sdio_sd.o
    0x08002e04   0x00000080   Code   RO         5466    i.SD_WaitReadOperation  stm324x7i_eval_sdio_sd.o
    0x08002e84   0x00000080   Code   RO         5467    i.SD_WaitWriteOperation  stm324x7i_eval_sdio_sd.o
    0x08002f04   0x000000ec   Code   RO         5468    i.SD_WriteBlock     stm324x7i_eval_sdio_sd.o
    0x08002ff0   0x00000148   Code   RO         5470    i.SD_WriteMultiBlocksFIXED  stm324x7i_eval_sdio_sd.o
    0x08003138   0x00000018   Code   RO         3588    i.SPI_Cmd           stm32f4xx_spi.o
    0x08003150   0x0000003c   Code   RO         3601    i.SPI_Init          stm32f4xx_spi.o
    0x0800318c   0x000000b0   Code   RO         5100    i.SPIx_Init         ad7606.o
    0x0800323c   0x00000002   Code   RO           13    i.SVC_Handler       stm32f4xx_it.o
    0x0800323e   0x00000002   PAD
    0x08003240   0x000000ec   Code   RO         4617    i.SetSysClock       system_stm32f4xx.o
    0x0800332c   0x00000028   Code   RO          481    i.SysTick_CLKSourceConfig  misc.o
    0x08003354   0x00000002   Code   RO           14    i.SysTick_Handler   stm32f4xx_it.o
    0x08003356   0x00000002   PAD
    0x08003358   0x00000068   Code   RO         4619    i.SystemInit        system_stm32f4xx.o
    0x080033c0   0x0000007c   Code   RO           15    i.TIM3_IRQHandler   stm32f4xx_it.o
    0x0800343c   0x000000b4   Code   RO          259    i.TIM4_IRQHandler   main.o
    0x080034f0   0x00000006   Code   RO         3810    i.TIM_ClearITPendingBit  stm32f4xx_tim.o
    0x080034f6   0x00000018   Code   RO         3815    i.TIM_Cmd           stm32f4xx_tim.o
    0x0800350e   0x00000022   Code   RO         3836    i.TIM_GetITStatus   stm32f4xx_tim.o
    0x08003530   0x00000012   Code   RO         3840    i.TIM_ITConfig      stm32f4xx_tim.o
    0x08003542   0x00000002   PAD
    0x08003544   0x00000084   Code   RO         3887    i.TIM_TimeBaseInit  stm32f4xx_tim.o
    0x080035c8   0x00000058   Code   RO         5026    i.Timer4_Init       peripherals.o
    0x08003620   0x00000034   Code   RO           16    i.USART1_IRQHandler  stm32f4xx_it.o
    0x08003654   0x00000020   Code   RO         4366    i.USART_ClockInit   stm32f4xx_usart.o
    0x08003674   0x0000000c   Code   RO         4367    i.USART_ClockStructInit  stm32f4xx_usart.o
    0x08003680   0x00000018   Code   RO         4368    i.USART_Cmd         stm32f4xx_usart.o
    0x08003698   0x0000001a   Code   RO         4371    i.USART_GetFlagStatus  stm32f4xx_usart.o
    0x080036b2   0x00000054   Code   RO         4372    i.USART_GetITStatus  stm32f4xx_usart.o
    0x08003706   0x0000004a   Code   RO         4374    i.USART_ITConfig    stm32f4xx_usart.o
    0x08003750   0x000000d4   Code   RO         4375    i.USART_Init        stm32f4xx_usart.o
    0x08003824   0x0000000a   Code   RO         4382    i.USART_ReceiveData  stm32f4xx_usart.o
    0x0800382e   0x00000008   Code   RO         4385    i.USART_SendData    stm32f4xx_usart.o
    0x08003836   0x00000018   Code   RO         4391    i.USART_StructInit  stm32f4xx_usart.o
    0x0800384e   0x00000002   PAD
    0x08003850   0x00000024   Code   RO           17    i.UsageFault_Handler  stm32f4xx_it.o
    0x08003874   0x00000020   Code   RO         5746    i.__0printf$1       mc_w.l(printf1.o)
    0x08003894   0x00000028   Code   RO         5748    i.__0sprintf$1      mc_w.l(printf1.o)
    0x080038bc   0x0000000e   Code   RO         6006    i.__scatterload_copy  mc_w.l(handlers.o)
    0x080038ca   0x00000002   Code   RO         6007    i.__scatterload_null  mc_w.l(handlers.o)
    0x080038cc   0x0000000e   Code   RO         6008    i.__scatterload_zeroinit  mc_w.l(handlers.o)
    0x080038da   0x00000002   PAD
    0x080038dc   0x00000154   Code   RO         5753    i._printf_core      mc_w.l(printf1.o)
    0x08003a30   0x0000000a   Code   RO         5755    i._sputc            mc_w.l(printf1.o)
    0x08003a3a   0x00000002   PAD
    0x08003a3c   0x00000090   Code   RO         4722    i.check_fs          ff.o
    0x08003acc   0x00000014   Code   RO         4723    i.chk_chr           ff.o
    0x08003ae0   0x000003a4   Code   RO         4724    i.chk_mounted       ff.o
    0x08003e84   0x0000001a   Code   RO         4725    i.clust2sect        ff.o
    0x08003e9e   0x000000ca   Code   RO         4726    i.create_chain      ff.o
    0x08003f68   0x00000170   Code   RO         4727    i.create_name       ff.o
    0x080040d8   0x0000003c   Code   RO         5056    i.delay_init        delay.o
    0x08004114   0x00000038   Code   RO         5057    i.delay_ms          delay.o
    0x0800414c   0x0000004c   Code   RO         5058    i.delay_us          delay.o
    0x08004198   0x0000004c   Code   RO         5059    i.delay_xms         delay.o
    0x080041e4   0x00000056   Code   RO         4728    i.dir_alloc         ff.o
    0x0800423a   0x0000005c   Code   RO         4729    i.dir_find          ff.o
    0x08004296   0x00000114   Code   RO         4730    i.dir_next          ff.o
    0x080043aa   0x0000003a   Code   RO         4732    i.dir_register      ff.o
    0x080043e4   0x0000009c   Code   RO         4734    i.dir_sdi           ff.o
    0x08004480   0x00000040   Code   RO         4661    i.disk_initialize   diskio.o
    0x080044c0   0x00000006   Code   RO         4662    i.disk_ioctl        diskio.o
    0x080044c6   0x0000008a   Code   RO         4663    i.disk_read         diskio.o
    0x08004550   0x0000001c   Code   RO         4664    i.disk_status       diskio.o
    0x0800456c   0x0000008a   Code   RO         4665    i.disk_write        diskio.o
    0x080045f6   0x00000016   Code   RO         4738    i.f_close           ff.o
    0x0800460c   0x0000002c   Code   RO         4744    i.f_mount           ff.o
    0x08004638   0x0000015e   Code   RO         4745    i.f_open            ff.o
    0x08004796   0x000002b2   Code   RO         4747    i.f_printf          ff.o
    0x08004a48   0x00000032   Code   RO         4748    i.f_putc            ff.o
    0x08004a7a   0x0000002a   Code   RO         4749    i.f_puts            ff.o
    0x08004aa4   0x000000b0   Code   RO         4754    i.f_sync            ff.o
    0x08004b54   0x0000020c   Code   RO         4758    i.f_write           ff.o
    0x08004d60   0x000000ae   Code   RO         4759    i.follow_path       ff.o
    0x08004e0e   0x00000002   PAD
    0x08004e10   0x00000024   Code   RO          379    i.fputc             printf.o
    0x08004e34   0x000000e4   Code   RO         4760    i.get_fat           ff.o
    0x08004f18   0x00000008   Code   RO         4666    i.get_fattime       diskio.o
    0x08004f20   0x00000020   Code   RO         4762    i.ld_clust          ff.o
    0x08004f40   0x000001fc   Code   RO          260    i.main              main.o
    0x0800513c   0x00000026   Code   RO         4763    i.mem_cmp           ff.o
    0x08005162   0x0000001a   Code   RO         4764    i.mem_cpy           ff.o
    0x0800517c   0x00000014   Code   RO         4765    i.mem_set           ff.o
    0x08005190   0x00000032   Code   RO         4766    i.move_window       ff.o
    0x080051c2   0x00000136   Code   RO         4767    i.put_fat           ff.o
    0x080052f8   0x00000068   Code   RO         4768    i.remove_chain      ff.o
    0x08005360   0x00000010   Code   RO         4769    i.st_clust          ff.o
    0x08005370   0x000000c8   Code   RO         4770    i.sync_fs           ff.o
    0x08005438   0x00000052   Code   RO         4771    i.sync_window       ff.o
    0x0800548a   0x00000036   Code   RO         4772    i.validate          ff.o
    0x080054c0   0x00000080   Data   RO         4773    .constdata          ff.o
    0x08005540   0x00000020   Data   RO         6004    Region$$Table       anon$$obj.o


    Execution Region RW_IRAM1 (Base: 0x20000000, Size: 0x00000e70, Max: 0x00020000, ABSOLUTE)

    Base Addr    Size         Type   Attr      Idx    E Section Name        Object

    0x20000000   0x00000008   Data   RW           19    .data               stm32f4xx_it.o
    0x20000008   0x00000036   Data   RW          262    .data               main.o
    0x2000003e   0x00000010   Data   RW         2727    .data               stm32f4xx_rcc.o
    0x2000004e   0x00000001   Data   RW         4667    .data               diskio.o
    0x2000004f   0x00000001   PAD
    0x20000050   0x00000007   Data   RW         4774    .data               ff.o
    0x20000057   0x00000001   PAD
    0x20000058   0x00000004   Data   RW         5060    .data               delay.o
    0x2000005c   0x00000018   Data   RW         5473    .data               stm324x7i_eval_sdio_sd.o
    0x20000074   0x00000004   Data   RW         5982    .data               mc_w.l(stdout.o)
    0x20000078   0x00000924   Zero   RW          261    .bss                main.o
    0x2000099c   0x00000004   PAD
    0x200009a0   0x000000cc   Zero   RW         5472    .bss                stm324x7i_eval_sdio_sd.o
    0x20000a6c   0x00000004   PAD
    0x20000a70   0x00000400   Zero   RW         4652    STACK               startup_stm32f4xx.o


==============================================================================

Image component sizes


      Code (inc. data)   RO Data    RW Data    ZI Data      Debug   Object Name

       360         22          0          0          0       2324   ad7606.o
       268         16          0          4          0       2571   delay.o
       382         14          0          1          0       6705   diskio.o
      5592         52        128          7          0      33494   ff.o
      2080        326          0          0          0      13902   i2c.o
       688        172          0         54       2340       9467   main.o
       180         24          0          0          0      17401   misc.o
      1230          0          0          0          0       9951   mpu9250.o
       184         12          0          0          0       1305   peripherals.o
       392         20          0          0          0     209146   printf.o
       236          0          0          0          0       2584   queue.o
        36          8        392          0       1024        956   startup_stm32f4xx.o
      5492        358          0         24        204      27225   stm324x7i_eval_sdio_sd.o
        70          0          0          0          0      17500   stm32f4xx_adc.o
       738         72          0          0          0      20146   stm32f4xx_dma.o
       258          0          0          0          0      11365   stm32f4xx_gpio.o
       500        220          0          8          0     289041   stm32f4xx_it.o
       360         42          0         16          0      18772   stm32f4xx_rcc.o
       370         80          0          0          0      21870   stm32f4xx_sdio.o
        84          0          0          0          0      10341   stm32f4xx_spi.o
       214         28          0          0          0      24274   stm32f4xx_tim.o
       506          8          0          0          0      14518   stm32f4xx_usart.o
       340         32          0          0          0       1661   system_stm32f4xx.o

    ----------------------------------------------------------------------
     20588       1506        552        116       3576     766519   Object Totals
         0          0         32          0          0          0   (incl. Generated)
        28          0          0          2          8          0   (incl. Padding)

    ----------------------------------------------------------------------

      Code (inc. data)   RO Data    RW Data    ZI Data      Debug   Library Member Name

         0          0          0          0          0          0   entry.o
         0          0          0          0          0          0   entry10a.o
         0          0          0          0          0          0   entry11a.o
         8          4          0          0          0          0   entry2.o
         4          0          0          0          0          0   entry5.o
         0          0          0          0          0          0   entry7b.o
         0          0          0          0          0          0   entry8b.o
         8          4          0          0          0          0   entry9a.o
        30          0          0          0          0          0   handlers.o
        36          8          0          0          0         68   init.o
        30          0          0          0          0         68   llshl.o
        32          0          0          0          0         68   llushr.o
       422         20          0          0          0        336   printf1.o
         0          0          0          4          0          0   stdout.o
        44          0          0          0          0         80   uidiv.o
        98          0          0          0          0         92   uldiv.o

    ----------------------------------------------------------------------
       716         36          0          4          0        712   Library Totals
         4          0          0          0          0          0   (incl. Padding)

    ----------------------------------------------------------------------

      Code (inc. data)   RO Data    RW Data    ZI Data      Debug   Library Name

       712         36          0          4          0        712   mc_w.l

    ----------------------------------------------------------------------
       716         36          0          4          0        712   Library Totals

    ----------------------------------------------------------------------

==============================================================================


      Code (inc. data)   RO Data    RW Data    ZI Data      Debug   

     21304       1542        552        120       3576     748023   Grand Totals
     21304       1542        552        120       3576     748023   ELF Image Totals
     21304       1542        552        120          0          0   ROM Totals

==============================================================================

    Total RO  Size (Code + RO Data)                21856 (  21.34kB)
    Total RW  Size (RW Data + ZI Data)              3696 (   3.61kB)
    Total ROM Size (Code + RO Data + RW Data)      21976 (  21.46kB)

==============================================================================

