<html>
<body>
<pre>
<h1>礦ision Build Log</h1>
<h2>Project:</h2>
C:\Users\lxalxy\Desktop\角加速度计\课题_系统辨识\实验\程序\AD_MTi\Project\MDK-ARM\Project.uvproj
Project File Date:  12/29/2015

<h2>Output:</h2>
Build target 'Target 1'
compiling main.c...
..\main.c(92): warning:  #177-D: variable "total" was declared but never referenced
                u32 total,free;
..\main.c(92): warning:  #177-D: variable "free" was declared but never referenced
                u32 total,free;
..\main.c(93): warning:  #177-D: variable "temp" was declared but never referenced
                char temp = 0;
..\main.c: 3 warnings, 0 errors
linking...
Program Size: Code=21564 RO-data=175824 RW-data=156 ZI-data=1220516  
FromELF: creating hex file...
".\SZW_STM32F407\Project.axf" - 0 Error(s), 3 Warning(s).
Load "C:\\Users\\lxalxy\\Desktop\\角加速度计\\课题_系统辨识\\实验\\程序\\AD_MTi\\Project\\MDK-ARM\\SZW_STM32F407\\Project.axf" 
Erase Done.
Programming Done.
Verify OK.
