Product: MDK-ARM Standard 5.10
Component: ARM Compiler 5.04 update 1 (build 49)
Tool: armlink [5040049]

==============================================================================

Section Cross References

    stm32f4xx_it.o(i.ADC_IRQHandler) refers to stm32f4xx_adc.o(i.ADC_GetITStatus) for ADC_GetITStatus
    stm32f4xx_it.o(i.ADC_IRQHandler) refers to stm32f4xx_adc.o(i.ADC_ClearITPendingBit) for ADC_ClearITPendingBit
    stm32f4xx_it.o(i.ADC_IRQHandler) refers to stm32f4xx_adc.o(i.ADC_Cmd) for ADC_Cmd
    stm32f4xx_it.o(i.ADC_IRQHandler) refers to printf1.o(i.__0printf$1) for __2printf
    stm32f4xx_it.o(i.BusFault_Handler) refers to printf1.o(i.__0printf$1) for __2printf
    stm32f4xx_it.o(i.DMA2_Stream0_IRQHandler) refers to stm32f4xx_dma.o(i.DMA_GetITStatus) for DMA_GetITStatus
    stm32f4xx_it.o(i.DMA2_Stream0_IRQHandler) refers to stm32f4xx_dma.o(i.DMA_ClearITPendingBit) for DMA_ClearITPendingBit
    stm32f4xx_it.o(i.HardFault_Handler) refers to printf1.o(i.__0printf$1) for __2printf
    stm32f4xx_it.o(i.MemManage_Handler) refers to printf1.o(i.__0printf$1) for __2printf
    stm32f4xx_it.o(i.NMI_Handler) refers to printf1.o(i.__0printf$1) for __2printf
    stm32f4xx_it.o(i.TIM3_IRQHandler) refers to stm32f4xx_tim.o(i.TIM_GetITStatus) for TIM_GetITStatus
    stm32f4xx_it.o(i.TIM3_IRQHandler) refers to stm32f4xx_gpio.o(i.GPIO_ReadInputDataBit) for GPIO_ReadInputDataBit
    stm32f4xx_it.o(i.TIM3_IRQHandler) refers to stm32f4xx_tim.o(i.TIM_ClearITPendingBit) for TIM_ClearITPendingBit
    stm32f4xx_it.o(i.TIM3_IRQHandler) refers to stm32f4xx_it.o(.data) for TimeCounter_1ms
    stm32f4xx_it.o(i.USART1_IRQHandler) refers to stm32f4xx_usart.o(i.USART_GetITStatus) for USART_GetITStatus
    stm32f4xx_it.o(i.USART1_IRQHandler) refers to stm32f4xx_usart.o(i.USART_ReceiveData) for USART_ReceiveData
    stm32f4xx_it.o(i.USART1_IRQHandler) refers to stm32f4xx_usart.o(i.USART_GetFlagStatus) for USART_GetFlagStatus
    stm32f4xx_it.o(i.USART1_IRQHandler) refers to stm32f4xx_it.o(.data) for UsartMessage
    stm32f4xx_it.o(i.USART1_IRQHandler) refers to main.o(.bss) for RecievedData
    stm32f4xx_it.o(i.USART1_IRQHandler) refers to stm32f4xx_it.o(.bss) for rxbuf
    stm32f4xx_it.o(i.UsageFault_Handler) refers to printf1.o(i.__0printf$1) for __2printf
    main.o(i.TIM4_IRQHandler) refers to stm32f4xx_tim.o(i.TIM_GetITStatus) for TIM_GetITStatus
    main.o(i.TIM4_IRQHandler) refers to ad7606.o(i.SPI_ReadFromAD7656) for SPI_ReadFromAD7656
    main.o(i.TIM4_IRQHandler) refers to printf1.o(i.__0sprintf$1) for __2sprintf
    main.o(i.TIM4_IRQHandler) refers to ff.o(i.f_write) for f_write
    main.o(i.TIM4_IRQHandler) refers to ff.o(i.f_sync) for f_sync
    main.o(i.TIM4_IRQHandler) refers to stm32f4xx_tim.o(i.TIM_ClearITPendingBit) for TIM_ClearITPendingBit
    main.o(i.TIM4_IRQHandler) refers to main.o(.data) for isWriting
    main.o(i.TIM4_IRQHandler) refers to main.o(.bss) for buf
    main.o(i.exf_getfree) refers to ff.o(i.f_getfree) for f_getfree
    main.o(i.exfuns_init) refers to malloc.o(i.mymalloc) for mymalloc
    main.o(i.exfuns_init) refers to main.o(.bss) for fs
    main.o(i.exfuns_init) refers to main.o(.data) for file
    main.o(i.main) refers to delay.o(i.delay_init) for delay_init
    main.o(i.main) refers to peripherals.o(i.Peripherals_Init) for Peripherals_Init
    main.o(i.main) refers to mti.o(i.Mti_Init) for Mti_Init
    main.o(i.main) refers to printf.o(i.Printf_Init) for Printf_Init
    main.o(i.main) refers to peripherals.o(i.Timer4_Init) for Timer4_Init
    main.o(i.main) refers to peripherals.o(i.Timer3_Init) for Timer3_Init
    main.o(i.main) refers to malloc.o(i.my_mem_init) for my_mem_init
    main.o(i.main) refers to main.o(i.exfuns_init) for exfuns_init
    main.o(i.main) refers to ad7606.o(i.SPIx_Init) for SPIx_Init
    main.o(i.main) refers to ad7606.o(i.AD_GPIO_Init) for AD_GPIO_Init
    main.o(i.main) refers to ad7606.o(i.AD7606_Reset) for AD7606_Reset
    main.o(i.main) refers to ad7606.o(i.AD7606_Init) for AD7606_Init
    main.o(i.main) refers to stm32f4xx_gpio.o(i.GPIO_SetBits) for GPIO_SetBits
    main.o(i.main) refers to sdio_sdcard.o(i.SD_Init) for SD_Init
    main.o(i.main) refers to ff.o(i.f_mount) for f_mount
    main.o(i.main) refers to printf1.o(i.__0sprintf$1) for __2sprintf
    main.o(i.main) refers to ff.o(i.f_open) for f_open
    main.o(i.main) refers to stm32f4xx_gpio.o(i.GPIO_ResetBits) for GPIO_ResetBits
    main.o(i.main) refers to ff.o(i.f_close) for f_close
    main.o(i.main) refers to main.o(.bss) for RecievedData
    main.o(i.main) refers to stm32f4xx_it.o(.data) for KeyFlag
    main.o(i.main) refers to main.o(.data) for FirstFileFlag
    main.o(i.main) refers to stm32f4xx_it.o(.bss) for rxbuf
    stm324xg_eval.o(i.STM_EVAL_BeepInit) refers to stm32f4xx_rcc.o(i.RCC_AHB1PeriphClockCmd) for RCC_AHB1PeriphClockCmd
    stm324xg_eval.o(i.STM_EVAL_BeepInit) refers to stm32f4xx_gpio.o(i.GPIO_Init) for GPIO_Init
[...]
    ..\\..\\Libraries\\STM32F4xx_StdPeriph_Driver\\src\\stm32f4xx_dbgmcu.c 0x00000000   Number         0  stm32f4xx_dbgmcu.o ABSOLUTE
    ..\\..\\Libraries\\STM32F4xx_StdPeriph_Driver\\src\\stm32f4xx_dcmi.c 0x00000000   Number         0  stm32f4xx_dcmi.o ABSOLUTE
    ..\\..\\Libraries\\STM32F4xx_StdPeriph_Driver\\src\\stm32f4xx_dma.c 0x00000000   Number         0  stm32f4xx_dma.o ABSOLUTE
    ..\\..\\Libraries\\STM32F4xx_StdPeriph_Driver\\src\\stm32f4xx_exti.c 0x00000000   Number         0  stm32f4xx_exti.o ABSOLUTE
    ..\\..\\Libraries\\STM32F4xx_StdPeriph_Driver\\src\\stm32f4xx_flash.c 0x00000000   Number         0  stm32f4xx_flash.o ABSOLUTE
    ..\\..\\Libraries\\STM32F4xx_StdPeriph_Driver\\src\\stm32f4xx_fsmc.c 0x00000000   Number         0  stm32f4xx_fsmc.o ABSOLUTE
    ..\\..\\Libraries\\STM32F4xx_StdPeriph_Driver\\src\\stm32f4xx_gpio.c 0x00000000   Number         0  stm32f4xx_gpio.o ABSOLUTE
    ..\\..\\Libraries\\STM32F4xx_StdPeriph_Driver\\src\\stm32f4xx_hash.c 0x00000000   Number         0  stm32f4xx_hash.o ABSOLUTE
    ..\\..\\Libraries\\STM32F4xx_StdPeriph_Driver\\src\\stm32f4xx_hash_md5.c 0x00000000   Number         0  stm32f4xx_hash_md5.o ABSOLUTE
    ..\\..\\Libraries\\STM32F4xx_StdPeriph_Driver\\src\\stm32f4xx_hash_sha1.c 0x00000000   Number         0  stm32f4xx_hash_sha1.o ABSOLUTE
    ..\\..\\Libraries\\STM32F4xx_StdPeriph_Driver\\src\\stm32f4xx_i2c.c 0x00000000   Number         0  stm32f4xx_i2c.o ABSOLUTE
    ..\\..\\Libraries\\STM32F4xx_StdPeriph_Driver\\src\\stm32f4xx_iwdg.c 0x00000000   Number         0  stm32f4xx_iwdg.o ABSOLUTE
    ..\\..\\Libraries\\STM32F4xx_StdPeriph_Driver\\src\\stm32f4xx_pwr.c 0x00000000   Number         0  stm32f4xx_pwr.o ABSOLUTE
    ..\\..\\Libraries\\STM32F4xx_StdPeriph_Driver\\src\\stm32f4xx_rcc.c 0x00000000   Number         0  stm32f4xx_rcc.o ABSOLUTE
    ..\\..\\Libraries\\STM32F4xx_StdPeriph_Driver\\src\\stm32f4xx_rng.c 0x00000000   Number         0  stm32f4xx_rng.o ABSOLUTE
    ..\\..\\Libraries\\STM32F4xx_StdPeriph_Driver\\src\\stm32f4xx_rtc.c 0x00000000   Number         0  stm32f4xx_rtc.o ABSOLUTE
    ..\\..\\Libraries\\STM32F4xx_StdPeriph_Driver\\src\\stm32f4xx_sdio.c 0x00000000   Number         0  stm32f4xx_sdio.o ABSOLUTE
    ..\\..\\Libraries\\STM32F4xx_StdPeriph_Driver\\src\\stm32f4xx_spi.c 0x00000000   Number         0  stm32f4xx_spi.o ABSOLUTE
    ..\\..\\Libraries\\STM32F4xx_StdPeriph_Driver\\src\\stm32f4xx_syscfg.c 0x00000000   Number         0  stm32f4xx_syscfg.o ABSOLUTE
    ..\\..\\Libraries\\STM32F4xx_StdPeriph_Driver\\src\\stm32f4xx_tim.c 0x00000000   Number         0  stm32f4xx_tim.o ABSOLUTE
    ..\\..\\Libraries\\STM32F4xx_StdPeriph_Driver\\src\\stm32f4xx_usart.c 0x00000000   Number         0  stm32f4xx_usart.o ABSOLUTE
    ..\\..\\Libraries\\STM32F4xx_StdPeriph_Driver\\src\\stm32f4xx_wwdg.c 0x00000000   Number         0  stm32f4xx_wwdg.o ABSOLUTE
    ..\\..\\Utilities\\STM32_EVAL\\Common\\Printf.c 0x00000000   Number         0  printf.o ABSOLUTE
    ..\\..\\Utilities\\STM32_EVAL\\STM3240_41_G_EVAL\\stm324xg_eval.c 0x00000000   Number         0  stm324xg_eval.o ABSOLUTE
    ..\\A2P_ADC.c                            0x00000000   Number         0  a2p_adc.o ABSOLUTE
    ..\\AD7606.c                             0x00000000   Number         0  ad7606.o ABSOLUTE
    ..\\ADS1256.c                            0x00000000   Number         0  ads1256.o ABSOLUTE
    ..\\Mti.c                                0x00000000   Number         0  mti.o ABSOLUTE
    ..\\RTC.c                                0x00000000   Number         0  rtc.o ABSOLUTE
    ..\\delay.c                              0x00000000   Number         0  delay.o ABSOLUTE
    ..\\main.c                               0x00000000   Number         0  main.o ABSOLUTE
    ..\\peripherals.c                        0x00000000   Number         0  peripherals.o ABSOLUTE
    ..\\sdio_sdcard.c                        0x00000000   Number         0  sdio_sdcard.o ABSOLUTE
    ..\\stm32f4xx_it.c                       0x00000000   Number         0  stm32f4xx_it.o ABSOLUTE
    ..\\system_stm32f4xx.c                   0x00000000   Number         0  system_stm32f4xx.o ABSOLUTE
    ..\delay.c                               0x00000000   Number         0  delay.o ABSOLUTE
    ..\main.c                                0x00000000   Number         0  main.o ABSOLUTE
    ..\peripherals.c                         0x00000000   Number         0  peripherals.o ABSOLUTE
    ..\sdio_sdcard.c                         0x00000000   Number         0  sdio_sdcard.o ABSOLUTE
    ..\stm32f4xx_it.c                        0x00000000   Number         0  stm32f4xx_it.o ABSOLUTE
    ..\system_stm32f4xx.c                    0x00000000   Number         0  system_stm32f4xx.o ABSOLUTE
    cdrcmple.s                               0x00000000   Number         0  cdrcmple.o ABSOLUTE
    dc.s                                     0x00000000   Number         0  dc.o ABSOLUTE
    handlers.s                               0x00000000   Number         0  handlers.o ABSOLUTE
    init.s                                   0x00000000   Number         0  init.o ABSOLUTE
    RESET                                    0x08000000   Section      392  startup_stm32f4xx.o(RESET)
    .ARM.Collect$$$$00000000                 0x08000188   Section        0  entry.o(.ARM.Collect$$$$00000000)
    .ARM.Collect$$$$00000001                 0x08000188   Section        4  entry2.o(.ARM.Collect$$$$00000001)
    .ARM.Collect$$$$00000004                 0x0800018c   Section        4  entry5.o(.ARM.Collect$$$$00000004)
    .ARM.Collect$$$$00000008                 0x08000190   Section        0  entry7b.o(.ARM.Collect$$$$00000008)
    .ARM.Collect$$$$0000000A                 0x08000190   Section        0  entry8b.o(.ARM.Collect$$$$0000000A)
    .ARM.Collect$$$$0000000B                 0x08000190   Section        8  entry9a.o(.ARM.Collect$$$$0000000B)
    .ARM.Collect$$$$0000000D                 0x08000198   Section        0  entry10a.o(.ARM.Collect$$$$0000000D)
    .ARM.Collect$$$$0000000F                 0x08000198   Section        0  entry11a.o(.ARM.Collect$$$$0000000F)
    .ARM.Collect$$$$00002712                 0x08000198   Section        4  entry2.o(.ARM.Collect$$$$00002712)
    __lit__00000000                          0x08000198   Data           4  entry2.o(.ARM.Collect$$$$00002712)
    .emb_text                                0x0800019c   Section        8  sdio_sdcard.o(.emb_text)
    $v0                                      0x0800019c   Number         0  sdio_sdcard.o(.emb_text)
    .text                                    0x080001a4   Section       36  startup_stm32f4xx.o(.text)
    $v0                                      0x080001a4   Number         0  startup_stm32f4xx.o(.text)
    .text                                    0x080001c8   Section        0  ldiv.o(.text)
    .text                                    0x08000222   Section        0  memcpya.o(.text)
    .text                                    0x08000246   Section        0  uidiv.o(.text)
    .text                                    0x08000272   Section        0  uldiv.o(.text)
    .text                                    0x080002d4   Section       36  init.o(.text)
    .text                                    0x080002f8   Section        0  llshl.o(.text)
    .text                                    0x08000316   Section        0  llushr.o(.text)
    i.AD7606_Init                            0x08000338   Section        0  ad7606.o(i.AD7606_Init)
    i.AD7606_Reset                           0x08000364   Section        0  ad7606.o(i.AD7606_Reset)
    i.ADC_ClearITPendingBit                  0x080003a0   Section        0  stm32f4xx_adc.o(i.ADC_ClearITPendingBit)
    i.ADC_Cmd                                0x080003aa   Section        0  stm32f4xx_adc.o(i.ADC_Cmd)
    i.ADC_GetITStatus                        0x080003c0   Section        0  stm32f4xx_adc.o(i.ADC_GetITStatus)
    i.ADC_IRQHandler                         0x080003e8   Section        0  stm32f4xx_it.o(i.ADC_IRQHandler)
    i.AD_GPIO_Init                           0x08000434   Section        0  ad7606.o(i.AD_GPIO_Init)
    i.BusFault_Handler                       0x08000484   Section        0  stm32f4xx_it.o(i.BusFault_Handler)
    i.CmdError                               0x080004a8   Section        0  sdio_sdcard.o(i.CmdError)
    i.CmdResp1Error                          0x080004d8   Section        0  sdio_sdcard.o(i.CmdResp1Error)
    i.CmdResp2Error                          0x0800053c   Section        0  sdio_sdcard.o(i.CmdResp2Error)
    i.CmdResp3Error                          0x08000590   Section        0  sdio_sdcard.o(i.CmdResp3Error)
    i.CmdResp6Error                          0x080005c8   Section        0  sdio_sdcard.o(i.CmdResp6Error)
    i.CmdResp7Error                          0x0800065c   Section        0  sdio_sdcard.o(i.CmdResp7Error)
    i.DMA2_Stream0_IRQHandler                0x080006a8   Section        0  stm32f4xx_it.o(i.DMA2_Stream0_IRQHandler)
    i.DMA_ClearITPendingBit                  0x080006c8   Section        0  stm32f4xx_dma.o(i.DMA_ClearITPendingBit)
    i.DMA_Cmd                                0x080006fc   Section        0  stm32f4xx_dma.o(i.DMA_Cmd)
    i.DMA_DeInit                             0x08000714   Section        0  stm32f4xx_dma.o(i.DMA_DeInit)
    i.DMA_FlowControllerConfig               0x0800086c   Section        0  stm32f4xx_dma.o(i.DMA_FlowControllerConfig)
    i.DMA_GetCmdStatus                       0x08000882   Section        0  stm32f4xx_dma.o(i.DMA_GetCmdStatus)
    i.DMA_GetITStatus                        0x08000898   Section        0  stm32f4xx_dma.o(i.DMA_GetITStatus)
    i.DMA_Init                               0x080008fc   Section        0  stm32f4xx_dma.o(i.DMA_Init)
    i.DebugMon_Handler                       0x08000954   Section        0  stm32f4xx_it.o(i.DebugMon_Handler)
    i.FindSCR                                0x08000958   Section        0  sdio_sdcard.o(i.FindSCR)
    i.GPIO_Init                              0x08000aec   Section        0  stm32f4xx_gpio.o(i.GPIO_Init)
    i.GPIO_PinAFConfig                       0x08000b7c   Section        0  stm32f4xx_gpio.o(i.GPIO_PinAFConfig)
    i.GPIO_ReadInputDataBit                  0x08000bc2   Section        0  stm32f4xx_gpio.o(i.GPIO_ReadInputDataBit)
    i.GPIO_ResetBits                         0x08000bd4   Section        0  stm32f4xx_gpio.o(i.GPIO_ResetBits)
    i.GPIO_SetBits                           0x08000bd8   Section        0  stm32f4xx_gpio.o(i.GPIO_SetBits)
    i.GPIO_StructInit                        0x08000bdc   Section        0  stm32f4xx_gpio.o(i.GPIO_StructInit)
    i.HardFault_Handler                      0x08000bf0   Section        0  stm32f4xx_it.o(i.HardFault_Handler)
    i.IsCardProgramming                      0x08000c14   Section        0  sdio_sdcard.o(i.IsCardProgramming)
    i.MemManage_Handler                      0x08000cb4   Section        0  stm32f4xx_it.o(i.MemManage_Handler)
    i.Mti_Init                               0x08000cd8   Section        0  mti.o(i.Mti_Init)
    i.NMI_Handler                            0x08000d18   Section        0  stm32f4xx_it.o(i.NMI_Handler)
    i.NVIC_Init                              0x08000d34   Section        0  misc.o(i.NVIC_Init)
    i.NVIC_PriorityGroupConfig               0x08000dac   Section        0  misc.o(i.NVIC_PriorityGroupConfig)
    i.PendSV_Handler                         0x08000dc0   Section        0  stm32f4xx_it.o(i.PendSV_Handler)
    i.Peripherals_Init                       0x08000dc4   Section        0  peripherals.o(i.Peripherals_Init)
    i.Printf_Init                            0x08000e24   Section        0  printf.o(i.Printf_Init)
    i.RCC_AHB1PeriphClockCmd                 0x08000f88   Section        0  stm32f4xx_rcc.o(i.RCC_AHB1PeriphClockCmd)
    i.RCC_APB1PeriphClockCmd                 0x08000fa8   Section        0  stm32f4xx_rcc.o(i.RCC_APB1PeriphClockCmd)
    i.RCC_APB2PeriphClockCmd                 0x08000fc8   Section        0  stm32f4xx_rcc.o(i.RCC_APB2PeriphClockCmd)
    i.RCC_APB2PeriphResetCmd                 0x08000fe8   Section        0  stm32f4xx_rcc.o(i.RCC_APB2PeriphResetCmd)
    i.RCC_GetClocksFreq                      0x08001008   Section        0  stm32f4xx_rcc.o(i.RCC_GetClocksFreq)
    i.SDEnWideBus                            0x080010f0   Section        0  sdio_sdcard.o(i.SDEnWideBus)
    i.SDIO_ClearFlag                         0x0800119c   Section        0  stm32f4xx_sdio.o(i.SDIO_ClearFlag)
    i.SDIO_Clock_Set                         0x080011a8   Section        0  sdio_sdcard.o(i.SDIO_Clock_Set)
    i.SDIO_DataConfig                        0x080011bc   Section        0  stm32f4xx_sdio.o(i.SDIO_DataConfig)
    i.SDIO_GetFlagStatus                     0x080011f0   Section        0  stm32f4xx_sdio.o(i.SDIO_GetFlagStatus)
    i.SDIO_GetPowerState                     0x08001208   Section        0  stm32f4xx_sdio.o(i.SDIO_GetPowerState)
    i.SDIO_IRQHandler                        0x08001218   Section        0  sdio_sdcard.o(i.SDIO_IRQHandler)
    i.SDIO_Init                              0x08001220   Section        0  stm32f4xx_sdio.o(i.SDIO_Init)
    i.SDIO_Register_Deinit                   0x08001250   Section        0  sdio_sdcard.o(i.SDIO_Register_Deinit)
    i.SDIO_SendCommand                       0x08001288   Section        0  stm32f4xx_sdio.o(i.SDIO_SendCommand)
    i.SDIO_SetPowerState                     0x080012b4   Section        0  stm32f4xx_sdio.o(i.SDIO_SetPowerState)
    i.SD_DMA_Config                          0x080012c0   Section        0  sdio_sdcard.o(i.SD_DMA_Config)
    i.SD_EnableWideBusOperation              0x08001340   Section        0  sdio_sdcard.o(i.SD_EnableWideBusOperation)
    i.SD_GetCardInfo                         0x080013a8   Section        0  sdio_sdcard.o(i.SD_GetCardInfo)
    i.SD_Init                                0x080016bc   Section        0  sdio_sdcard.o(i.SD_Init)
    i.SD_InitializeCards                     0x080017ec   Section        0  sdio_sdcard.o(i.SD_InitializeCards)
    i.SD_PowerON                             0x08001950   Section        0  sdio_sdcard.o(i.SD_PowerON)
    i.SD_ProcessIRQSrc                       0x08001b34   Section        0  sdio_sdcard.o(i.SD_ProcessIRQSrc)
    i.SD_ReadBlock                           0x08001c88   Section        0  sdio_sdcard.o(i.SD_ReadBlock)
    i.SD_ReadDisk                            0x08001ef0   Section        0  sdio_sdcard.o(i.SD_ReadDisk)
    i.SD_ReadMultiBlocks                     0x08001f90   Section        0  sdio_sdcard.o(i.SD_ReadMultiBlocks)
    i.SD_SelectDeselect                      0x08002284   Section        0  sdio_sdcard.o(i.SD_SelectDeselect)
    i.SD_SetDeviceMode                       0x080022b4   Section        0  sdio_sdcard.o(i.SD_SetDeviceMode)
    i.SD_WriteBlock                          0x080022cc   Section        0  sdio_sdcard.o(i.SD_WriteBlock)
    i.SD_WriteDisk                           0x08002654   Section        0  sdio_sdcard.o(i.SD_WriteDisk)
    i.SD_WriteMultiBlocks                    0x080026f4   Section        0  sdio_sdcard.o(i.SD_WriteMultiBlocks)
    i.SPI_Cmd                                0x08002ac4   Section        0  stm32f4xx_spi.o(i.SPI_Cmd)
    i.SPI_I2S_GetFlagStatus                  0x08002adc   Section        0  stm32f4xx_spi.o(i.SPI_I2S_GetFlagStatus)
    i.SPI_I2S_ReceiveData                    0x08002aee   Section        0  stm32f4xx_spi.o(i.SPI_I2S_ReceiveData)
    i.SPI_I2S_SendData                       0x08002af4   Section        0  stm32f4xx_spi.o(i.SPI_I2S_SendData)
    i.SPI_Init                               0x08002af8   Section        0  stm32f4xx_spi.o(i.SPI_Init)
    i.SPI_ReadFromAD7656                     0x08002b34   Section        0  ad7606.o(i.SPI_ReadFromAD7656)
    i.SPIx_Init                              0x08002c40   Section        0  ad7606.o(i.SPIx_Init)
    i.SPIx_ReadWriteByte                     0x08002cf0   Section        0  ad7606.o(i.SPIx_ReadWriteByte)
    i.SVC_Handler                            0x08002d40   Section        0  stm32f4xx_it.o(i.SVC_Handler)
    i.SetSysClock                            0x08002d44   Section        0  system_stm32f4xx.o(i.SetSysClock)
    SetSysClock                              0x08002d45   Thumb Code   220  system_stm32f4xx.o(i.SetSysClock)
    i.SysTick_CLKSourceConfig                0x08002e30   Section        0  misc.o(i.SysTick_CLKSourceConfig)
    i.SysTick_Handler                        0x08002e58   Section        0  stm32f4xx_it.o(i.SysTick_Handler)
    i.SystemInit                             0x08002e5c   Section        0  system_stm32f4xx.o(i.SystemInit)
    i.TIM3_IRQHandler                        0x08002ec4   Section        0  stm32f4xx_it.o(i.TIM3_IRQHandler)
    i.TIM4_IRQHandler                        0x08002f44   Section        0  main.o(i.TIM4_IRQHandler)
    i.TIM_ClearITPendingBit                  0x08002fe4   Section        0  stm32f4xx_tim.o(i.TIM_ClearITPendingBit)
    i.TIM_Cmd                                0x08002fea   Section        0  stm32f4xx_tim.o(i.TIM_Cmd)
    i.TIM_GetITStatus                        0x08003002   Section        0  stm32f4xx_tim.o(i.TIM_GetITStatus)
    i.TIM_ITConfig                           0x08003024   Section        0  stm32f4xx_tim.o(i.TIM_ITConfig)
    i.TIM_TimeBaseInit                       0x08003038   Section        0  stm32f4xx_tim.o(i.TIM_TimeBaseInit)
    i.Timer3_Init                            0x080030bc   Section        0  peripherals.o(i.Timer3_Init)
    i.Timer4_Init                            0x08003118   Section        0  peripherals.o(i.Timer4_Init)
    i.USART1_IRQHandler                      0x08003174   Section        0  stm32f4xx_it.o(i.USART1_IRQHandler)
    i.USART_ClockInit                        0x08003270   Section        0  stm32f4xx_usart.o(i.USART_ClockInit)
    i.USART_ClockStructInit                  0x08003290   Section        0  stm32f4xx_usart.o(i.USART_ClockStructInit)
    i.USART_Cmd                              0x0800329c   Section        0  stm32f4xx_usart.o(i.USART_Cmd)
    i.USART_GetFlagStatus                    0x080032b4   Section        0  stm32f4xx_usart.o(i.USART_GetFlagStatus)
    i.USART_GetITStatus                      0x080032ce   Section        0  stm32f4xx_usart.o(i.USART_GetITStatus)
    i.USART_ITConfig                         0x08003322   Section        0  stm32f4xx_usart.o(i.USART_ITConfig)
    i.USART_Init                             0x0800336c   Section        0  stm32f4xx_usart.o(i.USART_Init)
    i.USART_ReceiveData                      0x08003440   Section        0  stm32f4xx_usart.o(i.USART_ReceiveData)
    i.USART_SendData                         0x0800344a   Section        0  stm32f4xx_usart.o(i.USART_SendData)
    i.USART_StructInit                       0x08003452   Section        0  stm32f4xx_usart.o(i.USART_StructInit)
    i.UsageFault_Handler                     0x0800346c   Section        0  stm32f4xx_it.o(i.UsageFault_Handler)
    i.__0printf$1                            0x08003490   Section        0  printf1.o(i.__0printf$1)
    i.__0sprintf$1                           0x080034b0   Section        0  printf1.o(i.__0sprintf$1)
    i.__scatterload_copy                     0x080034d8   Section       14  handlers.o(i.__scatterload_copy)
    i.__scatterload_null                     0x080034e6   Section        2  handlers.o(i.__scatterload_null)
    i.__scatterload_zeroinit                 0x080034e8   Section       14  handlers.o(i.__scatterload_zeroinit)
    i._printf_core                           0x080034f8   Section        0  printf1.o(i._printf_core)
    _printf_core                             0x080034f9   Thumb Code   336  printf1.o(i._printf_core)
    i._sputc                                 0x0800364c   Section        0  printf1.o(i._sputc)
    _sputc                                   0x0800364d   Thumb Code    10  printf1.o(i._sputc)
    i.check_fs                               0x08003658   Section        0  ff.o(i.check_fs)
    check_fs                                 0x08003659   Thumb Code   140  ff.o(i.check_fs)
    i.chk_chr                                0x080036e8   Section        0  ff.o(i.chk_chr)
    chk_chr                                  0x080036e9   Thumb Code    20  ff.o(i.chk_chr)
    i.clmt_clust                             0x080036fc   Section        0  ff.o(i.clmt_clust)
    clmt_clust                               0x080036fd   Thumb Code    50  ff.o(i.clmt_clust)
    i.clust2sect                             0x0800372e   Section        0  ff.o(i.clust2sect)
    i.cmp_lfn                                0x08003748   Section        0  ff.o(i.cmp_lfn)
    cmp_lfn                                  0x08003749   Thumb Code   138  ff.o(i.cmp_lfn)
    i.convert_from_bytes_to_power_of_two     0x080037d8   Section        0  sdio_sdcard.o(i.convert_from_bytes_to_power_of_two)
    i.create_chain                           0x080037ea   Section        0  ff.o(i.create_chain)
    create_chain                             0x080037eb   Thumb Code   214  ff.o(i.create_chain)
    i.create_name                            0x080038c0   Section        0  ff.o(i.create_name)
    create_name                              0x080038c1   Thumb Code   604  ff.o(i.create_name)
    i.delay_init                             0x08003b30   Section        0  delay.o(i.delay_init)
    i.delay_ms                               0x08003b6c   Section        0  delay.o(i.delay_ms)
    i.delay_us                               0x08003ba4   Section        0  delay.o(i.delay_us)
    i.delay_xms                              0x08003bf0   Section        0  delay.o(i.delay_xms)
    i.dir_alloc                              0x08003c3c   Section        0  ff.o(i.dir_alloc)
    dir_alloc                                0x08003c3d   Thumb Code    92  ff.o(i.dir_alloc)
    i.dir_find                               0x08003c98   Section        0  ff.o(i.dir_find)
    dir_find                                 0x08003c99   Thumb Code   234  ff.o(i.dir_find)
    i.dir_next                               0x08003d82   Section        0  ff.o(i.dir_next)
    dir_next                                 0x08003d83   Thumb Code   272  ff.o(i.dir_next)
    i.dir_register                           0x08003e92   Section        0  ff.o(i.dir_register)
    dir_register                             0x08003e93   Thumb Code   298  ff.o(i.dir_register)
    i.dir_sdi                                0x08003fbc   Section        0  ff.o(i.dir_sdi)
    i.disk_initialize                        0x0800405a   Section        0  diskio.o(i.disk_initialize)
    i.disk_ioctl                             0x0800407c   Section        0  diskio.o(i.disk_ioctl)
    i.disk_read                              0x080040e8   Section        0  diskio.o(i.disk_read)
    i.disk_status                            0x0800413e   Section        0  diskio.o(i.disk_status)
    i.disk_write                             0x08004144   Section        0  diskio.o(i.disk_write)
    i.exfuns_init                            0x0800419c   Section        0  main.o(i.exfuns_init)
    i.f_close                                0x08004220   Section        0  ff.o(i.f_close)
    i.f_mount                                0x08004244   Section        0  ff.o(i.f_mount)
    i.f_open                                 0x080042a0   Section        0  ff.o(i.f_open)
    i.f_sync                                 0x08004420   Section        0  ff.o(i.f_sync)
    i.f_write                                0x080044d0   Section        0  ff.o(i.f_write)
    i.ff_convert                             0x080046bc   Section        0  cc936.o(i.ff_convert)
    i.ff_memalloc                            0x08004738   Section        0  diskio.o(i.ff_memalloc)
    i.ff_memfree                             0x08004746   Section        0  diskio.o(i.ff_memfree)
    i.ff_wtoupper                            0x08004754   Section        0  cc936.o(i.ff_wtoupper)
    i.find_volume                            0x0800478c   Section        0  ff.o(i.find_volume)
    find_volume                              0x0800478d   Thumb Code   886  ff.o(i.find_volume)
    i.fit_lfn                                0x08004b14   Section        0  ff.o(i.fit_lfn)
    fit_lfn                                  0x08004b15   Thumb Code   122  ff.o(i.fit_lfn)
    i.follow_path                            0x08004b94   Section        0  ff.o(i.follow_path)
    follow_path                              0x08004b95   Thumb Code   144  ff.o(i.follow_path)
    i.fputc                                  0x08004c24   Section        0  printf.o(i.fputc)
    i.gen_numname                            0x08004c48   Section        0  ff.o(i.gen_numname)
    gen_numname                              0x08004c49   Thumb Code   194  ff.o(i.gen_numname)
    i.get_fat                                0x08004d10   Section        0  ff.o(i.get_fat)
    i.get_fattime                            0x08004df8   Section        0  diskio.o(i.get_fattime)
    i.get_ldnumber                           0x08004e00   Section        0  ff.o(i.get_ldnumber)
    get_ldnumber                             0x08004e01   Thumb Code    74  ff.o(i.get_ldnumber)
    i.ld_clust                               0x08004e4a   Section        0  ff.o(i.ld_clust)
    ld_clust                                 0x08004e4b   Thumb Code    32  ff.o(i.ld_clust)
    i.main                                   0x08004e6c   Section        0  main.o(i.main)
    i.mem_cmp                                0x08005028   Section        0  ff.o(i.mem_cmp)
    mem_cmp                                  0x08005029   Thumb Code    38  ff.o(i.mem_cmp)
    i.mem_cpy                                0x0800504e   Section        0  ff.o(i.mem_cpy)
    mem_cpy                                  0x0800504f   Thumb Code    26  ff.o(i.mem_cpy)
    i.mem_set                                0x08005068   Section        0  ff.o(i.mem_set)
    mem_set                                  0x08005069   Thumb Code    20  ff.o(i.mem_set)
    i.move_window                            0x0800507c   Section        0  ff.o(i.move_window)
    move_window                              0x0800507d   Thumb Code    50  ff.o(i.move_window)
    i.my_mem_free                            0x080050b0   Section        0  malloc.o(i.my_mem_free)
    i.my_mem_init                            0x0800511c   Section        0  malloc.o(i.my_mem_init)
    i.my_mem_malloc                          0x08005160   Section        0  malloc.o(i.my_mem_malloc)
    i.my_mem_perused                         0x08005208   Section        0  malloc.o(i.my_mem_perused)
    i.myfree                                 0x08005248   Section        0  malloc.o(i.myfree)
    i.mymalloc                               0x0800526c   Section        0  malloc.o(i.mymalloc)
    i.mymemset                               0x08005294   Section        0  malloc.o(i.mymemset)
    i.put_fat                                0x080052a8   Section        0  ff.o(i.put_fat)
    i.remove_chain                           0x080053de   Section        0  ff.o(i.remove_chain)
    remove_chain                             0x080053df   Thumb Code   108  ff.o(i.remove_chain)
    i.st_clust                               0x0800544a   Section        0  ff.o(i.st_clust)
    st_clust                                 0x0800544b   Thumb Code    16  ff.o(i.st_clust)
    i.sum_sfn                                0x0800545a   Section        0  ff.o(i.sum_sfn)
    sum_sfn                                  0x0800545b   Thumb Code    32  ff.o(i.sum_sfn)
    i.sync_fs                                0x0800547a   Section        0  ff.o(i.sync_fs)
    sync_fs                                  0x0800547b   Thumb Code   200  ff.o(i.sync_fs)
    i.sync_window                            0x08005542   Section        0  ff.o(i.sync_window)
    sync_window                              0x08005543   Thumb Code    76  ff.o(i.sync_window)
    i.validate                               0x0800558e   Section        0  ff.o(i.validate)
    validate                                 0x0800558f   Thumb Code    54  ff.o(i.validate)
    .constdata                               0x080055c4   Section       58  ff.o(.constdata)
    LfnOfs                                   0x080055c4   Data          13  ff.o(.constdata)
    vst                                      0x080055d2   Data          22  ff.o(.constdata)
    cst                                      0x080055e8   Data          22  ff.o(.constdata)
    .constdata                               0x08005600   Section       36  malloc.o(.constdata)
    .constdata                               0x08005624   Section    175304  cc936.o(.constdata)
    uni2oem                                  0x08005624   Data       87172  cc936.o(.constdata)
    oem2uni                                  0x0801aaa8   Data       87172  cc936.o(.constdata)
    tbl_lower                                0x0802ff2c   Data         480  cc936.o(.constdata)
    tbl_upper                                0x0803010c   Data         480  cc936.o(.constdata)
    .ARM.__AT_0x10000000                     0x10000000   Section    61440  malloc.o(.ARM.__AT_0x10000000)
    .ARM.__AT_0x1000F000                     0x1000f000   Section     3840  malloc.o(.ARM.__AT_0x1000F000)
    .data                                    0x20000000   Section        8  stm32f4xx_it.o(.data)
    .data                                    0x20000008   Section       70  main.o(.data)
    .data                                    0x2000004e   Section       16  stm32f4xx_rcc.o(.data)
    APBAHBPrescTable                         0x2000004e   Data          16  stm32f4xx_rcc.o(.data)
    .data                                    0x2000005e   Section        2  ff.o(.data)
    Fsid                                     0x2000005e   Data           2  ff.o(.data)
    .data                                    0x20000060   Section       36  malloc.o(.data)
    .data                                    0x20000084   Section       16  sdio_sdcard.o(.data)
    CardType                                 0x20000084   Data           1  sdio_sdcard.o(.data)
    RCA                                      0x20000088   Data           4  sdio_sdcard.o(.data)
    DeviceMode                               0x2000008c   Data           1  sdio_sdcard.o(.data)
    StopCondition                            0x2000008d   Data           1  sdio_sdcard.o(.data)
    .data                                    0x20000094   Section        4  delay.o(.data)
    fac_us                                   0x20000094   Data           1  delay.o(.data)
    fac_ms                                   0x20000096   Data           2  delay.o(.data)
    .data                                    0x20000098   Section        4  stdout.o(.data)
    .bss                                     0x2000009c   Section       20  stm32f4xx_it.o(.bss)
    .bss                                     0x200000b0   Section      170  main.o(.bss)
    .bss                                     0x2000015c   Section       12  ff.o(.bss)
    FatFs                                    0x2000015c   Data          12  ff.o(.bss)
    .bss                                     0x20000180   Section    108800  malloc.o(.bss)
    .bss                                     0x2001aa80   Section      704  sdio_sdcard.o(.bss)
    CSD_Tab                                  0x2001aac4   Data          16  sdio_sdcard.o(.bss)
    CID_Tab                                  0x2001aad4   Data          16  sdio_sdcard.o(.bss)
    STACK                                    0x2001ad40   Section     1024  startup_stm32f4xx.o(STACK)
    .ARM.__AT_0x68000000                     0x68000000   Section    983040  malloc.o(.ARM.__AT_0x68000000)
    .ARM.__AT_0x680F0000                     0x680f0000   Section    61440  malloc.o(.ARM.__AT_0x680F0000)

    Global Symbols

    Symbol Name                              Value     Ov Type        Size  Object(Section)

    BuildAttributes$$THM_ISAv4$E$P$D$K$B$S$7EM$VFPi3$EXTD16$VFPS$VFMA$PE$A:L22UL41UL21$X:L11$S22US41US21$IEEE1$IW$USESV6$~STKCKD$USESV7$~SHL$OSPACE$ROPI$EBA8$MICROLIB$REQ8$PRES8$EABIv2 0x00000000   Number         0  anon$$obj.o ABSOLUTE
    __ARM_use_no_argv                        0x00000000   Number         0  main.o ABSOLUTE
    _printf_a                                0x00000000   Number         0  stubs.o ABSOLUTE
    _printf_c                                0x00000000   Number         0  stubs.o ABSOLUTE
    _printf_charcount                        0x00000000   Number         0  stubs.o ABSOLUTE
    _printf_d                                0x00000000   Number         0  stubs.o ABSOLUTE
    _printf_e                                0x00000000   Number         0  stubs.o ABSOLUTE
    _printf_f                                0x00000000   Number         0  stubs.o ABSOLUTE
    _printf_flags                            0x00000000   Number         0  stubs.o ABSOLUTE
    _printf_fp_dec                           0x00000000   Number         0  stubs.o ABSOLUTE
    _printf_fp_hex                           0x00000000   Number         0  stubs.o ABSOLUTE
    _printf_g                                0x00000000   Number         0  stubs.o ABSOLUTE
    _printf_i                                0x00000000   Number         0  stubs.o ABSOLUTE
    _printf_int_dec                          0x00000000   Number         0  stubs.o ABSOLUTE
    _printf_l                                0x00000000   Number         0  stubs.o ABSOLUTE
    _printf_lc                               0x00000000   Number         0  stubs.o ABSOLUTE
    _printf_ll                               0x00000000   Number         0  stubs.o ABSOLUTE
    _printf_lld                              0x00000000   Number         0  stubs.o ABSOLUTE
    _printf_lli                              0x00000000   Number         0  stubs.o ABSOLUTE
    _printf_llo                              0x00000000   Number         0  stubs.o ABSOLUTE
    _printf_llu                              0x00000000   Number         0  stubs.o ABSOLUTE
    _printf_llx                              0x00000000   Number         0  stubs.o ABSOLUTE
    _printf_longlong_dec                     0x00000000   Number         0  stubs.o ABSOLUTE
    _printf_longlong_hex                     0x00000000   Number         0  stubs.o ABSOLUTE
    _printf_longlong_oct                     0x00000000   Number         0  stubs.o ABSOLUTE
    _printf_ls                               0x00000000   Number         0  stubs.o ABSOLUTE
    _printf_mbtowc                           0x00000000   Number         0  stubs.o ABSOLUTE
    _printf_n                                0x00000000   Number         0  stubs.o ABSOLUTE
    _printf_o                                0x00000000   Number         0  stubs.o ABSOLUTE
    _printf_p                                0x00000000   Number         0  stubs.o ABSOLUTE
    _printf_percent                          0x00000000   Number         0  stubs.o ABSOLUTE
    _printf_pre_padding                      0x00000000   Number         0  stubs.o ABSOLUTE
    _printf_return_value                     0x00000000   Number         0  stubs.o ABSOLUTE
    _printf_s                                0x00000000   Number         0  stubs.o ABSOLUTE
    _printf_sizespec                         0x00000000   Number         0  stubs.o ABSOLUTE
    _printf_str                              0x00000000   Number         0  stubs.o ABSOLUTE
    _printf_truncate_signed                  0x00000000   Number         0  stubs.o ABSOLUTE
    _printf_truncate_unsigned                0x00000000   Number         0  stubs.o ABSOLUTE
    _printf_u                                0x00000000   Number         0  stubs.o ABSOLUTE
    _printf_wc                               0x00000000   Number         0  stubs.o ABSOLUTE
    _printf_wctomb                           0x00000000   Number         0  stubs.o ABSOLUTE
    _printf_widthprec                        0x00000000   Number         0  stubs.o ABSOLUTE
    _printf_x                                0x00000000   Number         0  stubs.o ABSOLUTE
    __cpp_initialize__aeabi_                  - Undefined Weak Reference
    __cxa_finalize                            - Undefined Weak Reference
    __decompress                              - Undefined Weak Reference
    _clock_init                               - Undefined Weak Reference
    _microlib_exit                            - Undefined Weak Reference
    __Vectors_Size                           0x00000188   Number         0  startup_stm32f4xx.o ABSOLUTE
    __Vectors                                0x08000000   Data           4  startup_stm32f4xx.o(RESET)
    __Vectors_End                            0x08000188   Data           0  startup_stm32f4xx.o(RESET)
    __main                                   0x08000189   Thumb Code     0  entry.o(.ARM.Collect$$$$00000000)
    _main_stk                                0x08000189   Thumb Code     0  entry2.o(.ARM.Collect$$$$00000001)
    _main_scatterload                        0x0800018d   Thumb Code     0  entry5.o(.ARM.Collect$$$$00000004)
    __main_after_scatterload                 0x08000191   Thumb Code     0  entry5.o(.ARM.Collect$$$$00000004)
    _main_clock                              0x08000191   Thumb Code     0  entry7b.o(.ARM.Collect$$$$00000008)
    _main_cpp_init                           0x08000191   Thumb Code     0  entry8b.o(.ARM.Collect$$$$0000000A)
    _main_init                               0x08000191   Thumb Code     0  entry9a.o(.ARM.Collect$$$$0000000B)
    __rt_final_cpp                           0x08000199   Thumb Code     0  entry10a.o(.ARM.Collect$$$$0000000D)
    __rt_final_exit                          0x08000199   Thumb Code     0  entry11a.o(.ARM.Collect$$$$0000000F)
    INTX_DISABLE                             0x0800019d   Thumb Code     4  sdio_sdcard.o(.emb_text)
    INTX_ENABLE                              0x080001a1   Thumb Code     4  sdio_sdcard.o(.emb_text)
    Reset_Handler                            0x080001a5   Thumb Code     8  startup_stm32f4xx.o(.text)
    CAN1_RX0_IRQHandler                      0x080001bf   Thumb Code     0  startup_stm32f4xx.o(.text)
    CAN1_RX1_IRQHandler                      0x080001bf   Thumb Code     0  startup_stm32f4xx.o(.text)
    CAN1_SCE_IRQHandler                      0x080001bf   Thumb Code     0  startup_stm32f4xx.o(.text)
    CAN1_TX_IRQHandler                       0x080001bf   Thumb Code     0  startup_stm32f4xx.o(.text)
    CAN2_RX0_IRQHandler                      0x080001bf   Thumb Code     0  startup_stm32f4xx.o(.text)
    CAN2_RX1_IRQHandler                      0x080001bf   Thumb Code     0  startup_stm32f4xx.o(.text)
    CAN2_SCE_IRQHandler                      0x080001bf   Thumb Code     0  startup_stm32f4xx.o(.text)
    CAN2_TX_IRQHandler                       0x080001bf   Thumb Code     0  startup_stm32f4xx.o(.text)
    CRYP_IRQHandler                          0x080001bf   Thumb Code     0  startup_stm32f4xx.o(.text)
    DCMI_IRQHandler                          0x080001bf   Thumb Code     0  startup_stm32f4xx.o(.text)
    DMA1_Stream0_IRQHandler                  0x080001bf   Thumb Code     0  startup_stm32f4xx.o(.text)
    DMA1_Stream1_IRQHandler                  0x080001bf   Thumb Code     0  startup_stm32f4xx.o(.text)
    DMA1_Stream2_IRQHandler                  0x080001bf   Thumb Code     0  startup_stm32f4xx.o(.text)
    DMA1_Stream3_IRQHandler                  0x080001bf   Thumb Code     0  startup_stm32f4xx.o(.text)
    DMA1_Stream4_IRQHandler                  0x080001bf   Thumb Code     0  startup_stm32f4xx.o(.text)
    DMA1_Stream5_IRQHandler                  0x080001bf   Thumb Code     0  startup_stm32f4xx.o(.text)
    DMA1_Stream6_IRQHandler                  0x080001bf   Thumb Code     0  startup_stm32f4xx.o(.text)
    DMA1_Stream7_IRQHandler                  0x080001bf   Thumb Code     0  startup_stm32f4xx.o(.text)
    DMA2_Stream1_IRQHandler                  0x080001bf   Thumb Code     0  startup_stm32f4xx.o(.text)
    DMA2_Stream2_IRQHandler                  0x080001bf   Thumb Code     0  startup_stm32f4xx.o(.text)
    DMA2_Stream3_IRQHandler                  0x080001bf   Thumb Code     0  startup_stm32f4xx.o(.text)
    DMA2_Stream4_IRQHandler                  0x080001bf   Thumb Code     0  startup_stm32f4xx.o(.text)
    DMA2_Stream5_IRQHandler                  0x080001bf   Thumb Code     0  startup_stm32f4xx.o(.text)
    DMA2_Stream6_IRQHandler                  0x080001bf   Thumb Code     0  startup_stm32f4xx.o(.text)
    DMA2_Stream7_IRQHandler                  0x080001bf   Thumb Code     0  startup_stm32f4xx.o(.text)
    ETH_IRQHandler                           0x080001bf   Thumb Code     0  startup_stm32f4xx.o(.text)
    ETH_WKUP_IRQHandler                      0x080001bf   Thumb Code     0  startup_stm32f4xx.o(.text)
    EXTI0_IRQHandler                         0x080001bf   Thumb Code     0  startup_stm32f4xx.o(.text)
    EXTI15_10_IRQHandler                     0x080001bf   Thumb Code     0  startup_stm32f4xx.o(.text)
    EXTI1_IRQHandler                         0x080001bf   Thumb Code     0  startup_stm32f4xx.o(.text)
    EXTI2_IRQHandler                         0x080001bf   Thumb Code     0  startup_stm32f4xx.o(.text)
    EXTI3_IRQHandler                         0x080001bf   Thumb Code     0  startup_stm32f4xx.o(.text)
    EXTI4_IRQHandler                         0x080001bf   Thumb Code     0  startup_stm32f4xx.o(.text)
    EXTI9_5_IRQHandler                       0x080001bf   Thumb Code     0  startup_stm32f4xx.o(.text)
    FLASH_IRQHandler                         0x080001bf   Thumb Code     0  startup_stm32f4xx.o(.text)
    FPU_IRQHandler                           0x080001bf   Thumb Code     0  startup_stm32f4xx.o(.text)
    FSMC_IRQHandler                          0x080001bf   Thumb Code     0  startup_stm32f4xx.o(.text)
    HASH_RNG_IRQHandler                      0x080001bf   Thumb Code     0  startup_stm32f4xx.o(.text)
    I2C1_ER_IRQHandler                       0x080001bf   Thumb Code     0  startup_stm32f4xx.o(.text)
    I2C1_EV_IRQHandler                       0x080001bf   Thumb Code     0  startup_stm32f4xx.o(.text)
    I2C2_ER_IRQHandler                       0x080001bf   Thumb Code     0  startup_stm32f4xx.o(.text)
    I2C2_EV_IRQHandler                       0x080001bf   Thumb Code     0  startup_stm32f4xx.o(.text)
    I2C3_ER_IRQHandler                       0x080001bf   Thumb Code     0  startup_stm32f4xx.o(.text)
    I2C3_EV_IRQHandler                       0x080001bf   Thumb Code     0  startup_stm32f4xx.o(.text)
    OTG_FS_IRQHandler                        0x080001bf   Thumb Code     0  startup_stm32f4xx.o(.text)
    OTG_FS_WKUP_IRQHandler                   0x080001bf   Thumb Code     0  startup_stm32f4xx.o(.text)
    OTG_HS_EP1_IN_IRQHandler                 0x080001bf   Thumb Code     0  startup_stm32f4xx.o(.text)
    OTG_HS_EP1_OUT_IRQHandler                0x080001bf   Thumb Code     0  startup_stm32f4xx.o(.text)
    OTG_HS_IRQHandler                        0x080001bf   Thumb Code     0  startup_stm32f4xx.o(.text)
    OTG_HS_WKUP_IRQHandler                   0x080001bf   Thumb Code     0  startup_stm32f4xx.o(.text)
    PVD_IRQHandler                           0x080001bf   Thumb Code     0  startup_stm32f4xx.o(.text)
    RCC_IRQHandler                           0x080001bf   Thumb Code     0  startup_stm32f4xx.o(.text)
    RTC_Alarm_IRQHandler                     0x080001bf   Thumb Code     0  startup_stm32f4xx.o(.text)
    RTC_WKUP_IRQHandler                      0x080001bf   Thumb Code     0  startup_stm32f4xx.o(.text)
    SPI1_IRQHandler                          0x080001bf   Thumb Code     0  startup_stm32f4xx.o(.text)
    SPI2_IRQHandler                          0x080001bf   Thumb Code     0  startup_stm32f4xx.o(.text)
    SPI3_IRQHandler                          0x080001bf   Thumb Code     0  startup_stm32f4xx.o(.text)
    TAMP_STAMP_IRQHandler                    0x080001bf   Thumb Code     0  startup_stm32f4xx.o(.text)
    TIM1_BRK_TIM9_IRQHandler                 0x080001bf   Thumb Code     0  startup_stm32f4xx.o(.text)
    TIM1_CC_IRQHandler                       0x080001bf   Thumb Code     0  startup_stm32f4xx.o(.text)
    TIM1_TRG_COM_TIM11_IRQHandler            0x080001bf   Thumb Code     0  startup_stm32f4xx.o(.text)
    TIM1_UP_TIM10_IRQHandler                 0x080001bf   Thumb Code     0  startup_stm32f4xx.o(.text)
    TIM2_IRQHandler                          0x080001bf   Thumb Code     0  startup_stm32f4xx.o(.text)
    TIM5_IRQHandler                          0x080001bf   Thumb Code     0  startup_stm32f4xx.o(.text)
    TIM6_DAC_IRQHandler                      0x080001bf   Thumb Code     0  startup_stm32f4xx.o(.text)
    TIM7_IRQHandler                          0x080001bf   Thumb Code     0  startup_stm32f4xx.o(.text)
    TIM8_BRK_TIM12_IRQHandler                0x080001bf   Thumb Code     0  startup_stm32f4xx.o(.text)
    TIM8_CC_IRQHandler                       0x080001bf   Thumb Code     0  startup_stm32f4xx.o(.text)
    TIM8_TRG_COM_TIM14_IRQHandler            0x080001bf   Thumb Code     0  startup_stm32f4xx.o(.text)
    TIM8_UP_TIM13_IRQHandler                 0x080001bf   Thumb Code     0  startup_stm32f4xx.o(.text)
    UART4_IRQHandler                         0x080001bf   Thumb Code     0  startup_stm32f4xx.o(.text)
    UART5_IRQHandler                         0x080001bf   Thumb Code     0  startup_stm32f4xx.o(.text)
    USART2_IRQHandler                        0x080001bf   Thumb Code     0  startup_stm32f4xx.o(.text)
    USART3_IRQHandler                        0x080001bf   Thumb Code     0  startup_stm32f4xx.o(.text)
    USART6_IRQHandler                        0x080001bf   Thumb Code     0  startup_stm32f4xx.o(.text)
    WWDG_IRQHandler                          0x080001bf   Thumb Code     0  startup_stm32f4xx.o(.text)
    __aeabi_ldivmod                          0x080001c9   Thumb Code    90  ldiv.o(.text)
    __aeabi_memcpy                           0x08000223   Thumb Code    36  memcpya.o(.text)
    __aeabi_memcpy4                          0x08000223   Thumb Code     0  memcpya.o(.text)
    __aeabi_memcpy8                          0x08000223   Thumb Code     0  memcpya.o(.text)
    __aeabi_uidiv                            0x08000247   Thumb Code     0  uidiv.o(.text)
    __aeabi_uidivmod                         0x08000247   Thumb Code    44  uidiv.o(.text)
    __aeabi_uldivmod                         0x08000273   Thumb Code    98  uldiv.o(.text)
    __scatterload                            0x080002d5   Thumb Code    28  init.o(.text)
    __scatterload_rt2                        0x080002d5   Thumb Code     0  init.o(.text)
    __aeabi_llsl                             0x080002f9   Thumb Code    30  llshl.o(.text)
    _ll_shift_l                              0x080002f9   Thumb Code     0  llshl.o(.text)
    __aeabi_llsr                             0x08000317   Thumb Code    32  llushr.o(.text)
    _ll_ushift_r                             0x08000317   Thumb Code     0  llushr.o(.text)
    AD7606_Init                              0x08000339   Thumb Code    40  ad7606.o(i.AD7606_Init)
    AD7606_Reset                             0x08000365   Thumb Code    56  ad7606.o(i.AD7606_Reset)
    ADC_ClearITPendingBit                    0x080003a1   Thumb Code    10  stm32f4xx_adc.o(i.ADC_ClearITPendingBit)
    ADC_Cmd                                  0x080003ab   Thumb Code    22  stm32f4xx_adc.o(i.ADC_Cmd)
    ADC_GetITStatus                          0x080003c1   Thumb Code    38  stm32f4xx_adc.o(i.ADC_GetITStatus)
    ADC_IRQHandler                           0x080003e9   Thumb Code    42  stm32f4xx_it.o(i.ADC_IRQHandler)
    AD_GPIO_Init                             0x08000435   Thumb Code    76  ad7606.o(i.AD_GPIO_Init)
    BusFault_Handler                         0x08000485   Thumb Code    10  stm32f4xx_it.o(i.BusFault_Handler)
    CmdError                                 0x080004a9   Thumb Code    48  sdio_sdcard.o(i.CmdError)
    CmdResp1Error                            0x080004d9   Thumb Code    94  sdio_sdcard.o(i.CmdResp1Error)
    CmdResp2Error                            0x0800053d   Thumb Code    80  sdio_sdcard.o(i.CmdResp2Error)
    CmdResp3Error                            0x08000591   Thumb Code    50  sdio_sdcard.o(i.CmdResp3Error)
    CmdResp6Error                            0x080005c9   Thumb Code   144  sdio_sdcard.o(i.CmdResp6Error)
    CmdResp7Error                            0x0800065d   Thumb Code    70  sdio_sdcard.o(i.CmdResp7Error)
    DMA2_Stream0_IRQHandler                  0x080006a9   Thumb Code    22  stm32f4xx_it.o(i.DMA2_Stream0_IRQHandler)
    DMA_ClearITPendingBit                    0x080006c9   Thumb Code    38  stm32f4xx_dma.o(i.DMA_ClearITPendingBit)
    DMA_Cmd                                  0x080006fd   Thumb Code    22  stm32f4xx_dma.o(i.DMA_Cmd)
    DMA_DeInit                               0x08000715   Thumb Code   324  stm32f4xx_dma.o(i.DMA_DeInit)
    DMA_FlowControllerConfig                 0x0800086d   Thumb Code    22  stm32f4xx_dma.o(i.DMA_FlowControllerConfig)
    DMA_GetCmdStatus                         0x08000883   Thumb Code    20  stm32f4xx_dma.o(i.DMA_GetCmdStatus)
    DMA_GetITStatus                          0x08000899   Thumb Code    82  stm32f4xx_dma.o(i.DMA_GetITStatus)
    DMA_Init                                 0x080008fd   Thumb Code    82  stm32f4xx_dma.o(i.DMA_Init)
    DebugMon_Handler                         0x08000955   Thumb Code     2  stm32f4xx_it.o(i.DebugMon_Handler)
    FindSCR                                  0x08000959   Thumb Code   388  sdio_sdcard.o(i.FindSCR)
    GPIO_Init                                0x08000aed   Thumb Code   144  stm32f4xx_gpio.o(i.GPIO_Init)
    GPIO_PinAFConfig                         0x08000b7d   Thumb Code    70  stm32f4xx_gpio.o(i.GPIO_PinAFConfig)
    GPIO_ReadInputDataBit                    0x08000bc3   Thumb Code    18  stm32f4xx_gpio.o(i.GPIO_ReadInputDataBit)
    GPIO_ResetBits                           0x08000bd5   Thumb Code     4  stm32f4xx_gpio.o(i.GPIO_ResetBits)
    GPIO_SetBits                             0x08000bd9   Thumb Code     4  stm32f4xx_gpio.o(i.GPIO_SetBits)
    GPIO_StructInit                          0x08000bdd   Thumb Code    18  stm32f4xx_gpio.o(i.GPIO_StructInit)
    HardFault_Handler                        0x08000bf1   Thumb Code    10  stm32f4xx_it.o(i.HardFault_Handler)
    IsCardProgramming                        0x08000c15   Thumb Code   146  sdio_sdcard.o(i.IsCardProgramming)
    MemManage_Handler                        0x08000cb5   Thumb Code    10  stm32f4xx_it.o(i.MemManage_Handler)
    Mti_Init                                 0x08000cd9   Thumb Code    64  mti.o(i.Mti_Init)
    NMI_Handler                              0x08000d19   Thumb Code    10  stm32f4xx_it.o(i.NMI_Handler)
    NVIC_Init                                0x08000d35   Thumb Code   106  misc.o(i.NVIC_Init)
    NVIC_PriorityGroupConfig                 0x08000dad   Thumb Code    10  misc.o(i.NVIC_PriorityGroupConfig)
    PendSV_Handler                           0x08000dc1   Thumb Code     2  stm32f4xx_it.o(i.PendSV_Handler)
    Peripherals_Init                         0x08000dc5   Thumb Code    88  peripherals.o(i.Peripherals_Init)
    Printf_Init                              0x08000e25   Thumb Code   340  printf.o(i.Printf_Init)
    RCC_AHB1PeriphClockCmd                   0x08000f89   Thumb Code    26  stm32f4xx_rcc.o(i.RCC_AHB1PeriphClockCmd)
    RCC_APB1PeriphClockCmd                   0x08000fa9   Thumb Code    26  stm32f4xx_rcc.o(i.RCC_APB1PeriphClockCmd)
    RCC_APB2PeriphClockCmd                   0x08000fc9   Thumb Code    26  stm32f4xx_rcc.o(i.RCC_APB2PeriphClockCmd)
    RCC_APB2PeriphResetCmd                   0x08000fe9   Thumb Code    26  stm32f4xx_rcc.o(i.RCC_APB2PeriphResetCmd)
    RCC_GetClocksFreq                        0x08001009   Thumb Code   214  stm32f4xx_rcc.o(i.RCC_GetClocksFreq)
    SDEnWideBus                              0x080010f1   Thumb Code   158  sdio_sdcard.o(i.SDEnWideBus)
    SDIO_ClearFlag                           0x0800119d   Thumb Code     6  stm32f4xx_sdio.o(i.SDIO_ClearFlag)
    SDIO_Clock_Set                           0x080011a9   Thumb Code    16  sdio_sdcard.o(i.SDIO_Clock_Set)
    SDIO_DataConfig                          0x080011bd   Thumb Code    46  stm32f4xx_sdio.o(i.SDIO_DataConfig)
    SDIO_GetFlagStatus                       0x080011f1   Thumb Code    20  stm32f4xx_sdio.o(i.SDIO_GetFlagStatus)
    SDIO_GetPowerState                       0x08001209   Thumb Code    10  stm32f4xx_sdio.o(i.SDIO_GetPowerState)
    SDIO_IRQHandler                          0x08001219   Thumb Code     8  sdio_sdcard.o(i.SDIO_IRQHandler)
    SDIO_Init                                0x08001221   Thumb Code    42  stm32f4xx_sdio.o(i.SDIO_Init)
    SDIO_Register_Deinit                     0x08001251   Thumb Code    48  sdio_sdcard.o(i.SDIO_Register_Deinit)
    SDIO_SendCommand                         0x08001289   Thumb Code    40  stm32f4xx_sdio.o(i.SDIO_SendCommand)
    SDIO_SetPowerState                       0x080012b5   Thumb Code     6  stm32f4xx_sdio.o(i.SDIO_SetPowerState)
    SD_DMA_Config                            0x080012c1   Thumb Code   118  sdio_sdcard.o(i.SD_DMA_Config)
    SD_EnableWideBusOperation                0x08001341   Thumb Code    94  sdio_sdcard.o(i.SD_EnableWideBusOperation)
    SD_GetCardInfo                           0x080013a9   Thumb Code   772  sdio_sdcard.o(i.SD_GetCardInfo)
    SD_Init                                  0x080016bd   Thumb Code   284  sdio_sdcard.o(i.SD_Init)
    SD_InitializeCards                       0x080017ed   Thumb Code   330  sdio_sdcard.o(i.SD_InitializeCards)
    SD_PowerON                               0x08001951   Thumb Code   460  sdio_sdcard.o(i.SD_PowerON)
    SD_ProcessIRQSrc                         0x08001b35   Thumb Code   318  sdio_sdcard.o(i.SD_ProcessIRQSrc)
    SD_ReadBlock                             0x08001c89   Thumb Code   574  sdio_sdcard.o(i.SD_ReadBlock)
    SD_ReadDisk                              0x08001ef1   Thumb Code   152  sdio_sdcard.o(i.SD_ReadDisk)
    SD_ReadMultiBlocks                       0x08001f91   Thumb Code   710  sdio_sdcard.o(i.SD_ReadMultiBlocks)
    SD_SelectDeselect                        0x08002285   Thumb Code    42  sdio_sdcard.o(i.SD_SelectDeselect)
    SD_SetDeviceMode                         0x080022b5   Thumb Code    20  sdio_sdcard.o(i.SD_SetDeviceMode)
    SD_WriteBlock                            0x080022cd   Thumb Code   862  sdio_sdcard.o(i.SD_WriteBlock)
    SD_WriteDisk                             0x08002655   Thumb Code   152  sdio_sdcard.o(i.SD_WriteDisk)
    SD_WriteMultiBlocks                      0x080026f5   Thumb Code   934  sdio_sdcard.o(i.SD_WriteMultiBlocks)
    SPI_Cmd                                  0x08002ac5   Thumb Code    24  stm32f4xx_spi.o(i.SPI_Cmd)
    SPI_I2S_GetFlagStatus                    0x08002add   Thumb Code    18  stm32f4xx_spi.o(i.SPI_I2S_GetFlagStatus)
    SPI_I2S_ReceiveData                      0x08002aef   Thumb Code     6  stm32f4xx_spi.o(i.SPI_I2S_ReceiveData)
    SPI_I2S_SendData                         0x08002af5   Thumb Code     4  stm32f4xx_spi.o(i.SPI_I2S_SendData)
    SPI_Init                                 0x08002af9   Thumb Code    60  stm32f4xx_spi.o(i.SPI_Init)
    SPI_ReadFromAD7656                       0x08002b35   Thumb Code   262  ad7606.o(i.SPI_ReadFromAD7656)
    SPIx_Init                                0x08002c41   Thumb Code   166  ad7606.o(i.SPIx_Init)
    SPIx_ReadWriteByte                       0x08002cf1   Thumb Code    76  ad7606.o(i.SPIx_ReadWriteByte)
    SVC_Handler                              0x08002d41   Thumb Code     2  stm32f4xx_it.o(i.SVC_Handler)
    SysTick_CLKSourceConfig                  0x08002e31   Thumb Code    40  misc.o(i.SysTick_CLKSourceConfig)
    SysTick_Handler                          0x08002e59   Thumb Code     2  stm32f4xx_it.o(i.SysTick_Handler)
    SystemInit                               0x08002e5d   Thumb Code    88  system_stm32f4xx.o(i.SystemInit)
    TIM3_IRQHandler                          0x08002ec5   Thumb Code   108  stm32f4xx_it.o(i.TIM3_IRQHandler)
    TIM4_IRQHandler                          0x08002f45   Thumb Code   122  main.o(i.TIM4_IRQHandler)
    TIM_ClearITPendingBit                    0x08002fe5   Thumb Code     6  stm32f4xx_tim.o(i.TIM_ClearITPendingBit)
    TIM_Cmd                                  0x08002feb   Thumb Code    24  stm32f4xx_tim.o(i.TIM_Cmd)
    TIM_GetITStatus                          0x08003003   Thumb Code    34  stm32f4xx_tim.o(i.TIM_GetITStatus)
    TIM_ITConfig                             0x08003025   Thumb Code    18  stm32f4xx_tim.o(i.TIM_ITConfig)
    TIM_TimeBaseInit                         0x08003039   Thumb Code   104  stm32f4xx_tim.o(i.TIM_TimeBaseInit)
    Timer3_Init                              0x080030bd   Thumb Code    86  peripherals.o(i.Timer3_Init)
    Timer4_Init                              0x08003119   Thumb Code    88  peripherals.o(i.Timer4_Init)
    USART1_IRQHandler                        0x08003175   Thumb Code   222  stm32f4xx_it.o(i.USART1_IRQHandler)
    USART_ClockInit                          0x08003271   Thumb Code    32  stm32f4xx_usart.o(i.USART_ClockInit)
    USART_ClockStructInit                    0x08003291   Thumb Code    12  stm32f4xx_usart.o(i.USART_ClockStructInit)
    USART_Cmd                                0x0800329d   Thumb Code    24  stm32f4xx_usart.o(i.USART_Cmd)
    USART_GetFlagStatus                      0x080032b5   Thumb Code    26  stm32f4xx_usart.o(i.USART_GetFlagStatus)
    USART_GetITStatus                        0x080032cf   Thumb Code    84  stm32f4xx_usart.o(i.USART_GetITStatus)
    USART_ITConfig                           0x08003323   Thumb Code    74  stm32f4xx_usart.o(i.USART_ITConfig)
    USART_Init                               0x0800336d   Thumb Code   204  stm32f4xx_usart.o(i.USART_Init)
    USART_ReceiveData                        0x08003441   Thumb Code    10  stm32f4xx_usart.o(i.USART_ReceiveData)
    USART_SendData                           0x0800344b   Thumb Code     8  stm32f4xx_usart.o(i.USART_SendData)
    USART_StructInit                         0x08003453   Thumb Code    24  stm32f4xx_usart.o(i.USART_StructInit)
    UsageFault_Handler                       0x0800346d   Thumb Code    10  stm32f4xx_it.o(i.UsageFault_Handler)
    __0printf$1                              0x08003491   Thumb Code    22  printf1.o(i.__0printf$1)
    __1printf$1                              0x08003491   Thumb Code     0  printf1.o(i.__0printf$1)
    __2printf                                0x08003491   Thumb Code     0  printf1.o(i.__0printf$1)
    __0sprintf$1                             0x080034b1   Thumb Code    34  printf1.o(i.__0sprintf$1)
    __1sprintf$1                             0x080034b1   Thumb Code     0  printf1.o(i.__0sprintf$1)
    __2sprintf                               0x080034b1   Thumb Code     0  printf1.o(i.__0sprintf$1)
    __scatterload_copy                       0x080034d9   Thumb Code    14  handlers.o(i.__scatterload_copy)
    __scatterload_null                       0x080034e7   Thumb Code     2  handlers.o(i.__scatterload_null)
    __scatterload_zeroinit                   0x080034e9   Thumb Code    14  handlers.o(i.__scatterload_zeroinit)
    clust2sect                               0x0800372f   Thumb Code    26  ff.o(i.clust2sect)
    convert_from_bytes_to_power_of_two       0x080037d9   Thumb Code    18  sdio_sdcard.o(i.convert_from_bytes_to_power_of_two)
    delay_init                               0x08003b31   Thumb Code    52  delay.o(i.delay_init)
    delay_ms                                 0x08003b6d   Thumb Code    56  delay.o(i.delay_ms)
    delay_us                                 0x08003ba5   Thumb Code    72  delay.o(i.delay_us)
    delay_xms                                0x08003bf1   Thumb Code    72  delay.o(i.delay_xms)
    dir_sdi                                  0x08003fbd   Thumb Code   158  ff.o(i.dir_sdi)
    disk_initialize                          0x0800405b   Thumb Code    32  diskio.o(i.disk_initialize)
    disk_ioctl                               0x0800407d   Thumb Code   102  diskio.o(i.disk_ioctl)
    disk_read                                0x080040e9   Thumb Code    86  diskio.o(i.disk_read)
    disk_status                              0x0800413f   Thumb Code     6  diskio.o(i.disk_status)
    disk_write                               0x08004145   Thumb Code    86  diskio.o(i.disk_write)
    exfuns_init                              0x0800419d   Thumb Code   114  main.o(i.exfuns_init)
    f_close                                  0x08004221   Thumb Code    36  ff.o(i.f_close)
    f_mount                                  0x08004245   Thumb Code    86  ff.o(i.f_mount)
    f_open                                   0x080042a1   Thumb Code   384  ff.o(i.f_open)
    f_sync                                   0x08004421   Thumb Code   176  ff.o(i.f_sync)
    f_write                                  0x080044d1   Thumb Code   490  ff.o(i.f_write)
    ff_convert                               0x080046bd   Thumb Code   116  cc936.o(i.ff_convert)
    ff_memalloc                              0x08004739   Thumb Code    14  diskio.o(i.ff_memalloc)
    ff_memfree                               0x08004747   Thumb Code    14  diskio.o(i.ff_memfree)
    ff_wtoupper                              0x08004755   Thumb Code    46  cc936.o(i.ff_wtoupper)
    fputc                                    0x08004c25   Thumb Code    32  printf.o(i.fputc)
    get_fat                                  0x08004d11   Thumb Code   232  ff.o(i.get_fat)
    get_fattime                              0x08004df9   Thumb Code     4  diskio.o(i.get_fattime)
    main                                     0x08004e6d   Thumb Code   378  main.o(i.main)
    my_mem_free                              0x080050b1   Thumb Code    96  malloc.o(i.my_mem_free)
    my_mem_init                              0x0800511d   Thumb Code    54  malloc.o(i.my_mem_init)
    my_mem_malloc                            0x08005161   Thumb Code   156  malloc.o(i.my_mem_malloc)
    my_mem_perused                           0x08005209   Thumb Code    54  malloc.o(i.my_mem_perused)
    myfree                                   0x08005249   Thumb Code    30  malloc.o(i.myfree)
    mymalloc                                 0x0800526d   Thumb Code    34  malloc.o(i.mymalloc)
    mymemset                                 0x08005295   Thumb Code    20  malloc.o(i.mymemset)
    put_fat                                  0x080052a9   Thumb Code   310  ff.o(i.put_fat)
    memtblsize                               0x08005600   Data          12  malloc.o(.constdata)
    memblksize                               0x0800560c   Data          12  malloc.o(.constdata)
    memsize                                  0x08005618   Data          12  malloc.o(.constdata)
    Region$$Table$$Base                      0x080302ec   Number         0  anon$$obj.o(Region$$Table)
    Region$$Table$$Limit                     0x0803030c   Number         0  anon$$obj.o(Region$$Table)
    mem3base                                 0x10000000   Data       61440  malloc.o(.ARM.__AT_0x10000000)
    mem3mapbase                              0x1000f000   Data        3840  malloc.o(.ARM.__AT_0x1000F000)
    TimeCounter_1ms                          0x20000000   Data           2  stm32f4xx_it.o(.data)
    ReKeyFlag                                0x20000002   Data           1  stm32f4xx_it.o(.data)
    KeyFlag                                  0x20000003   Data           1  stm32f4xx_it.o(.data)
    UsartMessage                             0x20000004   Data           1  stm32f4xx_it.o(.data)
    status                                   0x20000005   Data           1  stm32f4xx_it.o(.data)
    ccnt                                     0x20000006   Data           1  stm32f4xx_it.o(.data)
    packageflag                              0x20000007   Data           1  stm32f4xx_it.o(.data)
    file                                     0x20000008   Data           4  main.o(.data)
    ftemp                                    0x2000000c   Data           4  main.o(.data)
    br                                       0x20000010   Data           4  main.o(.data)
    bw                                       0x20000014   Data           4  main.o(.data)
    fatbuf                                   0x20000018   Data           4  main.o(.data)
    res                                      0x2000001c   Data           4  main.o(.data)
    i                                        0x20000020   Data           4  main.o(.data)
    current_state                            0x20000024   Data           1  main.o(.data)
    SetMoment                                0x20000025   Data           7  main.o(.data)
    CurrentMoment                            0x2000002c   Data           7  main.o(.data)
    Adc                                      0x20000034   Data           4  main.o(.data)
    TimerCounter                             0x20000038   Data           2  main.o(.data)
    IMU_omega                                0x2000003c   Data           4  main.o(.data)
    NewFileFlag                              0x20000040   Data           1  main.o(.data)
    FirstFileFlag                            0x20000041   Data           1  main.o(.data)
    isWriting                                0x20000042   Data           1  main.o(.data)
    ADValue                                  0x20000044   Data           2  main.o(.data)
    Vout                                     0x20000048   Data           4  main.o(.data)
    temp_f_sync                              0x2000004c   Data           2  main.o(.data)
    mallco_dev                               0x20000060   Data          36  malloc.o(.data)
    TransferError                            0x2000008e   Data           1  sdio_sdcard.o(.data)
    TransferEnd                              0x2000008f   Data           1  sdio_sdcard.o(.data)
    tempbuff                                 0x20000090   Data           4  sdio_sdcard.o(.data)
    __stdout                                 0x20000098   Data           4  stdout.o(.data)
    rxbuf                                    0x2000009c   Data          20  stm32f4xx_it.o(.bss)
    fs                                       0x200000b0   Data          12  main.o(.bss)
    fileinfo                                 0x200000bc   Data          32  main.o(.bss)
    dir                                      0x200000dc   Data          36  main.o(.bss)
    RecievedData                             0x20000100   Data          40  main.o(.bss)
    buf                                      0x20000128   Data          50  main.o(.bss)
    mem1base                                 0x20000180   Data       102400  malloc.o(.bss)
    mem1mapbase                              0x20019180   Data        6400  malloc.o(.bss)
    SDIO_InitStructure                       0x2001aa80   Data          24  sdio_sdcard.o(.bss)
    SDIO_CmdInitStructure                    0x2001aa98   Data          20  sdio_sdcard.o(.bss)
    SDIO_DataInitStructure                   0x2001aaac   Data          24  sdio_sdcard.o(.bss)
    SDCardInfo                               0x2001aae8   Data          88  sdio_sdcard.o(.bss)
    SDIO_DATA_BUFFER                         0x2001ab40   Data         512  sdio_sdcard.o(.bss)
    __initial_sp                             0x2001b140   Data           0  startup_stm32f4xx.o(STACK)
    mem2base                                 0x68000000   Data       983040  malloc.o(.ARM.__AT_0x68000000)
    mem2mapbase                              0x680f0000   Data       61440  malloc.o(.ARM.__AT_0x680F0000)



==============================================================================

Memory Map of the image

  Image Entry point : 0x08000189

  Load Region LR_IROM1 (Base: 0x08000000, Size: 0x000303a8, Max: 0x00080000, ABSOLUTE)

    Execution Region ER_IROM1 (Base: 0x08000000, Size: 0x0003030c, Max: 0x00080000, ABSOLUTE)

    Base Addr    Size         Type   Attr      Idx    E Section Name        Object

    0x08000000   0x00000188   Data   RO         4708    RESET               startup_stm32f4xx.o
    0x08000188   0x00000000   Code   RO         5727  * .ARM.Collect$$$$00000000  mc_w.l(entry.o)
    0x08000188   0x00000004   Code   RO         5997    .ARM.Collect$$$$00000001  mc_w.l(entry2.o)
    0x0800018c   0x00000004   Code   RO         6000    .ARM.Collect$$$$00000004  mc_w.l(entry5.o)
    0x08000190   0x00000000   Code   RO         6002    .ARM.Collect$$$$00000008  mc_w.l(entry7b.o)
    0x08000190   0x00000000   Code   RO         6004    .ARM.Collect$$$$0000000A  mc_w.l(entry8b.o)
    0x08000190   0x00000008   Code   RO         6005    .ARM.Collect$$$$0000000B  mc_w.l(entry9a.o)
    0x08000198   0x00000000   Code   RO         6007    .ARM.Collect$$$$0000000D  mc_w.l(entry10a.o)
    0x08000198   0x00000000   Code   RO         6009    .ARM.Collect$$$$0000000F  mc_w.l(entry11a.o)
    0x08000198   0x00000004   Code   RO         5998    .ARM.Collect$$$$00002712  mc_w.l(entry2.o)
    0x0800019c   0x00000008   Code   RO         5235    .emb_text           sdio_sdcard.o
    0x080001a4   0x00000024   Code   RO         4709    .text               startup_stm32f4xx.o
    0x080001c8   0x0000005a   Code   RO         5730    .text               mc_w.l(ldiv.o)
    0x08000222   0x00000024   Code   RO         5732    .text               mc_w.l(memcpya.o)
    0x08000246   0x0000002c   Code   RO         6012    .text               mc_w.l(uidiv.o)
    0x08000272   0x00000062   Code   RO         6014    .text               mc_w.l(uldiv.o)
    0x080002d4   0x00000024   Code   RO         6027    .text               mc_w.l(init.o)
    0x080002f8   0x0000001e   Code   RO         6029    .text               mc_w.l(llshl.o)
    0x08000316   0x00000020   Code   RO         6031    .text               mc_w.l(llushr.o)
    0x08000336   0x00000002   PAD
    0x08000338   0x0000002c   Code   RO         5676    i.AD7606_Init       ad7606.o
    0x08000364   0x0000003c   Code   RO         5677    i.AD7606_Reset      ad7606.o
    0x080003a0   0x0000000a   Code   RO          658    i.ADC_ClearITPendingBit  stm32f4xx_adc.o
    0x080003aa   0x00000016   Code   RO          659    i.ADC_Cmd           stm32f4xx_adc.o
    0x080003c0   0x00000026   Code   RO          673    i.ADC_GetITStatus   stm32f4xx_adc.o
    0x080003e6   0x00000002   PAD
    0x080003e8   0x0000004c   Code   RO            3    i.ADC_IRQHandler    stm32f4xx_it.o
    0x08000434   0x00000050   Code   RO         5678    i.AD_GPIO_Init      ad7606.o
    0x08000484   0x00000024   Code   RO            4    i.BusFault_Handler  stm32f4xx_it.o
    0x080004a8   0x00000030   Code   RO         5236    i.CmdError          sdio_sdcard.o
    0x080004d8   0x00000064   Code   RO         5237    i.CmdResp1Error     sdio_sdcard.o
    0x0800053c   0x00000054   Code   RO         5238    i.CmdResp2Error     sdio_sdcard.o
    0x08000590   0x00000038   Code   RO         5239    i.CmdResp3Error     sdio_sdcard.o
    0x080005c8   0x00000094   Code   RO         5240    i.CmdResp6Error     sdio_sdcard.o
    0x0800065c   0x0000004c   Code   RO         5241    i.CmdResp7Error     sdio_sdcard.o
    0x080006a8   0x00000020   Code   RO            5    i.DMA2_Stream0_IRQHandler  stm32f4xx_it.o
    0x080006c8   0x00000034   Code   RO         1591    i.DMA_ClearITPendingBit  stm32f4xx_dma.o
    0x080006fc   0x00000016   Code   RO         1592    i.DMA_Cmd           stm32f4xx_dma.o
    0x08000712   0x00000002   PAD
    0x08000714   0x00000158   Code   RO         1593    i.DMA_DeInit        stm32f4xx_dma.o
    0x0800086c   0x00000016   Code   RO         1596    i.DMA_FlowControllerConfig  stm32f4xx_dma.o
    0x08000882   0x00000014   Code   RO         1597    i.DMA_GetCmdStatus  stm32f4xx_dma.o
    0x08000896   0x00000002   PAD
    0x08000898   0x00000064   Code   RO         1602    i.DMA_GetITStatus   stm32f4xx_dma.o
    0x080008fc   0x00000058   Code   RO         1604    i.DMA_Init          stm32f4xx_dma.o
    0x08000954   0x00000002   Code   RO            6    i.DebugMon_Handler  stm32f4xx_it.o
    0x08000956   0x00000002   PAD
    0x08000958   0x00000194   Code   RO         5242    i.FindSCR           sdio_sdcard.o
    0x08000aec   0x00000090   Code   RO         2115    i.GPIO_Init         stm32f4xx_gpio.o
    0x08000b7c   0x00000046   Code   RO         2116    i.GPIO_PinAFConfig  stm32f4xx_gpio.o
    0x08000bc2   0x00000012   Code   RO         2119    i.GPIO_ReadInputDataBit  stm32f4xx_gpio.o
    0x08000bd4   0x00000004   Code   RO         2122    i.GPIO_ResetBits    stm32f4xx_gpio.o
    0x08000bd8   0x00000004   Code   RO         2123    i.GPIO_SetBits      stm32f4xx_gpio.o
    0x08000bdc   0x00000012   Code   RO         2124    i.GPIO_StructInit   stm32f4xx_gpio.o
    0x08000bee   0x00000002   PAD
    0x08000bf0   0x00000024   Code   RO            7    i.HardFault_Handler  stm32f4xx_it.o
    0x08000c14   0x000000a0   Code   RO         5243    i.IsCardProgramming  sdio_sdcard.o
    0x08000cb4   0x00000024   Code   RO            8    i.MemManage_Handler  stm32f4xx_it.o
    0x08000cd8   0x00000040   Code   RO         5591    i.Mti_Init          mti.o
    0x08000d18   0x0000001c   Code   RO            9    i.NMI_Handler       stm32f4xx_it.o
    0x08000d34   0x00000078   Code   RO          531    i.NVIC_Init         misc.o
    0x08000dac   0x00000014   Code   RO          532    i.NVIC_PriorityGroupConfig  misc.o
    0x08000dc0   0x00000002   Code   RO           10    i.PendSV_Handler    stm32f4xx_it.o
    0x08000dc2   0x00000002   PAD
    0x08000dc4   0x00000060   Code   RO         5478    i.Peripherals_Init  peripherals.o
    0x08000e24   0x00000164   Code   RO          450    i.Printf_Init       printf.o
    0x08000f88   0x00000020   Code   RO         2737    i.RCC_AHB1PeriphClockCmd  stm32f4xx_rcc.o
    0x08000fa8   0x00000020   Code   RO         2746    i.RCC_APB1PeriphClockCmd  stm32f4xx_rcc.o
    0x08000fc8   0x00000020   Code   RO         2749    i.RCC_APB2PeriphClockCmd  stm32f4xx_rcc.o
    0x08000fe8   0x00000020   Code   RO         2751    i.RCC_APB2PeriphResetCmd  stm32f4xx_rcc.o
    0x08001008   0x000000e8   Code   RO         2758    i.RCC_GetClocksFreq  stm32f4xx_rcc.o
    0x080010f0   0x000000ac   Code   RO         5244    i.SDEnWideBus       sdio_sdcard.o
    0x0800119c   0x0000000c   Code   RO         3440    i.SDIO_ClearFlag    stm32f4xx_sdio.o
    0x080011a8   0x00000014   Code   RO         5245    i.SDIO_Clock_Set    sdio_sdcard.o
    0x080011bc   0x00000034   Code   RO         3446    i.SDIO_DataConfig   stm32f4xx_sdio.o
    0x080011f0   0x00000018   Code   RO         3452    i.SDIO_GetFlagStatus  stm32f4xx_sdio.o
    0x08001208   0x00000010   Code   RO         3454    i.SDIO_GetPowerState  stm32f4xx_sdio.o
    0x08001218   0x00000008   Code   RO         5246    i.SDIO_IRQHandler   sdio_sdcard.o
    0x08001220   0x00000030   Code   RO         3457    i.SDIO_Init         stm32f4xx_sdio.o
    0x08001250   0x00000038   Code   RO         5247    i.SDIO_Register_Deinit  sdio_sdcard.o
    0x08001288   0x0000002c   Code   RO         3460    i.SDIO_SendCommand  stm32f4xx_sdio.o
    0x080012b4   0x0000000c   Code   RO         3462    i.SDIO_SetPowerState  stm32f4xx_sdio.o
    0x080012c0   0x00000080   Code   RO         5248    i.SD_DMA_Config     sdio_sdcard.o
    0x08001340   0x00000068   Code   RO         5249    i.SD_EnableWideBusOperation  sdio_sdcard.o
    0x080013a8   0x00000314   Code   RO         5250    i.SD_GetCardInfo    sdio_sdcard.o
    0x080016bc   0x00000130   Code   RO         5252    i.SD_Init           sdio_sdcard.o
    0x080017ec   0x00000164   Code   RO         5253    i.SD_InitializeCards  sdio_sdcard.o
    0x08001950   0x000001e4   Code   RO         5255    i.SD_PowerON        sdio_sdcard.o
    0x08001b34   0x00000154   Code   RO         5256    i.SD_ProcessIRQSrc  sdio_sdcard.o
    0x08001c88   0x00000268   Code   RO         5257    i.SD_ReadBlock      sdio_sdcard.o
    0x08001ef0   0x000000a0   Code   RO         5258    i.SD_ReadDisk       sdio_sdcard.o
    0x08001f90   0x000002f4   Code   RO         5259    i.SD_ReadMultiBlocks  sdio_sdcard.o
    0x08002284   0x00000030   Code   RO         5260    i.SD_SelectDeselect  sdio_sdcard.o
    0x080022b4   0x00000018   Code   RO         5262    i.SD_SetDeviceMode  sdio_sdcard.o
    0x080022cc   0x00000388   Code   RO         5263    i.SD_WriteBlock     sdio_sdcard.o
    0x08002654   0x000000a0   Code   RO         5264    i.SD_WriteDisk      sdio_sdcard.o
    0x080026f4   0x000003d0   Code   RO         5265    i.SD_WriteMultiBlocks  sdio_sdcard.o
    0x08002ac4   0x00000018   Code   RO         3642    i.SPI_Cmd           stm32f4xx_spi.o
    0x08002adc   0x00000012   Code   RO         3650    i.SPI_I2S_GetFlagStatus  stm32f4xx_spi.o
    0x08002aee   0x00000006   Code   RO         3653    i.SPI_I2S_ReceiveData  stm32f4xx_spi.o
    0x08002af4   0x00000004   Code   RO         3654    i.SPI_I2S_SendData  stm32f4xx_spi.o
    0x08002af8   0x0000003c   Code   RO         3655    i.SPI_Init          stm32f4xx_spi.o
    0x08002b34   0x0000010c   Code   RO         5679    i.SPI_ReadFromAD7656  ad7606.o
    0x08002c40   0x000000b0   Code   RO         5680    i.SPIx_Init         ad7606.o
    0x08002cf0   0x00000050   Code   RO         5681    i.SPIx_ReadWriteByte  ad7606.o
    0x08002d40   0x00000002   Code   RO           11    i.SVC_Handler       stm32f4xx_it.o
    0x08002d42   0x00000002   PAD
    0x08002d44   0x000000ec   Code   RO         4671    i.SetSysClock       system_stm32f4xx.o
    0x08002e30   0x00000028   Code   RO          535    i.SysTick_CLKSourceConfig  misc.o
    0x08002e58   0x00000002   Code   RO           12    i.SysTick_Handler   stm32f4xx_it.o
    0x08002e5a   0x00000002   PAD
    0x08002e5c   0x00000068   Code   RO         4673    i.SystemInit        system_stm32f4xx.o
    0x08002ec4   0x00000080   Code   RO           13    i.TIM3_IRQHandler   stm32f4xx_it.o
    0x08002f44   0x000000a0   Code   RO          247    i.TIM4_IRQHandler   main.o
    0x08002fe4   0x00000006   Code   RO         3864    i.TIM_ClearITPendingBit  stm32f4xx_tim.o
    0x08002fea   0x00000018   Code   RO         3869    i.TIM_Cmd           stm32f4xx_tim.o
    0x08003002   0x00000022   Code   RO         3890    i.TIM_GetITStatus   stm32f4xx_tim.o
    0x08003024   0x00000012   Code   RO         3894    i.TIM_ITConfig      stm32f4xx_tim.o
    0x08003036   0x00000002   PAD
    0x08003038   0x00000084   Code   RO         3941    i.TIM_TimeBaseInit  stm32f4xx_tim.o
    0x080030bc   0x0000005c   Code   RO         5479    i.Timer3_Init       peripherals.o
    0x08003118   0x0000005c   Code   RO         5480    i.Timer4_Init       peripherals.o
    0x08003174   0x000000fc   Code   RO           14    i.USART1_IRQHandler  stm32f4xx_it.o
    0x08003270   0x00000020   Code   RO         4420    i.USART_ClockInit   stm32f4xx_usart.o
    0x08003290   0x0000000c   Code   RO         4421    i.USART_ClockStructInit  stm32f4xx_usart.o
    0x0800329c   0x00000018   Code   RO         4422    i.USART_Cmd         stm32f4xx_usart.o
    0x080032b4   0x0000001a   Code   RO         4425    i.USART_GetFlagStatus  stm32f4xx_usart.o
    0x080032ce   0x00000054   Code   RO         4426    i.USART_GetITStatus  stm32f4xx_usart.o
    0x08003322   0x0000004a   Code   RO         4428    i.USART_ITConfig    stm32f4xx_usart.o
    0x0800336c   0x000000d4   Code   RO         4429    i.USART_Init        stm32f4xx_usart.o
    0x08003440   0x0000000a   Code   RO         4436    i.USART_ReceiveData  stm32f4xx_usart.o
    0x0800344a   0x00000008   Code   RO         4439    i.USART_SendData    stm32f4xx_usart.o
    0x08003452   0x00000018   Code   RO         4445    i.USART_StructInit  stm32f4xx_usart.o
    0x0800346a   0x00000002   PAD
    0x0800346c   0x00000024   Code   RO           15    i.UsageFault_Handler  stm32f4xx_it.o
    0x08003490   0x00000020   Code   RO         5781    i.__0printf$1       mc_w.l(printf1.o)
    0x080034b0   0x00000028   Code   RO         5783    i.__0sprintf$1      mc_w.l(printf1.o)
    0x080034d8   0x0000000e   Code   RO         6039    i.__scatterload_copy  mc_w.l(handlers.o)
    0x080034e6   0x00000002   Code   RO         6040    i.__scatterload_null  mc_w.l(handlers.o)
    0x080034e8   0x0000000e   Code   RO         6041    i.__scatterload_zeroinit  mc_w.l(handlers.o)
    0x080034f6   0x00000002   PAD
    0x080034f8   0x00000154   Code   RO         5788    i._printf_core      mc_w.l(printf1.o)
    0x0800364c   0x0000000a   Code   RO         5790    i._sputc            mc_w.l(printf1.o)
    0x08003656   0x00000002   PAD
    0x08003658   0x00000090   Code   RO         4785    i.check_fs          ff.o
    0x080036e8   0x00000014   Code   RO         4786    i.chk_chr           ff.o
    0x080036fc   0x00000032   Code   RO         4787    i.clmt_clust        ff.o
    0x0800372e   0x0000001a   Code   RO         4788    i.clust2sect        ff.o
    0x08003748   0x00000090   Code   RO         4789    i.cmp_lfn           ff.o
    0x080037d8   0x00000012   Code   RO         5266    i.convert_from_bytes_to_power_of_two  sdio_sdcard.o
    0x080037ea   0x000000d6   Code   RO         4790    i.create_chain      ff.o
    0x080038c0   0x00000270   Code   RO         4791    i.create_name       ff.o
    0x08003b30   0x0000003c   Code   RO         5510    i.delay_init        delay.o
    0x08003b6c   0x00000038   Code   RO         5511    i.delay_ms          delay.o
    0x08003ba4   0x0000004c   Code   RO         5512    i.delay_us          delay.o
    0x08003bf0   0x0000004c   Code   RO         5513    i.delay_xms         delay.o
    0x08003c3c   0x0000005c   Code   RO         4792    i.dir_alloc         ff.o
    0x08003c98   0x000000ea   Code   RO         4793    i.dir_find          ff.o
    0x08003d82   0x00000110   Code   RO         4794    i.dir_next          ff.o
    0x08003e92   0x0000012a   Code   RO         4796    i.dir_register      ff.o
    0x08003fbc   0x0000009e   Code   RO         4798    i.dir_sdi           ff.o
    0x0800405a   0x00000020   Code   RO         4715    i.disk_initialize   diskio.o
    0x0800407a   0x00000002   PAD
    0x0800407c   0x0000006c   Code   RO         4716    i.disk_ioctl        diskio.o
    0x080040e8   0x00000056   Code   RO         4717    i.disk_read         diskio.o
    0x0800413e   0x00000006   Code   RO         4718    i.disk_status       diskio.o
    0x08004144   0x00000056   Code   RO         4719    i.disk_write        diskio.o
    0x0800419a   0x00000002   PAD
    0x0800419c   0x00000084   Code   RO          249    i.exfuns_init       main.o
    0x08004220   0x00000024   Code   RO         4800    i.f_close           ff.o
    0x08004244   0x0000005c   Code   RO         4808    i.f_mount           ff.o
    0x080042a0   0x00000180   Code   RO         4809    i.f_open            ff.o
    0x08004420   0x000000b0   Code   RO         4819    i.f_sync            ff.o
    0x080044d0   0x000001ea   Code   RO         4823    i.f_write           ff.o
    0x080046ba   0x00000002   PAD
    0x080046bc   0x0000007c   Code   RO         5213    i.ff_convert        cc936.o
    0x08004738   0x0000000e   Code   RO         4720    i.ff_memalloc       diskio.o
    0x08004746   0x0000000e   Code   RO         4721    i.ff_memfree        diskio.o
    0x08004754   0x00000038   Code   RO         5214    i.ff_wtoupper       cc936.o
    0x0800478c   0x00000388   Code   RO         4824    i.find_volume       ff.o
    0x08004b14   0x00000080   Code   RO         4825    i.fit_lfn           ff.o
    0x08004b94   0x00000090   Code   RO         4826    i.follow_path       ff.o
    0x08004c24   0x00000024   Code   RO          460    i.fputc             printf.o
    0x08004c48   0x000000c8   Code   RO         4827    i.gen_numname       ff.o
    0x08004d10   0x000000e8   Code   RO         4828    i.get_fat           ff.o
    0x08004df8   0x00000008   Code   RO         4722    i.get_fattime       diskio.o
    0x08004e00   0x0000004a   Code   RO         4830    i.get_ldnumber      ff.o
    0x08004e4a   0x00000020   Code   RO         4831    i.ld_clust          ff.o
    0x08004e6a   0x00000002   PAD
    0x08004e6c   0x000001bc   Code   RO          250    i.main              main.o
    0x08005028   0x00000026   Code   RO         4832    i.mem_cmp           ff.o
    0x0800504e   0x0000001a   Code   RO         4833    i.mem_cpy           ff.o
    0x08005068   0x00000014   Code   RO         4834    i.mem_set           ff.o
    0x0800507c   0x00000032   Code   RO         4835    i.move_window       ff.o
    0x080050ae   0x00000002   PAD
    0x080050b0   0x0000006c   Code   RO         5135    i.my_mem_free       malloc.o
    0x0800511c   0x00000044   Code   RO         5136    i.my_mem_init       malloc.o
    0x08005160   0x000000a8   Code   RO         5137    i.my_mem_malloc     malloc.o
    0x08005208   0x00000040   Code   RO         5138    i.my_mem_perused    malloc.o
    0x08005248   0x00000024   Code   RO         5139    i.myfree            malloc.o
    0x0800526c   0x00000028   Code   RO         5140    i.mymalloc          malloc.o
    0x08005294   0x00000014   Code   RO         5142    i.mymemset          malloc.o
    0x080052a8   0x00000136   Code   RO         4837    i.put_fat           ff.o
    0x080053de   0x0000006c   Code   RO         4839    i.remove_chain      ff.o
    0x0800544a   0x00000010   Code   RO         4840    i.st_clust          ff.o
    0x0800545a   0x00000020   Code   RO         4841    i.sum_sfn           ff.o
    0x0800547a   0x000000c8   Code   RO         4842    i.sync_fs           ff.o
    0x08005542   0x0000004c   Code   RO         4843    i.sync_window       ff.o
    0x0800558e   0x00000036   Code   RO         4844    i.validate          ff.o
    0x080055c4   0x0000003a   Data   RO         4846    .constdata          ff.o
    0x080055fe   0x00000002   PAD
    0x08005600   0x00000024   Data   RO         5149    .constdata          malloc.o
    0x08005624   0x0002acc8   Data   RO         5215    .constdata          cc936.o
    0x080302ec   0x00000020   Data   RO         6037    Region$$Table       anon$$obj.o


    Execution Region RW_IRAM1 (Base: 0x20000000, Size: 0x0001b140, Max: 0x00020000, ABSOLUTE)

    Base Addr    Size         Type   Attr      Idx    E Section Name        Object

    0x20000000   0x00000008   Data   RW           17    .data               stm32f4xx_it.o
    0x20000008   0x00000046   Data   RW          252    .data               main.o
    0x2000004e   0x00000010   Data   RW         2781    .data               stm32f4xx_rcc.o
    0x2000005e   0x00000002   Data   RW         4847    .data               ff.o
    0x20000060   0x00000024   Data   RW         5150    .data               malloc.o
    0x20000084   0x00000010   Data   RW         5268    .data               sdio_sdcard.o
    0x20000094   0x00000004   Data   RW         5514    .data               delay.o
    0x20000098   0x00000004   Data   RW         6011    .data               mc_w.l(stdout.o)
    0x2000009c   0x00000014   Zero   RW           16    .bss                stm32f4xx_it.o
    0x200000b0   0x000000aa   Zero   RW          251    .bss                main.o
    0x2000015a   0x00000002   PAD
    0x2000015c   0x0000000c   Zero   RW         4845    .bss                ff.o
    0x20000168   0x00000018   PAD
    0x20000180   0x0001a900   Zero   RW         5148    .bss                malloc.o
    0x2001aa80   0x000002c0   Zero   RW         5267    .bss                sdio_sdcard.o
    0x2001ad40   0x00000400   Zero   RW         4706    STACK               startup_stm32f4xx.o



  Load Region LR$$.ARM.__AT_0x10000000 (Base: 0x10000000, Size: 0x00000000, Max: 0x0000f000, ABSOLUTE)

    Execution Region ER$$.ARM.__AT_0x10000000 (Base: 0x10000000, Size: 0x0000f000, Max: 0x0000f000, ABSOLUTE, UNINIT)

    Base Addr    Size         Type   Attr      Idx    E Section Name        Object

    0x10000000   0x0000f000   Zero   RW         5144    .ARM.__AT_0x10000000  malloc.o



  Load Region LR$$.ARM.__AT_0x1000F000 (Base: 0x1000f000, Size: 0x00000000, Max: 0x00000f00, ABSOLUTE)

    Execution Region ER$$.ARM.__AT_0x1000F000 (Base: 0x1000f000, Size: 0x00000f00, Max: 0x00000f00, ABSOLUTE, UNINIT)

    Base Addr    Size         Type   Attr      Idx    E Section Name        Object

    0x1000f000   0x00000f00   Zero   RW         5145    .ARM.__AT_0x1000F000  malloc.o



  Load Region LR$$.ARM.__AT_0x68000000 (Base: 0x68000000, Size: 0x00000000, Max: 0x000f0000, ABSOLUTE)

    Execution Region ER$$.ARM.__AT_0x68000000 (Base: 0x68000000, Size: 0x000f0000, Max: 0x000f0000, ABSOLUTE, UNINIT)

    Base Addr    Size         Type   Attr      Idx    E Section Name        Object

    0x68000000   0x000f0000   Zero   RW         5146    .ARM.__AT_0x68000000  malloc.o



  Load Region LR$$.ARM.__AT_0x680F0000 (Base: 0x680f0000, Size: 0x00000000, Max: 0x0000f000, ABSOLUTE)

    Execution Region ER$$.ARM.__AT_0x680F0000 (Base: 0x680f0000, Size: 0x0000f000, Max: 0x0000f000, ABSOLUTE, UNINIT)

    Base Addr    Size         Type   Attr      Idx    E Section Name        Object

    0x680f0000   0x0000f000   Zero   RW         5147    .ARM.__AT_0x680F0000  malloc.o


==============================================================================

Image component sizes


      Code (inc. data)   RO Data    RW Data    ZI Data      Debug   Object Name

       708         32          0          0          0       3838   ad7606.o
       180         18     175304          0          0       2319   cc936.o
       268         16          0          4          0       2639   delay.o
       354         10          0          0          0       7399   diskio.o
      6098         66         58          2         12      38652   ff.o
       736        122          0         70        170       4534   main.o
       504         60         36         36    1218560       7134   malloc.o
       180         24          0          0          0      17493   misc.o
        64          0          0          0          0        915   mti.o
       280         18          0          0          0       2051   peripherals.o
       392         20          0          0          0       1582   printf.o
      7506        408          0         16        704      35741   sdio_sdcard.o
        36          8        392          0       1024        964   startup_stm32f4xx.o
         0          0          0          0          0     207608   stm324xg_eval.o
        70          0          0          0          0      17572   stm32f4xx_adc.o
       648         58          0          0          0      19470   stm32f4xx_dma.o
       258          0          0          0          0      11485   stm32f4xx_gpio.o
       668        222          0          8         20     289436   stm32f4xx_it.o
       360         42          0         16          0      18896   stm32f4xx_rcc.o
       208         38          0          0          0      16153   stm32f4xx_sdio.o
       112          0          0          0          0      12510   stm32f4xx_spi.o
       214         28          0          0          0      24378   stm32f4xx_tim.o
       506          8          0          0          0      14686   stm32f4xx_usart.o
       340         32          0          0          0       1709   system_stm32f4xx.o

    ----------------------------------------------------------------------
     20720       1230     175824        152    1220516     759164   Object Totals
         0          0         32          0          0          0   (incl. Generated)
        30          0          2          0         26          0   (incl. Padding)

    ----------------------------------------------------------------------

      Code (inc. data)   RO Data    RW Data    ZI Data      Debug   Library Member Name

         0          0          0          0          0          0   entry.o
         0          0          0          0          0          0   entry10a.o
         0          0          0          0          0          0   entry11a.o
         8          4          0          0          0          0   entry2.o
         4          0          0          0          0          0   entry5.o
         0          0          0          0          0          0   entry7b.o
         0          0          0          0          0          0   entry8b.o
         8          4          0          0          0          0   entry9a.o
        30          0          0          0          0          0   handlers.o
        36          8          0          0          0         68   init.o
        90          0          0          0          0         84   ldiv.o
        30          0          0          0          0         68   llshl.o
        32          0          0          0          0         68   llushr.o
        36          0          0          0          0         68   memcpya.o
       422         20          0          0          0        336   printf1.o
         0          0          0          4          0          0   stdout.o
        44          0          0          0          0         80   uidiv.o
        98          0          0          0          0         92   uldiv.o

    ----------------------------------------------------------------------
       844         36          0          4          0        864   Library Totals
         6          0          0          0          0          0   (incl. Padding)

    ----------------------------------------------------------------------

      Code (inc. data)   RO Data    RW Data    ZI Data      Debug   Library Name

       838         36          0          4          0        864   mc_w.l

    ----------------------------------------------------------------------
       844         36          0          4          0        864   Library Totals

    ----------------------------------------------------------------------

==============================================================================


      Code (inc. data)   RO Data    RW Data    ZI Data      Debug   

     21564       1266     175824        156    1220516     743816   Grand Totals
     21564       1266     175824        156    1220516     743816   ELF Image Totals
     21564       1266     175824        156          0          0   ROM Totals

==============================================================================

    Total RO  Size (Code + RO Data)               197388 ( 192.76kB)
    Total RW  Size (RW Data + ZI Data)           1220672 (1192.06kB)
    Total ROM Size (Code + RO Data + RW Data)     197544 ( 192.91kB)

==============================================================================

